Archive member included because of file (symbol)

components/Libraries/external/AML/\libAML.a(AIR_MOTION_Lib.o)
                              /cygdrive/c/Airoha/AiroBlueSDK/AB1600_1_0_5_0/projects/Remote/output/remote_mouse.o (AIR_MOTION_ResetSwipeRecognition)
components/Libraries/external/AML/\libAML.a(RollCompFullDynamic3D.o)
                              components/Libraries/external/AML/\libAML.a(AIR_MOTION_Lib.o) (StabilityModule)
components/Libraries/external/algo/\libalg.a(ab_adc.o)
                              /cygdrive/c/Airoha/AiroBlueSDK/AB1600_1_0_5_0/projects/Remote/output/remote.o (AB_ADC_Get_Voltage)
components/Libraries/external/algo/\libalg.a(ab_clk.o)
                              /cygdrive/c/Airoha/AiroBlueSDK/AB1600_1_0_5_0/projects/Remote/output/remote.o (AB_CLK_Switch)
components/Libraries/external/algo/\libalg.a(ab_assert.o)
                              /cygdrive/c/Airoha/AiroBlueSDK/AB1600_1_0_5_0/projects/Remote/output/pj/components/Libraries/hci_devices/hci_spi_1602.o (assert_ab_callback_verbose)
components/Libraries/external/algo/\libalg.a(ab_flash.o)
                              /cygdrive/c/Airoha/AiroBlueSDK/AB1600_1_0_5_0/projects/Remote/output/remote_mouse.o (AB_Flash_ByteProgram)
components/Libraries/external/algo/\libalg.a(ab_led.o)
                              /cygdrive/c/Airoha/AiroBlueSDK/AB1600_1_0_5_0/projects/Remote/output/remote_led.o (AB_LED_set_brightness)
components/Libraries/external/algo/\libalg.a(ab_malloc_hook.o)
                              /cygdrive/c/Airoha/AiroBlueSDK/AB1600_1_0_5_0/projects/Remote/output/pj/components/Libraries/hci_devices/hci_spi_1602.o (free)
components/Libraries/external/algo/\libalg.a(ab_printf_hook.o)
                              /cygdrive/c/Airoha/AiroBlueSDK/AB1600_1_0_5_0/projects/Remote/output/main.o (printf)
components/Libraries/external/algo/\libalg.a(ab_pwr.o)
                              /cygdrive/c/Airoha/AiroBlueSDK/AB1600_1_0_5_0/projects/Remote/output/remote_microphone.o (AB_PWR_Stanby)
components/Libraries/external/algo/\libalg.a(ab_queue.o)
                              /cygdrive/c/Airoha/AiroBlueSDK/AB1600_1_0_5_0/projects/Remote/output/pj/components/Libraries/hci_devices/hci_spi_1602.o (AB_queue_push)
components/Libraries/external/algo/\libalg.a(ab_mp_sector.o)
                              /cygdrive/c/Airoha/AiroBlueSDK/AB1600_1_0_5_0/projects/Remote/output/remote.o (AB_SECTOR_GetMpParameter)
components/Libraries/external/algo/\libalg.a(ab_spi.o)
                              /cygdrive/c/Airoha/AiroBlueSDK/AB1600_1_0_5_0/projects/Remote/output/pj/components/Libraries/hci_devices/hci_spi_1602.o (AB_SPI_WriteAndRead)
components/Libraries/external/algo/\libalg.a(bsp_generic.o)
                              /cygdrive/c/Airoha/AiroBlueSDK/AB1600_1_0_5_0/projects/Remote/output/main.o (AB_BSP_initEx)
components/Libraries/external/algo/\libalg.a(ab_timer.o)
                              /cygdrive/c/Airoha/AiroBlueSDK/AB1600_1_0_5_0/projects/Remote/output/remote.o (AB_Timer_AlertUnset)
components/Libraries/external/algo/\libalg.a(ab_uart.o)
                              /cygdrive/c/Airoha/AiroBlueSDK/AB1600_1_0_5_0/projects/Remote/output/remote_microphone.o (AB_UART_SetBaud)
components/Libraries/external/algo/\libalg.a(ab_airoha_vcmd.o)
                              components/Libraries/external/algo/\libalg.a(bsp_generic.o) (ab_airoha_vcmd_Bdie_reset_enable)
components/Libraries/external/algo/\libalg.a(drv_adc.o)
                              components/Libraries/external/algo/\libalg.a(ab_adc.o) (DRV_ADC_Read)
components/Libraries/external/algo/\libalg.a(drv_clk.o)
                              components/Libraries/external/algo/\libalg.a(ab_clk.o) (DRV_CLK_SysSel)
components/Libraries/external/algo/\libalg.a(drv_flash.o)
                              components/Libraries/external/algo/\libalg.a(ab_flash.o) (DRV_Flash_ByteProgram)
components/Libraries/external/algo/\libalg.a(drv_gpio.o)
                              /cygdrive/c/Airoha/AiroBlueSDK/AB1600_1_0_5_0/projects/Remote/output/remote_mouse.o (DRV_Gpio_IntDis)
components/Libraries/external/algo/\libalg.a(drv_odgpio.o)
                              /cygdrive/c/Airoha/AiroBlueSDK/AB1600_1_0_5_0/projects/Remote/output/remote_led.o (DRV_OdGpio_IeSet)
components/Libraries/external/algo/\libalg.a(drv_keyscan.o)
                              /cygdrive/c/Airoha/AiroBlueSDK/AB1600_1_0_5_0/projects/Remote/output/remote.o (DRV_KeyScan_Dis)
components/Libraries/external/algo/\libalg.a(drv_led.o)
                              components/Libraries/external/algo/\libalg.a(ab_led.o) (DRV_Led_Set)
components/Libraries/external/algo/\libalg.a(drv_mic.o)
                              /cygdrive/c/Airoha/AiroBlueSDK/AB1600_1_0_5_0/projects/Remote/output/remote.o (DRV_Mic_Disable)
components/Libraries/external/algo/\libalg.a(drv_odpinmux.o)
                              components/Libraries/external/algo/\libalg.a(ab_led.o) (DRV_OdPinMux_SigSet)
[...]
Memory Configuration

Name             Origin             Length             Attributes
FLASH_DATA       0x00081000         0x0000f000         xr
FLASH_TEXT       0x00090000         0x00038000         xr
DRAM             0x00100000         0x00008000         !xr
*default*        0x00000000         0xffffffff

Linker script and memory map

LOAD /cygdrive/c/Airoha/AiroBlueSDK/AB1600_1_0_5_0/projects/Remote/output/pj/components/Device/AB1600/cfg_sector.o
LOAD /cygdrive/c/Airoha/AiroBlueSDK/AB1600_1_0_5_0/projects/Remote/output/pj/components/Libraries/hci_devices/hci_spi_1602.o
LOAD /cygdrive/c/Airoha/AiroBlueSDK/AB1600_1_0_5_0/projects/Remote/output/pj/components/BT/release/bt_patch/1602_patching.o
LOAD /cygdrive/c/Airoha/AiroBlueSDK/AB1600_1_0_5_0/projects/Remote/output/main.o
LOAD /cygdrive/c/Airoha/AiroBlueSDK/AB1600_1_0_5_0/projects/Remote/output/remote.o
LOAD /cygdrive/c/Airoha/AiroBlueSDK/AB1600_1_0_5_0/projects/Remote/output/remote_button.o
LOAD /cygdrive/c/Airoha/AiroBlueSDK/AB1600_1_0_5_0/projects/Remote/output/remote_mouse.o
LOAD /cygdrive/c/Airoha/AiroBlueSDK/AB1600_1_0_5_0/projects/Remote/output/remote_microphone.o
LOAD /cygdrive/c/Airoha/AiroBlueSDK/AB1600_1_0_5_0/projects/Remote/output/remote_gatt.o
LOAD /cygdrive/c/Airoha/AiroBlueSDK/AB1600_1_0_5_0/projects/Remote/output/remote_adv.o
LOAD /cygdrive/c/Airoha/AiroBlueSDK/AB1600_1_0_5_0/projects/Remote/output/remote_led.o
LOAD /cygdrive/c/Airoha/AiroBlueSDK/AB1600_1_0_5_0/projects/Remote/output/remote_gpio.o
LOAD /cygdrive/c/Airoha/AiroBlueSDK/AB1600_1_0_5_0/projects/Remote/output/remote_vcmd.o
LOAD /cygdrive/c/Airoha/AiroBlueSDK/AB1600_1_0_5_0/projects/Remote/output/spl/components/Libraries/external/ICM_20688_spi/mtd.o
LOAD /cygdrive/c/Airoha/AiroBlueSDK/AB1600_1_0_5_0/projects/Remote/output/spl/components/Libraries/external/ADPCM/g726_enc_32.o
LOAD /cygdrive/c/Airoha/AiroBlueSDK/AB1600_1_0_5_0/projects/Remote/output/spl/components/Libraries/external/ADPCM/g72x.o
LOAD /cygdrive/c/Airoha/AiroBlueSDK/AB1600_1_0_5_0/projects/Remote/output/spl/components/Libraries/external/ima_adpcm/ima_enc.o
LOAD components/BT/release/hci_protocol_1602.o
                0x000802a0                _ContextSwitch = 0x802a0
                0x00080060                VECTOR6 = 0x80060
                0x00210000                UART = 0x210000
                0x000807cc                CRC16_Generate = 0x807cc
                0x00201000                CMTFLASH = 0x201000
                0x00080476                AB_DFU_get_active_code_area = 0x80476
                0x00209000                FE25519 = 0x209000
                0x0021d000                ADC = 0x21d000
                0x00080800                CRC16_Generate_LongLenth = 0x80800
                0x00001000                __DFU_SECTOR_LEN = 0x1000
                0x00080240                VECTOR36 = 0x80240
                0x00080ba0                OS_Timer32B1_Init = 0x80ba0
                0x000801b0                VECTOR27 = 0x801b0
                0x00206000                WIRE3 = 0x206000
                0x000800f0                VECTOR15 = 0x800f0
                0x001000a8                AREA2_START = 0x1000a8
                0x00080888                OS_delay_us = 0x80888
                0x000800c0                VECTOR12 = 0x800c0
                0x00223000                TMR16B1 = 0x223000
                0x000801f0                VECTOR31 = 0x801f0
                0x00080160                VECTOR22 = 0x80160
                0x00211000                UART2 = 0x211000
                0x0020c000                SMARTCARD = 0x20c000
                0x00080040                VECTOR4 = 0x80040
                0x00226000                KEYSCAN = 0x226000
                0x0008032e                SysIntrHandlerCancel = 0x8032e
                0x00204000                IOMUX = 0x204000
                0x00080020                VECTOR2 = 0x80020
                0x00202000                SERIALFLASH = 0x202000
                0x000804bc                AB_DFU_check_status = 0x804bc
                0x00084000                DFU_active_area = 0x84000
                0x001000ac                AREA1_START = 0x1000ac
                0x001000b0                CRITICAL_DEPTH = 0x1000b0
                0x00080120                VECTOR18 = 0x80120
                0x0008030e                AB_SYS_WaitIClear = 0x8030e
                0x00221000                TMR32B1 = 0x221000
                0x0008095c                SYS_3WireWrite = 0x8095c
                0x0008052c                AB_SECTOR_GetCfgParameter = 0x8052c
                0x000801c0                VECTOR28 = 0x801c0
                0x00214000                I2C = 0x214000
                0x0021c000                AUDIO = 0x21c000
                0x00080220                VECTOR34 = 0x80220
                0x00080010                VECTOR1 = 0x80010
                0x000801e0                VECTOR30 = 0x801e0
                0x00080080                VECTOR8 = 0x80080
                0x00080190                VECTOR25 = 0x80190
                0x000808aa                OS_delay_ms = 0x808aa
                0x00080280                VECTOR40 = 0x80280
                0x00203000                CODEPATCH = 0x203000
                0x000800d0                VECTOR13 = 0x800d0
                0x00080070                VECTOR7 = 0x80070
                0x001000b4                SYS_CLOCK = 0x1000b4
                0x000800a0                VECTOR10 = 0x800a0
                0x000808b8                SYS_3WireRead = 0x808b8
                0x000809f6                SYS_3WireBitWrite = 0x809f6
                0x00080270                VECTOR39 = 0x80270
                0x00080140                VECTOR20 = 0x80140
                0x00080050                VECTOR5 = 0x80050
                0x00084000                __DFU_SECTOR_ADDR = 0x84000
                0x00080250                VECTOR37 = 0x80250
                0x000803fc                FlashSecretPattern = 0x803fc
                0x00205000                PMU = 0x205000
                0x00104000                _SDA_BASE_ = 0x104000
                0x00080aa2                OS_Timer32B1_Reset = 0x80aa2
                0x00080100                VECTOR16 = 0x80100
                0x00080b4e                OS_Timer32B1_Enable = 0x80b4e
                0x0008036a                SysIntrInitialise = 0x8036a
                0x00080384                SysIntrHandlerRegister = 0x80384
                0x00218000                SPI = 0x218000
                0x00107f00                __SYS_STACK_START = 0x107f00
                0x00219000                SPI2 = 0x219000
                0x00080a10                SYS_3WireBitErase = 0x80a10
                0x00220000                TMR32B0 = 0x220000
                0x00208000                SRP = 0x208000
                0x00080200                VECTOR32 = 0x80200
                0x0008055a                AB_Apply_CfgParameter = 0x8055a
                0x001000b8                gOSTimer32B1Prescale = 0x1000b8
                0x00080170                VECTOR23 = 0x80170
                0x00222000                TMR16B0 = 0x222000
                0x00080304                AB_SYS_SetWaitI = 0x80304
                0x00080130                VECTOR19 = 0x80130
                0x0008000c                VECTOR0_2 = 0x8000c
                0x00080afc                OS_Timer32B1_Disable = 0x80afc
                0x00080030                VECTOR3 = 0x80030
                0x00080090                VECTOR9 = 0x80090
                0x000801d0                VECTOR29 = 0x801d0
                0x000806ac                SysInit = 0x806ac
                0x00080230                VECTOR35 = 0x80230
                0x000801a0                VECTOR26 = 0x801a0
                0x001000bc                PSW_SAVE = 0x1000bc
                0x000800e0                VECTOR14 = 0x800e0
                0x00080008                VECTOR0_1 = 0x80008
                0x0008083a                DRV_MCU_ClearCache = 0x8083a
                0x00080440                AB_DFU_check_area_validity = 0x80440
                0x00225000                LED = 0x225000
                0x000800b0                VECTOR11 = 0x800b0
                0x0008053e                DefaultSystemHandler = 0x8053e
                0x001000c0                _memory_top_BOOT = 0x1000c0
                0x00080150                VECTOR21 = 0x80150
                0x00200000                MCU = 0x200000
                0x00080260                VECTOR38 = 0x80260
                0x00080000                VECTOR0 = 0x80000
                0x00080400                _start_up = 0x80400
                0x00080110                VECTOR17 = 0x80110
                0x00080a56                OS_Timer32B1_ReadTC = 0x80a56
                0x00080318                SysIntrHandler = 0x80318
                0x000803fc                _SECRET_PATTERN_ADDR = 0x803fc
                0x00080210                VECTOR33 = 0x80210
                0x00080180                VECTOR24 = 0x80180
                0x00224000                WDT = 0x224000
                0x00000000                __ROM_DATA_LMA = 0x0
                0x00000000                __ROM_DATA_VMA = 0x0
                0x00000000                __ROM_DATA_LEN = 0x0
                0x00000000                __ROM_BSS_START = 0x0
                0x00000000                __ROM_BSS_LEN = 0x0

.mp_sector      0x00081000     0x1000
 *(.mp_sector)
 .mp_sector     0x00081000     0x1000 /cygdrive/c/Airoha/AiroBlueSDK/AB1600_1_0_5_0/projects/Remote/output/pj/components/Device/AB1600/cfg_sector.o
                0x00081000                mp_sector

.cfg_sector     0x00082000     0x1000
 *(.cfg_sector)
 .cfg_sector    0x00082000     0x1000 /cygdrive/c/Airoha/AiroBlueSDK/AB1600_1_0_5_0/projects/Remote/output/pj/components/Device/AB1600/cfg_sector.o
                0x00082000                cfg_sector

.sm_sector      0x00083000     0x1000
 *(.sm_sector)
 .sm_sector     0x00083000     0x1000 components/BT/release/\libbtcore.a(sm_hal.o)
                0x00083000                sm_data

.dfu_sector     0x00084000     0x1000
 *(.dfu_sector)
 .dfu_sector    0x00084000     0x1000 components/Libraries/external/algo/\libalg.a(dfu.o)

.ap_sectors     0x00085000     0x1000
 *(.ap_sector)
 .ap_sector     0x00085000     0x1000 /cygdrive/c/Airoha/AiroBlueSDK/AB1600_1_0_5_0/projects/Remote/output/remote_mouse.o
                0x00085000                rc_mouse_data
                0x00081000                __FLASH_DATA_START = ADDR (.mp_sector)
                0x00081000                __MP_SECTOR_ADDR = ADDR (.mp_sector)
                0x00001000                __MP_SECTOR_LEN = SIZEOF (.mp_sector)
                0x00082000                __DIS_SECTOR_ADDR = ADDR (.cfg_sector)
                0x00001000                __DIS_SECTOR_LEN = SIZEOF (.cfg_sector)
                0x00083000                __SM_SECTOR_ADDR = ADDR (.sm_sector)
                0x00001000                __SM_SECTOR_LEN = SIZEOF (.sm_sector)
                0x00084000                __DFU_SECTOR_ADDR = ADDR (.dfu_sector)
                0x00001000                __DFU_SECTOR_LEN = SIZEOF (.dfu_sector)
                0x00085000                __AP_SECTOR_ADDR = ADDR (.ap_sectors)
                0x00001000                __AP_SECTOR_LEN = SIZEOF (.ap_sectors)
                0x00086000                __FLASH_DATA_END = (ADDR (.ap_sectors) + SIZEOF (.ap_sectors))

.run_time       0x00090000       0x30
 *(.dfu_mark)
 .dfu_mark      0x00090000       0x20 /cygdrive/c/Airoha/AiroBlueSDK/AB1600_1_0_5_0/projects/Remote/output/pj/components/Device/AB1600/cfg_sector.o
                0x00090000                tag
 *(.module_start)
 .module_start  0x00090020        0x4 components/Libraries/external/algo/\libalg.a(ab_module.o)
                0x00090020                head
 *(.module)
 .module        0x00090024        0x4 /cygdrive/c/Airoha/AiroBlueSDK/AB1600_1_0_5_0/projects/Remote/output/pj/components/Libraries/hci_devices/hci_spi_1602.o
                0x00090024                phci_builtin_ab1602
 .module        0x00090028        0x4 components/BT/release/hci_protocol_1602.o
                0x00090028                phci_h4_ab1602
 *(.module_end)
 .module_end    0x0009002c        0x4 components/Libraries/external/algo/\libalg.a(ab_module.o)
                0x0009002c                end

.text           0x00090030    0x165a4
 *(.text)
 .text          0x00090030      0x478 /cygdrive/c/Airoha/AiroBlueSDK/AB1600_1_0_5_0/projects/Remote/output/spl/components/Libraries/external/ICM_20688_spi/mtd.o
                0x0009003c                mtd_set_power
                0x000900b0                mtd_SensorOff
                0x000903fc                mtd_SensorOn
                0x00090080                mtd_RegWrite
                0x000900d8                mtd_IOinit
                0x00090138                mtd_is_interrupt_issued
                0x0009017c                mtd_exit_WOM_mode
                0x00090298                mtd_enter_WOM_mode
                0x00090048                mtd_RegRead
 .text          0x000904a8      0x320 /cygdrive/c/Airoha/AiroBlueSDK/AB1600_1_0_5_0/projects/Remote/output/spl/components/Libraries/external/ADPCM/g726_enc_32.o
                0x0009062c                adpcm_encode_proc
                0x00090684                adpcm_encode_proc_halfrate
                0x000904d8                g726_32_encoder
                0x000904a8                adpcm_encode_init
 .text          0x000907c8     0x14c0 /cygdrive/c/Airoha/AiroBlueSDK/AB1600_1_0_5_0/projects/Remote/output/spl/components/Libraries/external/ADPCM/g72x.o
                0x00090984                reconstruct
                0x00090828                step_size
                0x000907c8                g726_init_state
                0x000912c4                predictor_zero
                0x00091a1c                predictor_pole
                0x0009085c                quantize
                0x000909c0                update
 .text          0x00091c88      0x678 /cygdrive/c/Airoha/AiroBlueSDK/AB1600_1_0_5_0/projects/Remote/output/spl/components/Libraries/external/ima_adpcm/ima_enc.o
                0x00091fc8                ima_adpcm_encode_proc_halfrate
                0x00091c88                ima_adpcm_encode_init
                0x00091cac                ima_32_encoder
                0x00091da0                ima_adpcm_encode_proc
 .text          0x00092300      0xa00 components/Libraries/external/AML/\libAML.a(AIR_MOTION_Lib.o)
                0x0009258a                AIR_MOTION_ProcessDelta
                0x00092394                AIR_MOTION_ResetSwipeRecognition
                0x000923aa                AIR_MOTION_Init
 .text          0x00092d00      0x722 components/Libraries/external/AML/\libAML.a(RollCompFullDynamic3D.o)
                0x00092e78                ProcessRollCompensation
                0x00092d5e                StabilityModule
 .text          0x00093422      0x12c C:\Andestech\AndeSight211RDS\toolchains\nds32le-elf-mculib-v3m\nds32le-elf\libc\mculib\usr\lib\libm.a(lib_a-w_log10.o)
                0x00093422                __gf_dplog10
                0x00093422                log10
 .text          0x0009354e      0x208 C:\Andestech\AndeSight211RDS\toolchains\nds32le-elf-mculib-v3m\nds32le-elf\libc\mculib\usr\lib\libm.a(gf_dpexlog.o)
                0x0009354e                __gf_dpexlog
 .text          0x00093756       0x9e C:\Andestech\AndeSight211RDS\toolchains\nds32le-elf-mculib-v3m\nds32le-elf\libc\mculib\usr\lib\libm.a(gf_exadd.o)
                0x00093756                __gf_exadd
 .text          0x000937f4      0x1e2 C:\Andestech\AndeSight211RDS\toolchains\nds32le-elf-mculib-v3m\nds32le-elf\libc\mculib\usr\lib\libm.a(gf_exdiv.o)
                0x000937f4                __gf_exdiv
 .text          0x000939d6       0xca C:\Andestech\AndeSight211RDS\toolchains\nds32le-elf-mculib-v3m\nds32le-elf\libc\mculib\usr\lib\libm.a(gf_exmul.o)
                0x000939d6                __gf_exmul
 .text          0x00093aa0       0xe8 C:\Andestech\AndeSight211RDS\toolchains\nds32le-elf-mculib-v3m\nds32le-elf\libc\mculib\usr\lib\libm.a(gf_sigmax.o)
                0x00093aa0                __gf_sigmax
 *fill*         0x00093b88        0x0 00
 .text          0x00093b88       0x18 C:\Andestech\AndeSight211RDS\toolchains\nds32le-elf-mculib-v3m\nds32le-elf\libc\mculib\usr\lib\libc.a(lib_a-memcmp.o)
                0x00093b88                memcmp
 .text          0x00093ba0       0x14 C:\Andestech\AndeSight211RDS\toolchains\nds32le-elf-mculib-v3m\nds32le-elf\libc\mculib\usr\lib\libc.a(lib_a-memcpy.o)
                0x00093ba0                memcpy
 .text          0x00093bb4       0x2c C:\Andestech\AndeSight211RDS\toolchains\nds32le-elf-mculib-v3m\nds32le-elf\libc\mculib\usr\lib\libc.a(lib_a-memmove.o)
                0x00093bb4                memmove
 .text          0x00093be0       0x10 C:\Andestech\AndeSight211RDS\toolchains\nds32le-elf-mculib-v3m\nds32le-elf\libc\mculib\usr\lib\libc.a(lib_a-memset.o)
                0x00093be0                memset
 .text          0x00093bf0       0x50 C:\Andestech\AndeSight211RDS\toolchains\nds32le-elf-mculib-v3m\nds32le-elf\libc\mculib\usr\lib\libc.a(lib_a-strcmp.o)
                0x00093bf0                strcmp
 .text          0x00093c40       0x10 C:\Andestech\AndeSight211RDS\toolchains\nds32le-elf-mculib-v3m\nds32le-elf\libc\mculib\usr\lib\libc.a(lib_a-strcpy.o)
                0x00093c40                strcpy
 .text          0x00093c50        0xc C:\Andestech\AndeSight211RDS\toolchains\nds32le-elf-mculib-v3m\nds32le-elf\libc\mculib\usr\lib\libc.a(lib_a-strlen.o)
                0x00093c50                strlen
 .text          0x00093c5c       0x18 C:\Andestech\AndeSight211RDS\toolchains\nds32le-elf-mculib-v3m\nds32le-elf\libc\mculib\usr\lib\libc.a(lib_a-strncmp.o)
                0x00093c5c                strncmp
 .text          0x00093c74       0x62 C:\Andestech\AndeSight211RDS\toolchains\nds32le-elf-mculib-v3m\lib\gcc\nds32le-elf\4.4.4\mculib\libgcc.a(_sf_to_df.o)
                0x00093c74                __gf_fptodp
                0x00093c74                __extendsfdf2
                0x00093c74                __float32_to_float64
                0x00093c74                __aeabi_f2d
 .text          0x00093cd6      0x2b2 C:\Andestech\AndeSight211RDS\toolchains\nds32le-elf-mculib-v3m\lib\gcc\nds32le-elf\4.4.4\mculib\libgcc.a(_mul_df.o)
                0x00093cd6                __gf_dpmul
                0x00093cd6                __float64_mul
                0x00093cd6                __muldf3
 .text          0x00093f88       0xd6 C:\Andestech\AndeSight211RDS\toolchains\nds32le-elf-mculib-v3m\lib\gcc\nds32le-elf\4.4.4\mculib\libgcc.a(_compare_df.o)
                0x00093f88                __cmpdf2
                0x00093f88                __eqdf2
                0x00093f8c                __gtdf2
                0x00093f88                __ltdf2
                0x00093f88                __ledf2
                0x00093f88                __gf_dpcmp
                0x00093f88                __nedf2
                0x00093f8c                __gedf2
 .text          0x0009405e       0x5a C:\Andestech\AndeSight211RDS\toolchains\nds32le-elf-mculib-v3m\lib\gcc\nds32le-elf\4.4.4\mculib\libgcc.a(_fixunsdfsi.o)
                0x0009405e                __gf_dptoul
                0x0009405e                __fixunsdfsi
                0x0009405e                __aeabi_d2uiz
                0x0009405e                __float64_to_uint32
 *fill*         0x000940b8        0x0 00
 .text          0x000940b8       0x54 C:\Andestech\AndeSight211RDS\toolchains\nds32le-elf-mculib-v3m\lib\gcc\nds32le-elf\4.4.4\mculib\libgcc.a(_muldi3.o)
                0x000940b8                __muldi3
 .text          0x0009410c       0x2c C:\Andestech\AndeSight211RDS\toolchains\nds32le-elf-mculib-v3m\lib\gcc\nds32le-elf\4.4.4\mculib\libgcc.a(_lshrdi3.o)
                0x0009410c                __lshrdi3
 .text          0x00094138       0x2c C:\Andestech\AndeSight211RDS\toolchains\nds32le-elf-mculib-v3m\lib\gcc\nds32le-elf\4.4.4\mculib\libgcc.a(_ashldi3.o)
                0x00094138                __ashldi3
 .text          0x00094164      0x158 C:\Andestech\AndeSight211RDS\toolchains\nds32le-elf-mculib-v3m\lib\gcc\nds32le-elf\4.4.4\mculib\libgcc.a(_mul_sf.o)
                0x00094164                __gf_fpmul
                0x00094164                __float32_mul
                0x00094164                __mulsf3
 .text          0x000942bc      0x178 C:\Andestech\AndeSight211RDS\toolchains\nds32le-elf-mculib-v3m\lib\gcc\nds32le-elf\4.4.4\mculib\libgcc.a(_div_sf.o)
                0x000942bc                __divsf3
                0x000942bc                __float32_div
                0x000942bc                __gf_fpdiv
 .text          0x00094434       0x48 C:\Andestech\AndeSight211RDS\toolchains\nds32le-elf-mculib-v3m\lib\gcc\nds32le-elf\4.4.4\mculib\libgcc.a(_floatunsisf.o)
                0x00094434                __gf_ultofp
                0x00094434                __uint32_to_float32
                0x00094434                __aeabi_ui2f
                0x00094434                __floatunsisf
 .text          0x0009447c       0x4c C:\Andestech\AndeSight211RDS\toolchains\nds32le-elf-mculib-v3m\lib\gcc\nds32le-elf\4.4.4\mculib\libgcc.a(_floatunsidf.o)
                0x0009447c                __uint32_to_float64
                0x0009447c                __aeabi_ui2d
                0x0009447c                __floatunsidf
                0x0009447c                __gf_ultodp
 *(.text.*)
 .text.hci_spi1602_check_data
                0x000944c8       0x2c /cygdrive/c/Airoha/AiroBlueSDK/AB1600_1_0_5_0/projects/Remote/output/pj/components/Libraries/hci_devices/hci_spi_1602.o
 .text.hci_spi1602_read_data
                0x000944f4       0x46 /cygdrive/c/Airoha/AiroBlueSDK/AB1600_1_0_5_0/projects/Remote/output/pj/components/Libraries/hci_devices/hci_spi_1602.o
 .text.read_trxlen_compl_int
                0x0009453a       0xdc /cygdrive/c/Airoha/AiroBlueSDK/AB1600_1_0_5_0/projects/Remote/output/pj/components/Libraries/hci_devices/hci_spi_1602.o
 .text.send_tx_compl_int
                0x00094616        0xe /cygdrive/c/Airoha/AiroBlueSDK/AB1600_1_0_5_0/projects/Remote/output/pj/components/Libraries/hci_devices/hci_spi_1602.o
 .text.read_rx_compl_int
                0x00094624       0x2a /cygdrive/c/Airoha/AiroBlueSDK/AB1600_1_0_5_0/projects/Remote/output/pj/components/Libraries/hci_devices/hci_spi_1602.o
 .text.data_ready_int
                0x0009464e        0xe /cygdrive/c/Airoha/AiroBlueSDK/AB1600_1_0_5_0/projects/Remote/output/pj/components/Libraries/hci_devices/hci_spi_1602.o
 .text.hci_spi1602_send_data
                0x0009465c       0x90 /cygdrive/c/Airoha/AiroBlueSDK/AB1600_1_0_5_0/projects/Remote/output/pj/components/Libraries/hci_devices/hci_spi_1602.o
 .text.hci_spi1602_deinit
                0x000946ec       0x20 /cygdrive/c/Airoha/AiroBlueSDK/AB1600_1_0_5_0/projects/Remote/output/pj/components/Libraries/hci_devices/hci_spi_1602.o
 .text.hci_spi1602_init
                0x0009470c       0x58 /cygdrive/c/Airoha/AiroBlueSDK/AB1600_1_0_5_0/projects/Remote/output/pj/components/Libraries/hci_devices/hci_spi_1602.o
 .text.cpu_exception
                0x00094764       0x14 /cygdrive/c/Airoha/AiroBlueSDK/AB1600_1_0_5_0/projects/Remote/output/main.o
 .text.main     0x00094778       0xa4 /cygdrive/c/Airoha/AiroBlueSDK/AB1600_1_0_5_0/projects/Remote/output/main.o
                0x00094778                main
 .text._remote_enable_deep_sleep
                0x0009481c        0xa /cygdrive/c/Airoha/AiroBlueSDK/AB1600_1_0_5_0/projects/Remote/output/remote.o
                0x0009481c                _remote_enable_deep_sleep
 .text.remote_vbat_batlv_convert
                0x00094826       0x70 /cygdrive/c/Airoha/AiroBlueSDK/AB1600_1_0_5_0/projects/Remote/output/remote.o
                0x00094826                remote_vbat_batlv_convert
 .text.remote_mp_init
                0x00094896       0x14 /cygdrive/c/Airoha/AiroBlueSDK/AB1600_1_0_5_0/projects/Remote/output/remote.o
                0x00094896                remote_mp_init
 .text.remote_init_before_BT
                0x000948aa       0x12 /cygdrive/c/Airoha/AiroBlueSDK/AB1600_1_0_5_0/projects/Remote/output/remote.o
                0x000948aa                remote_init_before_BT
 .text.remote_io_init
                0x000948bc       0x12 /cygdrive/c/Airoha/AiroBlueSDK/AB1600_1_0_5_0/projects/Remote/output/remote.o
                0x000948bc                remote_io_init
 .text.remote_reset_deep_sleep_timer
                0x000948ce       0x1a /cygdrive/c/Airoha/AiroBlueSDK/AB1600_1_0_5_0/projects/Remote/output/remote.o
                0x000948ce                remote_reset_deep_sleep_timer
 .text.remote_timer_init
                0x000948e8       0x20 /cygdrive/c/Airoha/AiroBlueSDK/AB1600_1_0_5_0/projects/Remote/output/remote.o
                0x000948e8                remote_timer_init
 .text.remote_check_boot_reason
                0x00094908       0xac /cygdrive/c/Airoha/AiroBlueSDK/AB1600_1_0_5_0/projects/Remote/output/remote.o
                0x00094908                remote_check_boot_reason
 .text.remote_forbid_function_by_battery
                0x000949b4       0x56 /cygdrive/c/Airoha/AiroBlueSDK/AB1600_1_0_5_0/projects/Remote/output/remote.o
                0x000949b4                remote_forbid_function_by_battery
 .text._remote_check_battery_level
                0x00094a0a       0xe8 /cygdrive/c/Airoha/AiroBlueSDK/AB1600_1_0_5_0/projects/Remote/output/remote.o
                0x00094a0a                _remote_check_battery_level
 .text.remote_batlv_init
                0x00094af2        0xa /cygdrive/c/Airoha/AiroBlueSDK/AB1600_1_0_5_0/projects/Remote/output/remote.o
                0x00094af2                remote_batlv_init
 .text.remote_init
                0x00094afc       0x28 /cygdrive/c/Airoha/AiroBlueSDK/AB1600_1_0_5_0/projects/Remote/output/remote.o
                0x00094afc                remote_init
 .text._remote_sleep_routine
                0x00094b24       0x10 /cygdrive/c/Airoha/AiroBlueSDK/AB1600_1_0_5_0/projects/Remote/output/remote.o
                0x00094b24                _remote_sleep_routine
 .text._remote_deep_sleep_routine
                0x00094b34      0x112 /cygdrive/c/Airoha/AiroBlueSDK/AB1600_1_0_5_0/projects/Remote/output/remote.o
                0x00094b34                _remote_deep_sleep_routine
 .text._remote_soft_reset_routine
                0x00094c46       0x5e /cygdrive/c/Airoha/AiroBlueSDK/AB1600_1_0_5_0/projects/Remote/output/remote.o
                0x00094c46                _remote_soft_reset_routine
 .text.remote_check_power_flag
                0x00094ca4       0x22 /cygdrive/c/Airoha/AiroBlueSDK/AB1600_1_0_5_0/projects/Remote/output/remote.o
                0x00094ca4                remote_check_power_flag
 .text.remote_ble_set_pub_addr_cb
                0x00094cc6       0x48 /cygdrive/c/Airoha/AiroBlueSDK/AB1600_1_0_5_0/projects/Remote/output/remote.o
 .text.remote_update_connection_interval
                0x00094d0e       0x64 /cygdrive/c/Airoha/AiroBlueSDK/AB1600_1_0_5_0/projects/Remote/output/remote.o
 .text.remote_check_conn_param
                0x00094d72       0x66 /cygdrive/c/Airoha/AiroBlueSDK/AB1600_1_0_5_0/projects/Remote/output/remote.o
 .text.remote_ble_adv_scan_cb
                0x00094dd8       0x32 /cygdrive/c/Airoha/AiroBlueSDK/AB1600_1_0_5_0/projects/Remote/output/remote.o
                0x00094dd8                remote_ble_adv_scan_cb
 .text.remote_check_bt_bonding
                0x00094e0a       0x30 /cygdrive/c/Airoha/AiroBlueSDK/AB1600_1_0_5_0/projects/Remote/output/remote.o
                0x00094e0a                remote_check_bt_bonding
 .text.remote_BtActivated
                0x00094e3a       0x36 /cygdrive/c/Airoha/AiroBlueSDK/AB1600_1_0_5_0/projects/Remote/output/remote.o
                0x00094e3a                remote_BtActivated
 .text.remote_CheckBleState
                0x00094e70       0x1c /cygdrive/c/Airoha/AiroBlueSDK/AB1600_1_0_5_0/projects/Remote/output/remote.o
                0x00094e70                remote_CheckBleState
 .text.remote_mainloop
                0x00094e8c       0x2a /cygdrive/c/Airoha/AiroBlueSDK/AB1600_1_0_5_0/projects/Remote/output/remote.o
                0x00094e8c                remote_mainloop
 .text.remote_bt_evt_hdl
                0x00094eb6      0x406 /cygdrive/c/Airoha/AiroBlueSDK/AB1600_1_0_5_0/projects/Remote/output/remote.o
                0x00094eb6                remote_bt_evt_hdl
 .text.keyIntrHandler
                0x000952bc       0xf2 /cygdrive/c/Airoha/AiroBlueSDK/AB1600_1_0_5_0/projects/Remote/output/remote_button.o
                0x000952bc                keyIntrHandler
 .text.remote_button_drop_all
                0x000953ae       0x16 /cygdrive/c/Airoha/AiroBlueSDK/AB1600_1_0_5_0/projects/Remote/output/remote_button.o
                0x000953ae                remote_button_drop_all
 .text.remote_keyscan_column_interrupt_disable
                0x000953c4       0x2e /cygdrive/c/Airoha/AiroBlueSDK/AB1600_1_0_5_0/projects/Remote/output/remote_button.o
                0x000953c4                remote_keyscan_column_interrupt_disable
 .text.remote_keyscan_column_interrupt_enable
                0x000953f2       0x2e /cygdrive/c/Airoha/AiroBlueSDK/AB1600_1_0_5_0/projects/Remote/output/remote_button.o
                0x000953f2                remote_keyscan_column_interrupt_enable
 .text.remote_CheckComboKey
                0x00095420       0x6e /cygdrive/c/Airoha/AiroBlueSDK/AB1600_1_0_5_0/projects/Remote/output/remote_button.o
                0x00095420                remote_CheckComboKey
 .text.remote_mouse_combo3_cb
                0x0009548e       0x16 /cygdrive/c/Airoha/AiroBlueSDK/AB1600_1_0_5_0/projects/Remote/output/remote_button.o
                0x0009548e                remote_mouse_combo3_cb
 .text.remote_mouse_combo2_cb
                0x000954a4       0x1c /cygdrive/c/Airoha/AiroBlueSDK/AB1600_1_0_5_0/projects/Remote/output/remote_button.o
                0x000954a4                remote_mouse_combo2_cb
 .text.remote_num_key_pressed
                0x000954c0       0x28 /cygdrive/c/Airoha/AiroBlueSDK/AB1600_1_0_5_0/projects/Remote/output/remote_button.o
                0x000954c0                remote_num_key_pressed
 .text._remote_SendKey
                0x000954e8       0x2a /cygdrive/c/Airoha/AiroBlueSDK/AB1600_1_0_5_0/projects/Remote/output/remote_button.o
                0x000954e8                _remote_SendKey
 .text.remote_ok_key_pressed
                0x00095512       0x20 /cygdrive/c/Airoha/AiroBlueSDK/AB1600_1_0_5_0/projects/Remote/output/remote_button.o
                0x00095512                remote_ok_key_pressed
 .text.remote_menu_key_pressed
                0x00095532        0xc /cygdrive/c/Airoha/AiroBlueSDK/AB1600_1_0_5_0/projects/Remote/output/remote_button.o
                0x00095532                remote_menu_key_pressed
 .text._remote_ProcessSingleKey
                0x0009553e       0xa6 /cygdrive/c/Airoha/AiroBlueSDK/AB1600_1_0_5_0/projects/Remote/output/remote_button.o
                0x0009553e                _remote_ProcessSingleKey
 .text.remote_CheckSingleKey
                0x000955e4       0x74 /cygdrive/c/Airoha/AiroBlueSDK/AB1600_1_0_5_0/projects/Remote/output/remote_button.o
                0x000955e4                remote_CheckSingleKey
 .text.remote_powerkey_pressed
                0x00095658       0x3a /cygdrive/c/Airoha/AiroBlueSDK/AB1600_1_0_5_0/projects/Remote/output/remote_button.o
                0x00095658                remote_powerkey_pressed
 .text.remote_InitialCheckPowerKey
                0x00095692       0x1e /cygdrive/c/Airoha/AiroBlueSDK/AB1600_1_0_5_0/projects/Remote/output/remote_button.o
                0x00095692                remote_InitialCheckPowerKey
 .text.remote_button_init
                0x000956b0       0x90 /cygdrive/c/Airoha/AiroBlueSDK/AB1600_1_0_5_0/projects/Remote/output/remote_button.o
                0x000956b0                remote_button_init
 .text.remote_mouse_10ms_interrupt
                0x00095740        0xa /cygdrive/c/Airoha/AiroBlueSDK/AB1600_1_0_5_0/projects/Remote/output/remote_mouse.o
                0x00095740                remote_mouse_10ms_interrupt
 .text._remote_mouse_motion_data_bias
                0x0009574a       0x1a /cygdrive/c/Airoha/AiroBlueSDK/AB1600_1_0_5_0/projects/Remote/output/remote_mouse.o
                0x0009574a                _remote_mouse_motion_data_bias
 .text.remote_mouse_request_to_enable
                0x00095764        0xa /cygdrive/c/Airoha/AiroBlueSDK/AB1600_1_0_5_0/projects/Remote/output/remote_mouse.o
                0x00095764                remote_mouse_request_to_enable
 .text.remote_mouse_request_to_disable
                0x0009576e        0xa /cygdrive/c/Airoha/AiroBlueSDK/AB1600_1_0_5_0/projects/Remote/output/remote_mouse.o
                0x0009576e                remote_mouse_request_to_disable
 .text.remote_mouse_key_pressed
                0x00095778       0x1c /cygdrive/c/Airoha/AiroBlueSDK/AB1600_1_0_5_0/projects/Remote/output/remote_mouse.o
                0x00095778                remote_mouse_key_pressed
 .text.remote_mouse_sensor_disable
                0x00095794       0x36 /cygdrive/c/Airoha/AiroBlueSDK/AB1600_1_0_5_0/projects/Remote/output/remote_mouse.o
                0x00095794                remote_mouse_sensor_disable
 .text.remote_mouse_sensor_enable
                0x000957ca       0x18 /cygdrive/c/Airoha/AiroBlueSDK/AB1600_1_0_5_0/projects/Remote/output/remote_mouse.o
                0x000957ca                remote_mouse_sensor_enable
 .text.remote_check_mouse_continue
                0x000957e2       0x24 /cygdrive/c/Airoha/AiroBlueSDK/AB1600_1_0_5_0/projects/Remote/output/remote_mouse.o
                0x000957e2                remote_check_mouse_continue
 .text.remote_self_disable
                0x00095806       0x14 /cygdrive/c/Airoha/AiroBlueSDK/AB1600_1_0_5_0/projects/Remote/output/remote_mouse.o
                0x00095806                remote_self_disable
 .text._remote_g_sensor_interrupt
                0x0009581a       0x4c /cygdrive/c/Airoha/AiroBlueSDK/AB1600_1_0_5_0/projects/Remote/output/remote_mouse.o
                0x0009581a                _remote_g_sensor_interrupt
 .text._remote_mouse_process_motion_data
                0x00095866       0xb6 /cygdrive/c/Airoha/AiroBlueSDK/AB1600_1_0_5_0/projects/Remote/output/remote_mouse.o
 .text._remote_mouse_vcmd_calibration
                0x0009591c       0xec /cygdrive/c/Airoha/AiroBlueSDK/AB1600_1_0_5_0/projects/Remote/output/remote_mouse.o
                0x0009591c                _remote_mouse_vcmd_calibration
 .text._remote_reset_mouse_data_in_flash
                0x00095a08       0x3a /cygdrive/c/Airoha/AiroBlueSDK/AB1600_1_0_5_0/projects/Remote/output/remote_mouse.o
                0x00095a08                _remote_reset_mouse_data_in_flash
 .text._remote_save_mouse_data_to_flash
                0x00095a42      0x104 /cygdrive/c/Airoha/AiroBlueSDK/AB1600_1_0_5_0/projects/Remote/output/remote_mouse.o
                0x00095a42                _remote_save_mouse_data_to_flash
 .text._remote_mouse_calibration
                0x00095b46      0x110 /cygdrive/c/Airoha/AiroBlueSDK/AB1600_1_0_5_0/projects/Remote/output/remote_mouse.o
                0x00095b46                _remote_mouse_calibration
 .text.remote_mouse_calibration_key_pressed
                0x00095c56       0x48 /cygdrive/c/Airoha/AiroBlueSDK/AB1600_1_0_5_0/projects/Remote/output/remote_mouse.o
                0x00095c56                remote_mouse_calibration_key_pressed
 .text.remote_gesture_key_pressed
                0x00095c9e       0x14 /cygdrive/c/Airoha/AiroBlueSDK/AB1600_1_0_5_0/projects/Remote/output/remote_mouse.o
                0x00095c9e                remote_gesture_key_pressed
 .text.remote_check_motion
                0x00095cb2       0x9c /cygdrive/c/Airoha/AiroBlueSDK/AB1600_1_0_5_0/projects/Remote/output/remote_mouse.o
                0x00095cb2                remote_check_motion
 .text.remote_check_mouse_timer
                0x00095d4e      0x174 /cygdrive/c/Airoha/AiroBlueSDK/AB1600_1_0_5_0/projects/Remote/output/remote_mouse.o
                0x00095d4e                remote_check_mouse_timer
 .text.remote_check_mouse_state_change_request
                0x00095ec2      0x17e /cygdrive/c/Airoha/AiroBlueSDK/AB1600_1_0_5_0/projects/Remote/output/remote_mouse.o
                0x00095ec2                remote_check_mouse_state_change_request
 .text._remote_mouse_standby
                0x00096040       0x1e /cygdrive/c/Airoha/AiroBlueSDK/AB1600_1_0_5_0/projects/Remote/output/remote_mouse.o
 .text.remote_mouse_wake_on_motion_init
                0x0009605e       0x5c /cygdrive/c/Airoha/AiroBlueSDK/AB1600_1_0_5_0/projects/Remote/output/remote_mouse.o
                0x0009605e                remote_mouse_wake_on_motion_init
 .text._remote_mouse_init
                0x000960ba       0xf6 /cygdrive/c/Airoha/AiroBlueSDK/AB1600_1_0_5_0/projects/Remote/output/remote_mouse.o
 .text.mic_intrHandler
                0x000961b0       0x3c /cygdrive/c/Airoha/AiroBlueSDK/AB1600_1_0_5_0/projects/Remote/output/remote_microphone.o
                0x000961b0                mic_intrHandler
 .text._remote_mic_self_timeout
                0x000961ec        0xa /cygdrive/c/Airoha/AiroBlueSDK/AB1600_1_0_5_0/projects/Remote/output/remote_microphone.o
                0x000961ec                _remote_mic_self_timeout
 .text.remote_check_if_codec_supproted
                0x000961f6        0x6 /cygdrive/c/Airoha/AiroBlueSDK/AB1600_1_0_5_0/projects/Remote/output/remote_microphone.o
                0x000961f6                remote_check_if_codec_supproted
 .text.remote_mic_key_pressed
                0x000961fc       0x46 /cygdrive/c/Airoha/AiroBlueSDK/AB1600_1_0_5_0/projects/Remote/output/remote_microphone.o
                0x000961fc                remote_mic_key_pressed
 .text._remote_mic_deinit
                0x00096242       0x2a /cygdrive/c/Airoha/AiroBlueSDK/AB1600_1_0_5_0/projects/Remote/output/remote_microphone.o
                0x00096242                _remote_mic_deinit
 .text._remote_mic_init
                0x0009626c      0x13e /cygdrive/c/Airoha/AiroBlueSDK/AB1600_1_0_5_0/projects/Remote/output/remote_microphone.o
                0x0009626c                _remote_mic_init
 .text.remote_codecsel_cb
                0x000963aa       0xbc /cygdrive/c/Airoha/AiroBlueSDK/AB1600_1_0_5_0/projects/Remote/output/remote_microphone.o
                0x000963aa                remote_codecsel_cb
 .text._remote_voice_active_detection
                0x00096466       0xc2 /cygdrive/c/Airoha/AiroBlueSDK/AB1600_1_0_5_0/projects/Remote/output/remote_microphone.o
                0x00096466                _remote_voice_active_detection
 .text.remote_mic_local_disable
                0x00096528       0x9e /cygdrive/c/Airoha/AiroBlueSDK/AB1600_1_0_5_0/projects/Remote/output/remote_microphone.o
                0x00096528                remote_mic_local_disable
 .text._remote_mic_enabled
                0x000965c6      0x1a4 /cygdrive/c/Airoha/AiroBlueSDK/AB1600_1_0_5_0/projects/Remote/output/remote_microphone.o
                0x000965c6                _remote_mic_enabled
 .text._remote_mic_standBy
                0x0009676a      0x156 /cygdrive/c/Airoha/AiroBlueSDK/AB1600_1_0_5_0/projects/Remote/output/remote_microphone.o
                0x0009676a                _remote_mic_standBy
 .text.remote_send_hid_report
                0x000968c0       0x2c /cygdrive/c/Airoha/AiroBlueSDK/AB1600_1_0_5_0/projects/Remote/output/remote_gatt.o
                0x000968c0                remote_send_hid_report
 .text._remote_airoha_init
                0x000968ec      0x144 /cygdrive/c/Airoha/AiroBlueSDK/AB1600_1_0_5_0/projects/Remote/output/remote_gatt.o
                0x000968ec                _remote_airoha_init
 .text._remote_ota_init
                0x00096a30       0x16 /cygdrive/c/Airoha/AiroBlueSDK/AB1600_1_0_5_0/projects/Remote/output/remote_gatt.o
                0x00096a30                _remote_ota_init
 .text._remote_ota_cb
                0x00096a46       0x3a /cygdrive/c/Airoha/AiroBlueSDK/AB1600_1_0_5_0/projects/Remote/output/remote_gatt.o
                0x00096a46                _remote_ota_cb
 .text._remote_hid_init
                0x00096a80       0xcc /cygdrive/c/Airoha/AiroBlueSDK/AB1600_1_0_5_0/projects/Remote/output/remote_gatt.o
                0x00096a80                _remote_hid_init
 .text._remote_bas_init
                0x00096b4c        0xa /cygdrive/c/Airoha/AiroBlueSDK/AB1600_1_0_5_0/projects/Remote/output/remote_gatt.o
                0x00096b4c                _remote_bas_init
 .text._remote_dis_init
                0x00096b56       0x3e /cygdrive/c/Airoha/AiroBlueSDK/AB1600_1_0_5_0/projects/Remote/output/remote_gatt.o
                0x00096b56                _remote_dis_init
 .text._remote_gatt_init
                0x00096b94        0xa /cygdrive/c/Airoha/AiroBlueSDK/AB1600_1_0_5_0/projects/Remote/output/remote_gatt.o
                0x00096b94                _remote_gatt_init
 .text._remote_gap_init
                0x00096b9e       0x66 /cygdrive/c/Airoha/AiroBlueSDK/AB1600_1_0_5_0/projects/Remote/output/remote_gatt.o
                0x00096b9e                _remote_gap_init
 .text.remote_service_init
                0x00096c04       0x20 /cygdrive/c/Airoha/AiroBlueSDK/AB1600_1_0_5_0/projects/Remote/output/remote_gatt.o
                0x00096c04                remote_service_init
 .text._RC_recon_addr_cb
                0x00096c24       0x14 /cygdrive/c/Airoha/AiroBlueSDK/AB1600_1_0_5_0/projects/Remote/output/remote_gatt.o
                0x00096c24                _RC_recon_addr_cb
 .text._RC_device_name_cb
                0x00096c38       0x14 /cygdrive/c/Airoha/AiroBlueSDK/AB1600_1_0_5_0/projects/Remote/output/remote_gatt.o
                0x00096c38                _RC_device_name_cb
 .text.remote_set_adv_control_timer
                0x00096c4c       0x1c /cygdrive/c/Airoha/AiroBlueSDK/AB1600_1_0_5_0/projects/Remote/output/remote_adv.o
 .text.remote_ble_adv_enable_cb
                0x00096c68       0x26 /cygdrive/c/Airoha/AiroBlueSDK/AB1600_1_0_5_0/projects/Remote/output/remote_adv.o
 .text._remote_stop_woble_cb
                0x00096c8e       0x26 /cygdrive/c/Airoha/AiroBlueSDK/AB1600_1_0_5_0/projects/Remote/output/remote_adv.o
 .text.remote_ble_set_no_scan_adv_param_and_enable
                0x00096cb4       0x30 /cygdrive/c/Airoha/AiroBlueSDK/AB1600_1_0_5_0/projects/Remote/output/remote_adv.o
 .text.remote_ble_set_adv_param_and_enable
                0x00096ce4       0x30 /cygdrive/c/Airoha/AiroBlueSDK/AB1600_1_0_5_0/projects/Remote/output/remote_adv.o
 .text._remote_switch_to_woble_state_cb
                0x00096d14       0x16 /cygdrive/c/Airoha/AiroBlueSDK/AB1600_1_0_5_0/projects/Remote/output/remote_adv.o
 .text.remote_bonded_undir_adv
                0x00096d2a       0x5a /cygdrive/c/Airoha/AiroBlueSDK/AB1600_1_0_5_0/projects/Remote/output/remote_adv.o
                0x00096d2a                remote_bonded_undir_adv
 .text.remote_normal_undir_adv
                0x00096d84       0x5a /cygdrive/c/Airoha/AiroBlueSDK/AB1600_1_0_5_0/projects/Remote/output/remote_adv.o
                0x00096d84                remote_normal_undir_adv
 .text.remote_wake_up_over_ble_adv
                0x00096dde       0x6e /cygdrive/c/Airoha/AiroBlueSDK/AB1600_1_0_5_0/projects/Remote/output/remote_adv.o
                0x00096dde                remote_wake_up_over_ble_adv
 .text._remote_normal_undir_adv_TO
                0x00096e4c       0x30 /cygdrive/c/Airoha/AiroBlueSDK/AB1600_1_0_5_0/projects/Remote/output/remote_adv.o
                0x00096e4c                _remote_normal_undir_adv_TO
 .text.remote_switch_to_woble_adv
                0x00096e7c       0x1c /cygdrive/c/Airoha/AiroBlueSDK/AB1600_1_0_5_0/projects/Remote/output/remote_adv.o
                0x00096e7c                remote_switch_to_woble_adv
 .text._remote_woble_TO
                0x00096e98       0x36 /cygdrive/c/Airoha/AiroBlueSDK/AB1600_1_0_5_0/projects/Remote/output/remote_adv.o
                0x00096e98                _remote_woble_TO
 .text._remote_bonded_undir_adv_TO
                0x00096ece       0x34 /cygdrive/c/Airoha/AiroBlueSDK/AB1600_1_0_5_0/projects/Remote/output/remote_adv.o
                0x00096ece                _remote_bonded_undir_adv_TO
 .text.remote_led_rc_function_state_clear
                0x00096f02       0x14 /cygdrive/c/Airoha/AiroBlueSDK/AB1600_1_0_5_0/projects/Remote/output/remote_led.o
                0x00096f02                remote_led_rc_function_state_clear
 .text.remote_led_change_brightness_by_bat_lvl
                0x00096f16       0x48 /cygdrive/c/Airoha/AiroBlueSDK/AB1600_1_0_5_0/projects/Remote/output/remote_led.o
                0x00096f16                remote_led_change_brightness_by_bat_lvl
 .text.remote_led_advertising
                0x00096f5e       0x42 /cygdrive/c/Airoha/AiroBlueSDK/AB1600_1_0_5_0/projects/Remote/output/remote_led.o
                0x00096f5e                remote_led_advertising
 .text.remote_led_state_change
                0x00096fa0       0xbe /cygdrive/c/Airoha/AiroBlueSDK/AB1600_1_0_5_0/projects/Remote/output/remote_led.o
                0x00096fa0                remote_led_state_change
 .text.remote_led_rc_function_disable
                0x0009705e       0x18 /cygdrive/c/Airoha/AiroBlueSDK/AB1600_1_0_5_0/projects/Remote/output/remote_led.o
                0x0009705e                remote_led_rc_function_disable
 .text.remote_led_rc_function_enable
                0x00097076       0x18 /cygdrive/c/Airoha/AiroBlueSDK/AB1600_1_0_5_0/projects/Remote/output/remote_led.o
                0x00097076                remote_led_rc_function_enable
 .text.remote_led_deinit
                0x0009708e       0x16 /cygdrive/c/Airoha/AiroBlueSDK/AB1600_1_0_5_0/projects/Remote/output/remote_led.o
                0x0009708e                remote_led_deinit
 .text.remote_led_init
                0x000970a4       0x64 /cygdrive/c/Airoha/AiroBlueSDK/AB1600_1_0_5_0/projects/Remote/output/remote_led.o
                0x000970a4                remote_led_init
 .text.remote_mouse_vcmd_calibrate_isr
                0x00097108        0xe /cygdrive/c/Airoha/AiroBlueSDK/AB1600_1_0_5_0/projects/Remote/output/remote_vcmd.o
                0x00097108                remote_mouse_vcmd_calibrate_isr
 .text.REMOTE_vcmd_response
                0x00097116       0x50 /cygdrive/c/Airoha/AiroBlueSDK/AB1600_1_0_5_0/projects/Remote/output/remote_vcmd.o
                0x00097116                REMOTE_vcmd_response
 .text.REMOTE_vcmd_handle
                0x00097166       0x66 /cygdrive/c/Airoha/AiroBlueSDK/AB1600_1_0_5_0/projects/Remote/output/remote_vcmd.o
                0x00097166                REMOTE_vcmd_handle
 .text.remote_mouse_vcmd_calibrate_in_loop
                0x000971cc       0x3a /cygdrive/c/Airoha/AiroBlueSDK/AB1600_1_0_5_0/projects/Remote/output/remote_vcmd.o
                0x000971cc                remote_mouse_vcmd_calibrate_in_loop
 .text.chip_1602_is_vcmd_complete_event
                0x00097206       0x50 components/BT/release/hci_protocol_1602.o
 .text.chip_1602_is_boot_complete_event
                0x00097256       0x76 components/BT/release/hci_protocol_1602.o
 .text.chip_1602_init
                0x000972cc       0x32 components/BT/release/hci_protocol_1602.o
 .text.hci_1602_lens_ind_cb
                0x000972fe       0x16 components/BT/release/hci_protocol_1602.o
 .text.chip_1602_send_acl_data
                0x00097314       0xbc components/BT/release/hci_protocol_1602.o
 .text.make_command_complete_ex
                0x000973d0       0x74 components/BT/release/hci_protocol_1602.o
 .text.make_command_complete
                0x00097444       0x10 components/BT/release/hci_protocol_1602.o
 .text.chip_1602_check_chip_cmd_permission
                0x00097454       0x36 components/BT/release/hci_protocol_1602.o
                0x00097454                chip_1602_check_chip_cmd_permission
 .text.chip_1602_send_hci_command
                0x0009748a      0x18e components/BT/release/hci_protocol_1602.o
 .text.chip_1602_init_adopt_mp
                0x00097618      0x150 components/BT/release/hci_protocol_1602.o
 .text.chip_1602_init_config
                0x00097768      0x17e components/BT/release/hci_protocol_1602.o
 .text.chip_1602_init_sw_reset
                0x000978e6       0xca components/BT/release/hci_protocol_1602.o
 .text.chip_1602_init_patching
                0x000979b0      0x216 components/BT/release/hci_protocol_1602.o
 .text.hci_rx_recv
                0x00097bc6      0x1be components/BT/release/hci_protocol_1602.o
 .text.hci_1602_read_cfm_cb
                0x00097d84       0x4e components/BT/release/hci_protocol_1602.o
 .text.AB_ADC_Init
                0x00097dd2       0x6a components/Libraries/external/algo/\libalg.a(ab_adc.o)
                0x00097dd2                AB_ADC_Init
 .text.AB_ADC_Get_Voltage
                0x00097e3c       0x2a components/Libraries/external/algo/\libalg.a(ab_adc.o)
                0x00097e3c                AB_ADC_Get_Voltage
 .text.AB_CLK_Switch
                0x00097e66       0xec components/Libraries/external/algo/\libalg.a(ab_clk.o)
                0x00097e66                AB_CLK_Switch
 .text.assert_ab_callback_verbose
                0x00097f52       0x20 components/Libraries/external/algo/\libalg.a(ab_assert.o)
                0x00097f52                assert_ab_callback_verbose
 .text.assert_ab_callback
                0x00097f72       0x1e components/Libraries/external/algo/\libalg.a(ab_assert.o)
                0x00097f72                assert_ab_callback
 .text.AB_Flash_ByteProgram
                0x00097f90       0x2c components/Libraries/external/algo/\libalg.a(ab_flash.o)
                0x00097f90                AB_Flash_ByteProgram
 .text.AB_Flash_SectorErase
                0x00097fbc       0x26 components/Libraries/external/algo/\libalg.a(ab_flash.o)
                0x00097fbc                AB_Flash_SectorErase
 .text.AB_LED_set_brightness
                0x00097fe2        0xc components/Libraries/external/algo/\libalg.a(ab_led.o)
                0x00097fe2                AB_LED_set_brightness
 .text.AB_LED_stop
                0x00097fee        0x8 components/Libraries/external/algo/\libalg.a(ab_led.o)
                0x00097fee                AB_LED_stop
 .text.AB_LED_set_rawdata
                0x00097ff6       0xb0 components/Libraries/external/algo/\libalg.a(ab_led.o)
                0x00097ff6                AB_LED_set_rawdata
 .text.AB_LED_set_breath
                0x000980a6       0x2a components/Libraries/external/algo/\libalg.a(ab_led.o)
                0x000980a6                AB_LED_set_breath
 .text.AB_LED_set_blink
                0x000980d0       0x30 components/Libraries/external/algo/\libalg.a(ab_led.o)
                0x000980d0                AB_LED_set_blink
 .text.AB_LED_set_on
                0x00098100       0x1e components/Libraries/external/algo/\libalg.a(ab_led.o)
                0x00098100                AB_LED_set_on
 .text.AB_LED_start
                0x0009811e       0x12 components/Libraries/external/algo/\libalg.a(ab_led.o)
                0x0009811e                AB_LED_start
 .text.AB_LED_deinit
                0x00098130       0x12 components/Libraries/external/algo/\libalg.a(ab_led.o)
                0x00098130                AB_LED_deinit
 .text.AB_LED_init
                0x00098142       0x38 components/Libraries/external/algo/\libalg.a(ab_led.o)
                0x00098142                AB_LED_init
 .text._sbrk    0x0009817a       0x22 components/Libraries/external/algo/\libalg.a(ab_malloc_hook.o)
                0x0009817a                _sbrk
 .text.free     0x0009819c       0x5a components/Libraries/external/algo/\libalg.a(ab_malloc_hook.o)
                0x0009819c                free
 .text.ab_malloc_info_printf
                0x000981f6       0x98 components/Libraries/external/algo/\libalg.a(ab_malloc_hook.o)
                0x000981f6                ab_malloc_info_printf
 .text.malloc   0x0009828e       0x78 components/Libraries/external/algo/\libalg.a(ab_malloc_hook.o)
                0x0009828e                malloc
 .text.Ab_printf_init
                0x00098306        0x8 components/Libraries/external/algo/\libalg.a(ab_printf_hook.o)
                0x00098306                Ab_printf_init
 .text.printf   0x0009830e       0x68 components/Libraries/external/algo/\libalg.a(ab_printf_hook.o)
                0x0009830e                printf
 .text.nds_write
                0x00098376       0x18 components/Libraries/external/algo/\libalg.a(ab_printf_hook.o)
                0x00098376                nds_write
 .text.Ab_printf_blocking
                0x0009838e       0x92 components/Libraries/external/algo/\libalg.a(ab_printf_hook.o)
                0x0009838e                Ab_printf_blocking
 .text.putchar  0x00098420       0x1e components/Libraries/external/algo/\libalg.a(ab_printf_hook.o)
                0x00098420                putchar
 .text.AB_PWR_GetWakeLock
                0x0009843e       0x28 components/Libraries/external/algo/\libalg.a(ab_pwr.o)
                0x0009843e                AB_PWR_GetWakeLock
 .text.AB_PWR_WakeLocked
                0x00098466       0x12 components/Libraries/external/algo/\libalg.a(ab_pwr.o)
                0x00098466                AB_PWR_WakeLocked
 .text.AB_PWR_WakeUnlocked
                0x00098478       0x14 components/Libraries/external/algo/\libalg.a(ab_pwr.o)
                0x00098478                AB_PWR_WakeUnlocked
 .text.AB_PWR_ReturnWakeLock
                0x0009848c       0x16 components/Libraries/external/algo/\libalg.a(ab_pwr.o)
                0x0009848c                AB_PWR_ReturnWakeLock
 .text.AB_PWR_Stanby
                0x000984a2        0x8 components/Libraries/external/algo/\libalg.a(ab_pwr.o)
                0x000984a2                AB_PWR_Stanby
 .text.AB_PWR_Rst
                0x000984aa        0xa components/Libraries/external/algo/\libalg.a(ab_pwr.o)
                0x000984aa                AB_PWR_Rst
 .text.AB_PWR_Sleep
                0x000984b4       0x78 components/Libraries/external/algo/\libalg.a(ab_pwr.o)
                0x000984b4                AB_PWR_Sleep
 .text.AB_queue_push
                0x0009852c       0x34 components/Libraries/external/algo/\libalg.a(ab_queue.o)
                0x0009852c                AB_queue_push
 .text.AB_queue_push_front
                0x00098560       0x34 components/Libraries/external/algo/\libalg.a(ab_queue.o)
                0x00098560                AB_queue_push_front
 .text.AB_queue_pop
                0x00098594       0x1a components/Libraries/external/algo/\libalg.a(ab_queue.o)
                0x00098594                AB_queue_pop
 .text.AB_queue_count
                0x000985ae       0x18 components/Libraries/external/algo/\libalg.a(ab_queue.o)
                0x000985ae                AB_queue_count
 .text.AB_queue_entry_free
                0x000985c6       0x1a components/Libraries/external/algo/\libalg.a(ab_queue.o)
                0x000985c6                AB_queue_entry_free
 .text.AB_queue_free
                0x000985e0       0x1a components/Libraries/external/algo/\libalg.a(ab_queue.o)
                0x000985e0                AB_queue_free
 .text.AB_queue_entry_alloc
                0x000985fa       0x18 components/Libraries/external/algo/\libalg.a(ab_queue.o)
                0x000985fa                AB_queue_entry_alloc
 .text.AB_queue_alloc
                0x00098612       0x1e components/Libraries/external/algo/\libalg.a(ab_queue.o)
                0x00098612                AB_queue_alloc
 .text.AB_SECTOR_GetMpParameter
                0x00098630      0x158 components/Libraries/external/algo/\libalg.a(ab_mp_sector.o)
                0x00098630                AB_SECTOR_GetMpParameter
 .text.alloc_spi_tran_entry
                0x00098788       0x52 components/Libraries/external/algo/\libalg.a(ab_spi.o)
 .text.AB_SPI_WriteAndRead
                0x000987da       0x5e components/Libraries/external/algo/\libalg.a(ab_spi.o)
                0x000987da                AB_SPI_WriteAndRead
 .text.AB_SPI_WriteThenRead
                0x00098838       0x6a components/Libraries/external/algo/\libalg.a(ab_spi.o)
                0x00098838                AB_SPI_WriteThenRead
 .text.AB_SPI_Close
                0x000988a2       0x2c components/Libraries/external/algo/\libalg.a(ab_spi.o)
                0x000988a2                AB_SPI_Close
 .text.AB_SPI_Open
                0x000988ce       0x5a components/Libraries/external/algo/\libalg.a(ab_spi.o)
                0x000988ce                AB_SPI_Open
 .text.Spi_drv_complete_cb
                0x00098928       0x62 components/Libraries/external/algo/\libalg.a(ab_spi.o)
 .text.AB_BSP_initEx
                0x0009898a      0x1e0 components/Libraries/external/algo/\libalg.a(bsp_generic.o)
                0x0009898a                AB_BSP_initEx
 .text.uart1_rx_ind
                0x00098b6a       0x50 components/Libraries/external/algo/\libalg.a(bsp_generic.o)
 .text.uart2_rx_ind
                0x00098bba       0x58 components/Libraries/external/algo/\libalg.a(bsp_generic.o)
 .text.bsp_mp_uart_tx
                0x00098c12       0x12 components/Libraries/external/algo/\libalg.a(bsp_generic.o)
 .text.bsp_console_uart_tx
                0x00098c24       0x12 components/Libraries/external/algo/\libalg.a(bsp_generic.o)
 .text.bsp_bt_event_hanlder
                0x00098c36       0x3e components/Libraries/external/algo/\libalg.a(bsp_generic.o)
 .text.timer32_cb
                0x00098c74       0xf6 components/Libraries/external/algo/\libalg.a(ab_timer.o)
 .text.AB_Timer_AlertUnset
                0x00098d6a       0xb2 components/Libraries/external/algo/\libalg.a(ab_timer.o)
                0x00098d6a                AB_Timer_AlertUnset
 .text.AB_Timer_AlertSet
                0x00098e1c      0x106 components/Libraries/external/algo/\libalg.a(ab_timer.o)
                0x00098e1c                AB_Timer_AlertSet
 .text.AB_Timer_Disable
                0x00098f22       0x58 components/Libraries/external/algo/\libalg.a(ab_timer.o)
                0x00098f22                AB_Timer_Disable
 .text.AB_Timer_Enable_Ext
                0x00098f7a       0x1e components/Libraries/external/algo/\libalg.a(ab_timer.o)
                0x00098f7a                AB_Timer_Enable_Ext
 .text.AB_UART_SetBaud
                0x00098f98        0x8 components/Libraries/external/algo/\libalg.a(ab_uart.o)
                0x00098f98                AB_UART_SetBaud
 .text.AB_UART_Read
                0x00098fa0       0x38 components/Libraries/external/algo/\libalg.a(ab_uart.o)
                0x00098fa0                AB_UART_Read
 .text.AB_UART_Write
                0x00098fd8       0x62 components/Libraries/external/algo/\libalg.a(ab_uart.o)
                0x00098fd8                AB_UART_Write
 .text.AB_UART_Close
                0x0009903a       0x1c components/Libraries/external/algo/\libalg.a(ab_uart.o)
                0x0009903a                AB_UART_Close
 .text.AB_UART_Flush
                0x00099056        0xe components/Libraries/external/algo/\libalg.a(ab_uart.o)
                0x00099056                AB_UART_Flush
 .text.AB_UART_Open
                0x00099064       0x86 components/Libraries/external/algo/\libalg.a(ab_uart.o)
                0x00099064                AB_UART_Open
 .text.driver_tx_complete
                0x000990ea       0x30 components/Libraries/external/algo/\libalg.a(ab_uart.o)
 .text.Send2MP  0x0009911a        0xe components/Libraries/external/algo/\libalg.a(ab_airoha_vcmd.o)
 .text.dev_1602_lens_ind_cb
                0x00099128       0x16 components/Libraries/external/algo/\libalg.a(ab_airoha_vcmd.o)
 .text.ab_airoha_vcmd_Bdie_reset_enable
                0x0009913e        0xa components/Libraries/external/algo/\libalg.a(ab_airoha_vcmd.o)
                0x0009913e                ab_airoha_vcmd_Bdie_reset_enable
 .text.ab_airoha_vcmd_extend_reg
                0x00099148        0x8 components/Libraries/external/algo/\libalg.a(ab_airoha_vcmd.o)
                0x00099148                ab_airoha_vcmd_extend_reg
 .text.ab_airoha_vcmd_mp_ongoing
                0x00099150       0x18 components/Libraries/external/algo/\libalg.a(ab_airoha_vcmd.o)
                0x00099150                ab_airoha_vcmd_mp_ongoing
 .text.ab_airoha_vcmd_compl_encode
                0x00099168       0x2a components/Libraries/external/algo/\libalg.a(ab_airoha_vcmd.o)
 .text.ab_airoha_send_1byte_vcmd_compl
                0x00099192       0x22 components/Libraries/external/algo/\libalg.a(ab_airoha_vcmd.o)
 .text.ISPSwitchArea
                0x000991b4       0x22 components/Libraries/external/algo/\libalg.a(ab_airoha_vcmd.o)
 .text._HC_HciRejectVCmdHdlr
                0x000991d6       0x10 components/Libraries/external/algo/\libalg.a(ab_airoha_vcmd.o)
 .text.ab_airoha_vcmd34_compl_encode
                0x000991e6       0x20 components/Libraries/external/algo/\libalg.a(ab_airoha_vcmd.o)
 .text.ISPWriteData
                0x00099206       0x7c components/Libraries/external/algo/\libalg.a(ab_airoha_vcmd.o)
 .text.ab_airoha_send_nbyte_vcmd_compl
                0x00099282       0x3a components/Libraries/external/algo/\libalg.a(ab_airoha_vcmd.o)
 .text.ISPGetDeviceStatusVCmdHdlr
                0x000992bc       0x98 components/Libraries/external/algo/\libalg.a(ab_airoha_vcmd.o)
 .text.ab_airoha_send_nbyte_vcmd34_compl
                0x00099354       0x3a components/Libraries/external/algo/\libalg.a(ab_airoha_vcmd.o)
 .text.FlashReadCSRVCmdHdlr
                0x0009938e       0x58 components/Libraries/external/algo/\libalg.a(ab_airoha_vcmd.o)
 .text.ab_airoha_vcmd_dispatch
                0x000993e6      0x13c components/Libraries/external/algo/\libalg.a(ab_airoha_vcmd.o)
                0x000993e6                ab_airoha_vcmd_dispatch
 .text.HC_HciLabTestWrThreeWiredVCmdHdlr
                0x00099522       0x20 components/Libraries/external/algo/\libalg.a(ab_airoha_vcmd.o)
 .text.FlashReadThreeWireVCmdHdlr
                0x00099542       0x22 components/Libraries/external/algo/\libalg.a(ab_airoha_vcmd.o)
 .text.HC_HciLabTestRdThreeWiredVCmdHdlr
                0x00099564       0x22 components/Libraries/external/algo/\libalg.a(ab_airoha_vcmd.o)
 .text.mount_1602
                0x00099586       0x46 components/Libraries/external/algo/\libalg.a(ab_airoha_vcmd.o)
 .text.HC_HciLabTestBDieCommandModeVCmdHdlr
                0x000995cc       0x4c components/Libraries/external/algo/\libalg.a(ab_airoha_vcmd.o)
 .text.ab_airoha_vcmd_enable
                0x00099618       0x38 components/Libraries/external/algo/\libalg.a(ab_airoha_vcmd.o)
                0x00099618                ab_airoha_vcmd_enable
 .text.ab_airoha_vcmd_uart_hci_mode_enable
                0x00099650       0x34 components/Libraries/external/algo/\libalg.a(ab_airoha_vcmd.o)
                0x00099650                ab_airoha_vcmd_uart_hci_mode_enable
 .text.dev_1602_read_cfm_cb
                0x00099684       0x34 components/Libraries/external/algo/\libalg.a(ab_airoha_vcmd.o)
 .text.T.37     0x000996b8       0x24 components/Libraries/external/algo/\libalg.a(ab_airoha_vcmd.o)
 .text.FlashWriteThreeWireVCmdHdlr
                0x000996dc       0x22 components/Libraries/external/algo/\libalg.a(ab_airoha_vcmd.o)
 .text.FlashWriteCSRVCmdHdlr
                0x000996fe       0x58 components/Libraries/external/algo/\libalg.a(ab_airoha_vcmd.o)
 .text.DRV_ADC_Calibration
                0x00099756       0x5e components/Libraries/external/algo/\libalg.a(drv_adc.o)
                0x00099756                DRV_ADC_Calibration
 .text.DRV_ADC_Read
                0x000997b4       0xa8 components/Libraries/external/algo/\libalg.a(drv_adc.o)
                0x000997b4                DRV_ADC_Read
 .text.DRV_CLK_SysSel
                0x0009985c       0x58 components/Libraries/external/algo/\libalg.a(drv_clk.o)
                0x0009985c                DRV_CLK_SysSel
 .text.DRV_CLK_16MSel
                0x000998b4       0x1c components/Libraries/external/algo/\libalg.a(drv_clk.o)
                0x000998b4                DRV_CLK_16MSel
 .text.DRV_CLK_32KSel
                0x000998d0       0x20 components/Libraries/external/algo/\libalg.a(drv_clk.o)
                0x000998d0                DRV_CLK_32KSel
 .text.DRV_CLK_PLLEn
                0x000998f0       0x34 components/Libraries/external/algo/\libalg.a(drv_clk.o)
                0x000998f0                DRV_CLK_PLLEn
 .text.DRV_CLK_En
                0x00099924       0xa4 components/Libraries/external/algo/\libalg.a(drv_clk.o)
                0x00099924                DRV_CLK_En
 .text.DRV_CLK_Calibration
                0x000999c8       0xe2 components/Libraries/external/algo/\libalg.a(drv_clk.o)
                0x000999c8                DRV_CLK_Calibration
 .text.DRV_CLK_TMR0Sel
                0x00099aaa       0x30 components/Libraries/external/algo/\libalg.a(drv_clk.o)
                0x00099aaa                DRV_CLK_TMR0Sel
 .text.SERIALFLASH_SetPatternAndStart
                0x00099ada       0x1e components/Libraries/external/algo/\libalg.a(drv_flash.o)
 .text._MXIC_WB_Flash_WaitForReady
                0x00099af8       0x50 components/Libraries/external/algo/\libalg.a(drv_flash.o)
 .text.DRV_Flash_ByteProgram
                0x00099b48      0x104 components/Libraries/external/algo/\libalg.a(drv_flash.o)
                0x00099b48                DRV_Flash_ByteProgram
 .text.DRV_Flash_PageProgram
                0x00099c4c      0x1ac components/Libraries/external/algo/\libalg.a(drv_flash.o)
                0x00099c4c                DRV_Flash_PageProgram
 .text.Drv_Flash_BlockSectorErase
                0x00099df8       0x72 components/Libraries/external/algo/\libalg.a(drv_flash.o)
 .text.DRV_Flash_Block_64KB_Erase
                0x00099e6a        0xa components/Libraries/external/algo/\libalg.a(drv_flash.o)
                0x00099e6a                DRV_Flash_Block_64KB_Erase
 .text.DRV_Flash_Block_32KB_Erase
                0x00099e74        0xa components/Libraries/external/algo/\libalg.a(drv_flash.o)
                0x00099e74                DRV_Flash_Block_32KB_Erase
 .text.DRV_Flash_SectorErase
                0x00099e7e        0xa components/Libraries/external/algo/\libalg.a(drv_flash.o)
                0x00099e7e                DRV_Flash_SectorErase
 .text.DRV_Gpio_IntrHandler
                0x00099e88       0x38 components/Libraries/external/algo/\libalg.a(drv_gpio.o)
 .text.DRV_Gpio_IntDis
                0x00099ec0       0x24 components/Libraries/external/algo/\libalg.a(drv_gpio.o)
                0x00099ec0                DRV_Gpio_IntDis
 .text.DRV_Gpio_DirSet
                0x00099ee4       0x22 components/Libraries/external/algo/\libalg.a(drv_gpio.o)
                0x00099ee4                DRV_Gpio_DirSet
 .text.DRV_Gpio_ValSet
                0x00099f06       0x22 components/Libraries/external/algo/\libalg.a(drv_gpio.o)
                0x00099f06                DRV_Gpio_ValSet
 .text.DRV_Gpio_PinValGet
                0x00099f28       0x1a components/Libraries/external/algo/\libalg.a(drv_gpio.o)
                0x00099f28                DRV_Gpio_PinValGet
 .text.DRV_Gpio_PinLatchedIntStsGet
                0x00099f42       0x24 components/Libraries/external/algo/\libalg.a(drv_gpio.o)
                0x00099f42                DRV_Gpio_PinLatchedIntStsGet
 .text.DRV_Gpio_PullSet
                0x00099f66       0x62 components/Libraries/external/algo/\libalg.a(drv_gpio.o)
                0x00099f66                DRV_Gpio_PullSet
 .text.DRV_Gpio_WakeDis
                0x00099fc8       0x2a components/Libraries/external/algo/\libalg.a(drv_gpio.o)
                0x00099fc8                DRV_Gpio_WakeDis
 .text.DRV_Gpio_DebEn
                0x00099ff2       0x36 components/Libraries/external/algo/\libalg.a(drv_gpio.o)
                0x00099ff2                DRV_Gpio_DebEn
 .text.DRV_Gpio_IntEn
                0x0009a028       0x36 components/Libraries/external/algo/\libalg.a(drv_gpio.o)
                0x0009a028                DRV_Gpio_IntEn
 .text.DRV_Gpio_IntReg
                0x0009a05e       0x66 components/Libraries/external/algo/\libalg.a(drv_gpio.o)
                0x0009a05e                DRV_Gpio_IntReg
 .text.DRV_OdGpio_IeSet
                0x0009a0c4       0x1e components/Libraries/external/algo/\libalg.a(drv_odgpio.o)
                0x0009a0c4                DRV_OdGpio_IeSet
 .text.DRV_KeyScan_Dis
                0x0009a0e2       0x20 components/Libraries/external/algo/\libalg.a(drv_keyscan.o)
                0x0009a0e2                DRV_KeyScan_Dis
 .text.DRV_KeyScan_En
                0x0009a102       0x2e components/Libraries/external/algo/\libalg.a(drv_keyscan.o)
                0x0009a102                DRV_KeyScan_En
 .text.KeyScanIsr
                0x0009a130       0x74 components/Libraries/external/algo/\libalg.a(drv_keyscan.o)
 .text.DRV_KeyScan_Init
                0x0009a1a4       0xee components/Libraries/external/algo/\libalg.a(drv_keyscan.o)
                0x0009a1a4                DRV_KeyScan_Init
 .text.DRV_Led_Set
                0x0009a292      0x174 components/Libraries/external/algo/\libalg.a(drv_led.o)
                0x0009a292                DRV_Led_Set
 .text.DRV_Led_Start
                0x0009a406       0x18 components/Libraries/external/algo/\libalg.a(drv_led.o)
                0x0009a406                DRV_Led_Start
 .text.DRV_Led_StartFollow
                0x0009a41e       0x42 components/Libraries/external/algo/\libalg.a(drv_led.o)
                0x0009a41e                DRV_Led_StartFollow
 .text.DRV_Led_Stop
                0x0009a460       0x22 components/Libraries/external/algo/\libalg.a(drv_led.o)
                0x0009a460                DRV_Led_Stop
 .text.MIC_IntHandler
                0x0009a482       0x40 components/Libraries/external/algo/\libalg.a(drv_mic.o)
                0x0009a482                MIC_IntHandler
 .text.DRV_Mic_Disable
                0x0009a4c2       0x42 components/Libraries/external/algo/\libalg.a(drv_mic.o)
                0x0009a4c2                DRV_Mic_Disable
 .text.DRV_Mic_Enable
                0x0009a504       0x36 components/Libraries/external/algo/\libalg.a(drv_mic.o)
                0x0009a504                DRV_Mic_Enable
 .text.DRV_Mic_Init
                0x0009a53a       0xb2 components/Libraries/external/algo/\libalg.a(drv_mic.o)
                0x0009a53a                DRV_Mic_Init
 .text.DRV_OdPinMux_GrpSet
                0x0009a5ec       0x50 components/Libraries/external/algo/\libalg.a(drv_odpinmux.o)
                0x0009a5ec                DRV_OdPinMux_GrpSet
 .text.DRV_OdPinMux_SigSet
                0x0009a63c       0x3a components/Libraries/external/algo/\libalg.a(drv_odpinmux.o)
                0x0009a63c                DRV_OdPinMux_SigSet
 .text.set_aio  0x0009a676       0x66 components/Libraries/external/algo/\libalg.a(drv_pinmux.o)
 .text.DRV_PinMux_GrpSet
                0x0009a6dc      0x134 components/Libraries/external/algo/\libalg.a(drv_pinmux.o)
                0x0009a6dc                DRV_PinMux_GrpSet
 .text.DRV_PinMux_SigSet
                0x0009a810       0x8e components/Libraries/external/algo/\libalg.a(drv_pinmux.o)
                0x0009a810                DRV_PinMux_SigSet
 .text.DRV_Pwr_EnterMode
                0x0009a89e       0x7c components/Libraries/external/algo/\libalg.a(drv_pwr.o)
                0x0009a89e                DRV_Pwr_EnterMode
 .text.DRV_Pwr_BootFrom
                0x0009a91a       0xce components/Libraries/external/algo/\libalg.a(drv_pwr.o)
                0x0009a91a                DRV_Pwr_BootFrom
 .text.SPI1_InterruptHandler
                0x0009a9e8       0x40 components/Libraries/external/algo/\libalg.a(drv_spi.o)
 .text.SPI2_InterruptHandler
                0x0009aa28       0x40 components/Libraries/external/algo/\libalg.a(drv_spi.o)
 .text.DRV_SPI_Deinit
                0x0009aa68       0x20 components/Libraries/external/algo/\libalg.a(drv_spi.o)
                0x0009aa68                DRV_SPI_Deinit
 .text.DRV_SPI_ClkRefresh
                0x0009aa88       0xa2 components/Libraries/external/algo/\libalg.a(drv_spi.o)
                0x0009aa88                DRV_SPI_ClkRefresh
 .text.DRV_SPI_WriteRead
                0x0009ab2a       0xa0 components/Libraries/external/algo/\libalg.a(drv_spi.o)
                0x0009ab2a                DRV_SPI_WriteRead
 .text.DRV_SPI_IsReady
                0x0009abca       0x10 components/Libraries/external/algo/\libalg.a(drv_spi.o)
                0x0009abca                DRV_SPI_IsReady
 .text.DRV_SPI_ChangeDuplex
                0x0009abda       0x28 components/Libraries/external/algo/\libalg.a(drv_spi.o)
                0x0009abda                DRV_SPI_ChangeDuplex
 .text.DRV_SPI_Int
                0x0009ac02       0x60 components/Libraries/external/algo/\libalg.a(drv_spi.o)
                0x0009ac02                DRV_SPI_Int
 .text.DRV_SPI_Init
                0x0009ac62      0x184 components/Libraries/external/algo/\libalg.a(drv_spi.o)
                0x0009ac62                DRV_SPI_Init
 .text.Timer32B0InterruptHandler
                0x0009ade6       0xde components/Libraries/external/algo/\libalg.a(drv_timer32b0.o)
 .text.DRV_TMR32B0_Disable
                0x0009aec4       0x18 components/Libraries/external/algo/\libalg.a(drv_timer32b0.o)
                0x0009aec4                DRV_TMR32B0_Disable
 .text.DRV_TMR32B0_TickGet
                0x0009aedc        0xc components/Libraries/external/algo/\libalg.a(drv_timer32b0.o)
                0x0009aedc                DRV_TMR32B0_TickGet
 .text.DRV_TMR32B0_NotifyEnable
                0x0009aee8       0xb0 components/Libraries/external/algo/\libalg.a(drv_timer32b0.o)
                0x0009aee8                DRV_TMR32B0_NotifyEnable
 .text.DRV_TMR32B0_NotifyDisable
                0x0009af98       0x86 components/Libraries/external/algo/\libalg.a(drv_timer32b0.o)
                0x0009af98                DRV_TMR32B0_NotifyDisable
 .text.DRV_TMR32B0_Enable
                0x0009b01e       0x2c components/Libraries/external/algo/\libalg.a(drv_timer32b0.o)
                0x0009b01e                DRV_TMR32B0_Enable
 .text.DRV_Uart_SetBaud
                0x0009b04a       0xc6 components/Libraries/external/algo/\libalg.a(drv_uart.o)
                0x0009b04a                DRV_Uart_SetBaud
 .text.DRV_Uart_Recidue
                0x0009b110       0x1a components/Libraries/external/algo/\libalg.a(drv_uart.o)
                0x0009b110                DRV_Uart_Recidue
 .text.DRV_Uart_IsIdle
                0x0009b12a       0x2e components/Libraries/external/algo/\libalg.a(drv_uart.o)
                0x0009b12a                DRV_Uart_IsIdle
 .text.DRV_Uart_IntDis
                0x0009b158       0x34 components/Libraries/external/algo/\libalg.a(drv_uart.o)
                0x0009b158                DRV_Uart_IntDis
 .text.DRV_Uart_IntEn
                0x0009b18c       0x30 components/Libraries/external/algo/\libalg.a(drv_uart.o)
                0x0009b18c                DRV_Uart_IntEn
 .text.DRV_Uart_Flush
                0x0009b1bc      0x11a components/Libraries/external/algo/\libalg.a(drv_uart.o)
                0x0009b1bc                DRV_Uart_Flush
 .text.DRV_Uart_Write
                0x0009b2d6       0xdc components/Libraries/external/algo/\libalg.a(drv_uart.o)
                0x0009b2d6                DRV_Uart_Write
 .text.DRV_Uart_Read
                0x0009b3b2      0x104 components/Libraries/external/algo/\libalg.a(drv_uart.o)
                0x0009b3b2                DRV_Uart_Read
 .text.DRV_Uart_Drop
                0x0009b4b6      0x106 components/Libraries/external/algo/\libalg.a(drv_uart.o)
                0x0009b4b6                DRV_Uart_Drop
 .text.UART2_RxDmaHandler
                0x0009b5bc       0x6e components/Libraries/external/algo/\libalg.a(drv_uart.o)
 .text.UART2InterruptHandler
                0x0009b62a       0x64 components/Libraries/external/algo/\libalg.a(drv_uart.o)
 .text.UART_RxDmaHandler
                0x0009b68e       0xc8 components/Libraries/external/algo/\libalg.a(drv_uart.o)
 .text.UARTInterruptHandler
                0x0009b756       0x62 components/Libraries/external/algo/\libalg.a(drv_uart.o)
 .text.DRV_Uart_Deinit
                0x0009b7b8       0x70 components/Libraries/external/algo/\libalg.a(drv_uart.o)
                0x0009b7b8                DRV_Uart_Deinit
 .text.DRV_Uart_Init
                0x0009b828      0x1d0 components/Libraries/external/algo/\libalg.a(drv_uart.o)
                0x0009b828                DRV_Uart_Init
 .text.DRV_WDT_Disable
                0x0009b9f8       0x2a components/Libraries/external/algo/\libalg.a(drv_wdt.o)
                0x0009b9f8                DRV_WDT_Disable
 .text.DRV_WDT_Kick
                0x0009ba22       0x1c components/Libraries/external/algo/\libalg.a(drv_wdt.o)
                0x0009ba22                DRV_WDT_Kick
 .text.DRV_WDT_Enable
                0x0009ba3e       0x62 components/Libraries/external/algo/\libalg.a(drv_wdt.o)
                0x0009ba3e                DRV_WDT_Enable
 .text.wdt_int  0x0009baa0        0xc components/Libraries/external/algo/\libalg.a(drv_wdt.o)
 .text.BAS_update_battery_level
                0x0009baac       0x1e components/Libraries/external/algo/\libalg.a(service_battery.o)
                0x0009baac                BAS_update_battery_level
 .text.BAS_init
                0x0009baca       0xb0 components/Libraries/external/algo/\libalg.a(service_battery.o)
                0x0009baca                BAS_init
 .text.OTA_change_permission
                0x0009bb7a       0x16 components/Libraries/external/algo/\libalg.a(service_device_firmware_update_OTA.o)
                0x0009bb7a                OTA_change_permission
 .text.OTA_init
                0x0009bb90       0xaa components/Libraries/external/algo/\libalg.a(service_device_firmware_update_OTA.o)
                0x0009bb90                OTA_init
 .text._OTA_read_bootcode_ver
                0x0009bc3a       0x48 components/Libraries/external/algo/\libalg.a(service_device_firmware_update_OTA.o)
                0x0009bc3a                _OTA_read_bootcode_ver
 .text._OTA_change_area
                0x0009bc82       0x42 components/Libraries/external/algo/\libalg.a(service_device_firmware_update_OTA.o)
                0x0009bc82                _OTA_change_area
 .text._OTA_write_flash
                0x0009bcc4      0x110 components/Libraries/external/algo/\libalg.a(service_device_firmware_update_OTA.o)
                0x0009bcc4                _OTA_write_flash
 .text._OTA_erase_flash
                0x0009bdd4       0xb0 components/Libraries/external/algo/\libalg.a(service_device_firmware_update_OTA.o)
                0x0009bdd4                _OTA_erase_flash
 .text._OTA_read_status_ex
                0x0009be84       0xc0 components/Libraries/external/algo/\libalg.a(service_device_firmware_update_OTA.o)
                0x0009be84                _OTA_read_status_ex
 .text._OTA_read_status
                0x0009bf44       0xbc components/Libraries/external/algo/\libalg.a(service_device_firmware_update_OTA.o)
                0x0009bf44                _OTA_read_status
 .text._OTA_command_CB
                0x0009c000       0x7a components/Libraries/external/algo/\libalg.a(service_device_firmware_update_OTA.o)
                0x0009c000                _OTA_command_CB
 .text._dis_add_char
                0x0009c07a       0x4e components/Libraries/external/algo/\libalg.a(service_device_information.o)
 .text.DIS_init
                0x0009c0c8       0x9e components/Libraries/external/algo/\libalg.a(service_device_information.o)
                0x0009c0c8                DIS_init
 .text.GAS_support_privacy_feature
                0x0009c166       0x82 components/Libraries/external/algo/\libalg.a(service_generic_access.o)
                0x0009c166                GAS_support_privacy_feature
 .text.GAS_init
                0x0009c1e8      0x128 components/Libraries/external/algo/\libalg.a(service_generic_access.o)
                0x0009c1e8                GAS_init
 .text.GATT_init
                0x0009c310       0x9a components/Libraries/external/algo/\libalg.a(service_generic_attribute.o)
                0x0009c310                GATT_init
 .text.HIDS_add_report
                0x0009c3aa       0xd8 components/Libraries/external/algo/\libalg.a(service_human_interface_device.o)
                0x0009c3aa                HIDS_add_report
 .text.HIDS_init
                0x0009c482      0x146 components/Libraries/external/algo/\libalg.a(service_human_interface_device.o)
                0x0009c482                HIDS_init
 .text.AB_console_handle
                0x0009c5c8       0x24 components/Libraries/external/algo/\libalg.a(console.o)
                0x0009c5c8                AB_console_handle
 .text.AB_console_init
                0x0009c5ec       0x70 components/Libraries/external/algo/\libalg.a(console.o)
                0x0009c5ec                AB_console_init
 .text.shell_parse_line
                0x0009c65c       0x8a components/Libraries/external/algo/\libalg.a(shell.o)
 .text.shell_history_save
                0x0009c6e6       0x42 components/Libraries/external/algo/\libalg.a(shell.o)
 .text.shell_find_cmd
                0x0009c728       0x4a components/Libraries/external/algo/\libalg.a(shell.o)
 .text.shell_printf
                0x0009c772       0x2e components/Libraries/external/algo/\libalg.a(shell.o)
 .text.shell_history_search
                0x0009c7a0       0xe0 components/Libraries/external/algo/\libalg.a(shell.o)
 .text.shell_show_title
                0x0009c880      0x3a8 components/Libraries/external/algo/\libalg.a(shell.o)
 .text.AB_shell_main_loop
                0x0009cc28      0x692 components/Libraries/external/algo/\libalg.a(shell.o)
                0x0009cc28                AB_shell_main_loop
 .text.AB_shell_main_title
                0x0009d2ba       0x38 components/Libraries/external/algo/\libalg.a(shell.o)
                0x0009d2ba                AB_shell_main_title
 .text.exceptf  0x0009d2f2        0xe components/Libraries/external/algo/\libalg.a(ab_debug.o)
 .text.AB_Debug_CpuExceptionMonitor
                0x0009d300       0x78 components/Libraries/external/algo/\libalg.a(ab_debug.o)
                0x0009d300                AB_Debug_CpuExceptionMonitor
 .text.exception8
                0x0009d378       0x14 components/Libraries/external/algo/\libalg.a(ab_debug.o)
 .text.exception7
                0x0009d38c       0x14 components/Libraries/external/algo/\libalg.a(ab_debug.o)
 .text.exception6
                0x0009d3a0       0x14 components/Libraries/external/algo/\libalg.a(ab_debug.o)
 .text.exception5
                0x0009d3b4       0x14 components/Libraries/external/algo/\libalg.a(ab_debug.o)
 .text.exception4
                0x0009d3c8       0x14 components/Libraries/external/algo/\libalg.a(ab_debug.o)
 .text.exception3
                0x0009d3dc       0x14 components/Libraries/external/algo/\libalg.a(ab_debug.o)
 .text.exception2
                0x0009d3f0       0x14 components/Libraries/external/algo/\libalg.a(ab_debug.o)
 .text.exception1
                0x0009d404       0x14 components/Libraries/external/algo/\libalg.a(ab_debug.o)
 .text.AB_DFU_set_active_code_area
                0x0009d418       0xda components/Libraries/external/algo/\libalg.a(dfu.o)
                0x0009d418                AB_DFU_set_active_code_area
 .text.AB_DFU_write_flash
                0x0009d4f2       0x16 components/Libraries/external/algo/\libalg.a(dfu.o)
                0x0009d4f2                AB_DFU_write_flash
 .text.AB_DFU_erase_flash
                0x0009d508       0x2c components/Libraries/external/algo/\libalg.a(dfu.o)
                0x0009d508                AB_DFU_erase_flash
 .text.ab_modue_enum
                0x0009d534       0x1e components/Libraries/external/algo/\libalg.a(ab_module.o)
 .text.AB_module_count
                0x0009d552       0x40 components/Libraries/external/algo/\libalg.a(ab_module.o)
                0x0009d552                AB_module_count
 .text.AB_module_get
                0x0009d592       0x24 components/Libraries/external/algo/\libalg.a(ab_module.o)
                0x0009d592                AB_module_get
 .text.hci_h4_decode
                0x0009d5b6      0x172 components/BT/release/\libbtcore.a(hci_h4_parser.o)
                0x0009d5b6                hci_h4_decode
 .text.hci_h4_encode_dat
                0x0009d728       0x42 components/BT/release/\libbtcore.a(hci_h4_parser.o)
                0x0009d728                hci_h4_encode_dat
 .text.hci_h4_encode_cmd
                0x0009d76a       0x3c components/BT/release/\libbtcore.a(hci_h4_parser.o)
                0x0009d76a                hci_h4_encode_cmd
 .text.bt_infom_ap
                0x0009d7a6        0xc components/BT/release/\libbtcore.a(bt.o)
                0x0009d7a6                bt_infom_ap
 .text.BT_Log_Enable
                0x0009d7b2        0xa components/BT/release/\libbtcore.a(bt.o)
                0x0009d7b2                BT_Log_Enable
 .text.BT_Pending_TxCnt
                0x0009d7bc        0x8 components/BT/release/\libbtcore.a(bt.o)
                0x0009d7bc                BT_Pending_TxCnt
 .text.BT_InitEx2
                0x0009d7c4      0x174 components/BT/release/\libbtcore.a(bt.o)
                0x0009d7c4                BT_InitEx2
 .text.hci_init_done
                0x0009d938       0x2e components/BT/release/\libbtcore.a(bt.o)
 .text.bt_init_read_buf_size
                0x0009d966       0x90 components/BT/release/\libbtcore.a(bt.o)
 .text.ble_gap_disconnect
                0x0009d9f6       0x28 components/BT/release/\libbtcore.a(ble_gap.o)
                0x0009d9f6                ble_gap_disconnect
 .text.generic_status_complete_cb
                0x0009da1e       0x24 components/BT/release/\libbtcore.a(ble_gap.o)
 .text.generic_encrypt_cb
                0x0009da42       0x16 components/BT/release/\libbtcore.a(ble_gap.o)
 .text.generic_conn_update_cb
                0x0009da58       0x16 components/BT/release/\libbtcore.a(ble_gap.o)
 .text.generic_disconnect_cb
                0x0009da6e       0x16 components/BT/release/\libbtcore.a(ble_gap.o)
 .text.ble_gap_init
                0x0009da84       0x3a components/BT/release/\libbtcore.a(ble_gap.o)
                0x0009da84                ble_gap_init
 .text.ble_gap_adv_stop
                0x0009dabe       0x24 components/BT/release/\libbtcore.a(ble_gap.o)
                0x0009dabe                ble_gap_adv_stop
 .text.set_adv_parm_cb
                0x0009dae2       0x2c components/BT/release/\libbtcore.a(ble_gap.o)
 .text.gap_init_cb
                0x0009db0e       0x44 components/BT/release/\libbtcore.a(ble_gap.o)
 .text.generic_complete_cb
                0x0009db52       0xb8 components/BT/release/\libbtcore.a(ble_gap.o)
 .text.ble_gap_start_encrypt
                0x0009dc0a       0x2c components/BT/release/\libbtcore.a(ble_gap.o)
                0x0009dc0a                ble_gap_start_encrypt
 .text.ble_gap_address_set
                0x0009dc36       0x92 components/BT/release/\libbtcore.a(ble_gap.o)
                0x0009dc36                ble_gap_address_set
 .text.ble_gap_conn_param_update
                0x0009dcc8       0x8c components/BT/release/\libbtcore.a(ble_gap.o)
                0x0009dcc8                ble_gap_conn_param_update
 .text.ble_gap_adv_start
                0x0009dd54       0xc8 components/BT/release/\libbtcore.a(ble_gap.o)
                0x0009dd54                ble_gap_adv_start
 .text.ble_gap_scan_data_set
                0x0009de1c       0x40 components/BT/release/\libbtcore.a(ble_gap.o)
                0x0009de1c                ble_gap_scan_data_set
 .text.ble_gap_adv_data_set
                0x0009de5c       0x40 components/BT/release/\libbtcore.a(ble_gap.o)
                0x0009de5c                ble_gap_adv_data_set
 .text.ble_gap_event_handler
                0x0009de9c      0x228 components/BT/release/\libbtcore.a(ble_gap.o)
                0x0009de9c                ble_gap_event_handler
 .text.ble_gap_link_GetAttr_OwnerType
                0x0009e0c4       0x16 components/BT/release/\libbtcore.a(ble_gap_links.o)
                0x0009e0c4                ble_gap_link_GetAttr_OwnerType
 .text.ble_gap_link_GetAttr_OwnerAddr
                0x0009e0da       0x1e components/BT/release/\libbtcore.a(ble_gap_links.o)
                0x0009e0da                ble_gap_link_GetAttr_OwnerAddr
 .text.ble_gap_link_GetAttr_Handle
                0x0009e0f8       0x26 components/BT/release/\libbtcore.a(ble_gap_links.o)
                0x0009e0f8                ble_gap_link_GetAttr_Handle
 .text.ble_gap_link_GetIdx_ByHandle
                0x0009e11e       0x30 components/BT/release/\libbtcore.a(ble_gap_links.o)
                0x0009e11e                ble_gap_link_GetIdx_ByHandle
 .text.ble_gap_link_GetAttr_BdAddr
                0x0009e14e       0x14 components/BT/release/\libbtcore.a(ble_gap_links.o)
                0x0009e14e                ble_gap_link_GetAttr_BdAddr
 .text.ble_gap_link_GetAttr_BdAddrType
                0x0009e162       0x14 components/BT/release/\libbtcore.a(ble_gap_links.o)
                0x0009e162                ble_gap_link_GetAttr_BdAddrType
 .text.ble_gap_link_GetIdx_Empty
                0x0009e176       0x1e components/BT/release/\libbtcore.a(ble_gap_links.o)
                0x0009e176                ble_gap_link_GetIdx_Empty
 .text.ble_gap_link_SetAttr_Auth
                0x0009e194       0x16 components/BT/release/\libbtcore.a(ble_gap_links.o)
                0x0009e194                ble_gap_link_SetAttr_Auth
 .text.ble_gap_link_GetAttr_Auth
                0x0009e1aa       0x16 components/BT/release/\libbtcore.a(ble_gap_links.o)
                0x0009e1aa                ble_gap_link_GetAttr_Auth
 .text.ble_gap_link_SetAttr_Enc
                0x0009e1c0       0x16 components/BT/release/\libbtcore.a(ble_gap_links.o)
                0x0009e1c0                ble_gap_link_SetAttr_Enc
 .text.ble_gap_link_GetAttr_Enc
                0x0009e1d6       0x16 components/BT/release/\libbtcore.a(ble_gap_links.o)
                0x0009e1d6                ble_gap_link_GetAttr_Enc
 .text.ble_gap_link_SetAttr_State
                0x0009e1ec       0x16 components/BT/release/\libbtcore.a(ble_gap_links.o)
                0x0009e1ec                ble_gap_link_SetAttr_State
 .text.ble_gap_link_Del
                0x0009e202       0x1e components/BT/release/\libbtcore.a(ble_gap_links.o)
                0x0009e202                ble_gap_link_Del
 .text.ble_gap_link_Add
                0x0009e220       0x1c components/BT/release/\libbtcore.a(ble_gap_links.o)
                0x0009e220                ble_gap_link_Add
 .text.ble_gap_link_GetAttr_Role
                0x0009e23c       0x14 components/BT/release/\libbtcore.a(ble_gap_links.o)
                0x0009e23c                ble_gap_link_GetAttr_Role
 .text.ble_gap_link_SetAttr_Data
                0x0009e250       0x28 components/BT/release/\libbtcore.a(ble_gap_links.o)
                0x0009e250                ble_gap_link_SetAttr_Data
 .text.ble_gap_link_GetAttr_Data
                0x0009e278       0x30 components/BT/release/\libbtcore.a(ble_gap_links.o)
                0x0009e278                ble_gap_link_GetAttr_Data
 .text.ble_gap_link_GetIdx_ByBdAddr
                0x0009e2a8       0x30 components/BT/release/\libbtcore.a(ble_gap_links.o)
                0x0009e2a8                ble_gap_link_GetIdx_ByBdAddr
 .text.ble_gap_link_Add_Ex
                0x0009e2d8       0x68 components/BT/release/\libbtcore.a(ble_gap_links.o)
                0x0009e2d8                ble_gap_link_Add_Ex
 .text.ble_gap_link_Is_ValidAddr
                0x0009e340       0x12 components/BT/release/\libbtcore.a(ble_gap_links.o)
                0x0009e340                ble_gap_link_Is_ValidAddr
 .text.BLE_gap_sm_init
                0x0009e352        0x8 components/BT/release/\libbtcore.a(ble_gap_sm.o)
                0x0009e352                BLE_gap_sm_init
 .text.BLE_gap_sm_get_last_paired_device
                0x0009e35a        0x8 components/BT/release/\libbtcore.a(ble_gap_sm.o)
                0x0009e35a                BLE_gap_sm_get_last_paired_device
 .text.BLE_gap_sm_delete_paired_record
                0x0009e362        0xa components/BT/release/\libbtcore.a(ble_gap_sm.o)
                0x0009e362                BLE_gap_sm_delete_paired_record
 .text.BLE_gap_sm_set_security_param
                0x0009e36c       0x38 components/BT/release/\libbtcore.a(ble_gap_sm.o)
                0x0009e36c                BLE_gap_sm_set_security_param
 .text.BLE_gap_sm_disconnected
                0x0009e3a4        0xe components/BT/release/\libbtcore.a(ble_gap_sm.o)
                0x0009e3a4                BLE_gap_sm_disconnected
 .text.BLE_gap_sm_set_link_auth
                0x0009e3b2       0x3e components/BT/release/\libbtcore.a(ble_gap_sm.o)
                0x0009e3b2                BLE_gap_sm_set_link_auth
 .text.BLE_gap_sm_encryption_change
                0x0009e3f0       0x4e components/BT/release/\libbtcore.a(ble_gap_sm.o)
                0x0009e3f0                BLE_gap_sm_encryption_change
 .text.BLE_gap_sm_ltk_request
                0x0009e43e       0x1c components/BT/release/\libbtcore.a(ble_gap_sm.o)
                0x0009e43e                BLE_gap_sm_ltk_request
 .text.BLE_gap_sm_gen_dhkey_complete
                0x0009e45a        0x8 components/BT/release/\libbtcore.a(ble_gap_sm.o)
                0x0009e45a                BLE_gap_sm_gen_dhkey_complete
 .text.BLE_gap_sm_read_public_key_complete
                0x0009e462        0x8 components/BT/release/\libbtcore.a(ble_gap_sm.o)
                0x0009e462                BLE_gap_sm_read_public_key_complete
 .text.l2cap_find_cidcb
                0x0009e46a       0x28 components/BT/release/\libbtcore.a(ble_l2cap.o)
 .text.l2cap_notify
                0x0009e492       0x30 components/BT/release/\libbtcore.a(ble_l2cap.o)
                0x0009e492                l2cap_notify
 .text.l2cap_pdu_dispatch
                0x0009e4c2       0x24 components/BT/release/\libbtcore.a(ble_l2cap.o)