Archive member included because of file (symbol)

components/BT/release/\libbtcore.a(hci_h4_parser.o)
                              components/BT/release/hci_protocol_1602.o (hci_h4_decode)
components/BT/release/\libbtcore.a(bt.o)
                              /cygdrive/c/Airoha/AiroBlueSDK/AB1600_1_0_5_0/projects/TRSPX/output/trspx.o (BT_Log_Enable)
components/BT/release/\libbtcore.a(ble_gap.o)
                              components/BT/release/\libbtcore.a(bt.o) (ble_gap_init)
components/BT/release/\libbtcore.a(ble_gap_links.o)
                              components/BT/release/\libbtcore.a(ble_gap.o) (ble_gap_link_GetIdx_ByHandle)
components/BT/release/\libbtcore.a(ble_gap_sm.o)
                              components/BT/release/\libbtcore.a(bt.o) (BLE_gap_sm_init)
components/BT/release/\libbtcore.a(ble_l2cap.o)
                              components/BT/release/\libbtcore.a(ble_gap.o) (l2cap_notify)
components/BT/release/\libbtcore.a(l2cap_le_sig.o)
                              components/BT/release/\libbtcore.a(ble_gap.o) (l2cap_lesig_conn_param_update_req)
components/BT/release/\libbtcore.a(ble_att.o)
                              /cygdrive/c/Airoha/AiroBlueSDK/AB1600_1_0_5_0/projects/TRSPX/output/trspx_gatt.o (BLE_att_get_attribute_length)
components/BT/release/\libbtcore.a(ble_gatt_server.o)
                              /cygdrive/c/Airoha/AiroBlueSDK/AB1600_1_0_5_0/projects/TRSPX/output/trspx_gatt.o (BLE_gatt_charact_notify)
components/BT/release/\libbtcore.a(ble_gatt_client.o)
                              components/BT/release/\libbtcore.a(ble_att.o) (ATT_Client_GetHandleValueReport)
components/BT/release/\libbtcore.a(sm.o)
                              components/BT/release/\libbtcore.a(ble_gap_sm.o) (sm_init)
components/BT/release/\libbtcore.a(sm_cryptotool.o)
                              components/BT/release/\libbtcore.a(ble_gap_sm.o) (SM_CryptoTool_ReadLocalP256PublicKeyComplete)
components/BT/release/\libbtcore.a(sm_hal.o)
                              components/BT/release/\libbtcore.a(ble_gap_sm.o) (sm_hal_flash_get_last_paired_device)
components/BT/release/\libbtcore.a(sm_protocol.o)
                              components/BT/release/\libbtcore.a(sm_hal.o) (SM_Protocol_L2capEventHandler)
components/BT/release/\libbtcore.a(sm_slave.o)
                              components/BT/release/\libbtcore.a(ble_gap_sm.o) (SM_Slave_OOBInputRsp)
components/BT/release/\libbtcore.a(sm_master.o)
                              components/BT/release/\libbtcore.a(ble_gap_sm.o) (SM_Master_OOBInputRsp)
components/BT/release/\libbtcore.a(Drv_Trng.o)
                              components/BT/release/hci_protocol_1602.o (DRV_TRNG_Get)
components/BT/release/\libbtcore.a(Drv_MMITimer.o)
                              components/BT/release/\libbtcore.a(bt.o) (Drv_MMITimerDisable)
components/BT/release/\libbtcore.a(Ab_MMITimer.o)
                              components/BT/release/\libbtcore.a(ble_att.o) (Ab_MMITimerUnset)
components/BT/release/\libbtcore.a(Drv_1602.o)
                              /cygdrive/c/Airoha/AiroBlueSDK/AB1600_1_0_5_0/projects/TRSPX/output/pj/components/Libraries/hci_devices/hci_spi_1602.o (Drv_1602DataReady)
components/BT/release/\libbtcore.a(encrypt.o)
                              components/BT/release/\libbtcore.a(bt.o) (Encrypt)
components/BT/release/\libbtcore.a(hci.o)
                              components/BT/release/\libbtcore.a(bt.o) (hci_log_set)
components/BT/release/\libbtcore.a(hci_cmd_evt_dat.o)
                              components/BT/release/\libbtcore.a(bt.o) (hci_dat_info_update)
components/BT/release/\libbtcore.a(sm_common.o)
                              components/BT/release/\libbtcore.a(sm_hal.o) (SM_Common_ValueCompare)
components/Libraries/external/algo/\libalg.a(ab_adc.o)
                              /cygdrive/c/Airoha/AiroBlueSDK/AB1600_1_0_5_0/projects/TRSPX/output/pj/components/Libraries/sys/bsp_generic.o (AB_ADC_Init)
components/Libraries/external/algo/\libalg.a(ab_clk.o)
                              /cygdrive/c/Airoha/AiroBlueSDK/AB1600_1_0_5_0/projects/TRSPX/output/pj/components/Libraries/sys/bsp_generic.o (AB_CLK_Switch)
components/Libraries/external/algo/\libalg.a(console.o)
                              /cygdrive/c/Airoha/AiroBlueSDK/AB1600_1_0_5_0/projects/TRSPX/output/pj/components/Libraries/sys/bsp_generic.o (AB_console_handle)
components/Libraries/external/algo/\libalg.a(shell.o)
                              components/Libraries/external/algo/\libalg.a(console.o) (AB_shell_main_loop)
components/Libraries/external/algo/\libalg.a(ab_assert.o)
                              /cygdrive/c/Airoha/AiroBlueSDK/AB1600_1_0_5_0/projects/TRSPX/output/pj/components/Libraries/hci_devices/hci_spi_1602.o (assert_ab_callback_verbose)
components/Libraries/external/algo/\libalg.a(ab_debug.o)
[...]
Memory Configuration

Name             Origin             Length             Attributes
FLASH_DATA       0x00081000         0x0000f000         xr
FLASH_TEXT       0x00090000         0x00038000         xr
DRAM             0x00100000         0x00008000         !xr
*default*        0x00000000         0xffffffff

Linker script and memory map

LOAD /cygdrive/c/Airoha/AiroBlueSDK/AB1600_1_0_5_0/projects/TRSPX/output/pj/components/Device/AB1600/cfg_sector.o
LOAD /cygdrive/c/Airoha/AiroBlueSDK/AB1600_1_0_5_0/projects/TRSPX/output/pj/components/Libraries/uart/ab_uart.o
LOAD /cygdrive/c/Airoha/AiroBlueSDK/AB1600_1_0_5_0/projects/TRSPX/output/pj/components/Libraries/sys/bsp_generic.o
LOAD /cygdrive/c/Airoha/AiroBlueSDK/AB1600_1_0_5_0/projects/TRSPX/output/pj/components/Libraries/hci_devices/hci_spi_1602.o
LOAD /cygdrive/c/Airoha/AiroBlueSDK/AB1600_1_0_5_0/projects/TRSPX/output/pj/components/BT/release/bt_patch/1602_patching.o
LOAD /cygdrive/c/Airoha/AiroBlueSDK/AB1600_1_0_5_0/projects/TRSPX/output/main.o
LOAD /cygdrive/c/Airoha/AiroBlueSDK/AB1600_1_0_5_0/projects/TRSPX/output/trspx.o
LOAD /cygdrive/c/Airoha/AiroBlueSDK/AB1600_1_0_5_0/projects/TRSPX/output/trspx_gatt.o
LOAD /cygdrive/c/Airoha/AiroBlueSDK/AB1600_1_0_5_0/projects/TRSPX/output/service_trspx.o
LOAD components/BT/release/hci_protocol_1602.o
                0x000802a0                _ContextSwitch = 0x802a0
                0x00080060                VECTOR6 = 0x80060
                0x00210000                UART = 0x210000
                0x000807cc                CRC16_Generate = 0x807cc
                0x00201000                CMTFLASH = 0x201000
                0x00080476                AB_DFU_get_active_code_area = 0x80476
                0x00209000                FE25519 = 0x209000
                0x0021d000                ADC = 0x21d000
                0x00080800                CRC16_Generate_LongLenth = 0x80800
                0x00001000                __DFU_SECTOR_LEN = 0x1000
                0x00080240                VECTOR36 = 0x80240
                0x00080ba0                OS_Timer32B1_Init = 0x80ba0
                0x000801b0                VECTOR27 = 0x801b0
                0x00206000                WIRE3 = 0x206000
                0x000800f0                VECTOR15 = 0x800f0
                0x001000a8                AREA2_START = 0x1000a8
                0x00080888                OS_delay_us = 0x80888
                0x000800c0                VECTOR12 = 0x800c0
                0x00223000                TMR16B1 = 0x223000
                0x000801f0                VECTOR31 = 0x801f0
                0x00080160                VECTOR22 = 0x80160
                0x00211000                UART2 = 0x211000
                0x0020c000                SMARTCARD = 0x20c000
                0x00080040                VECTOR4 = 0x80040
                0x00226000                KEYSCAN = 0x226000
                0x0008032e                SysIntrHandlerCancel = 0x8032e
                0x00204000                IOMUX = 0x204000
                0x00080020                VECTOR2 = 0x80020
                0x00202000                SERIALFLASH = 0x202000
                0x000804bc                AB_DFU_check_status = 0x804bc
                0x00084000                DFU_active_area = 0x84000
                0x001000ac                AREA1_START = 0x1000ac
                0x001000b0                CRITICAL_DEPTH = 0x1000b0
                0x00080120                VECTOR18 = 0x80120
                0x0008030e                AB_SYS_WaitIClear = 0x8030e
                0x00221000                TMR32B1 = 0x221000
                0x0008095c                SYS_3WireWrite = 0x8095c
                0x0008052c                AB_SECTOR_GetCfgParameter = 0x8052c
                0x000801c0                VECTOR28 = 0x801c0
                0x00214000                I2C = 0x214000
                0x0021c000                AUDIO = 0x21c000
                0x00080220                VECTOR34 = 0x80220
                0x00080010                VECTOR1 = 0x80010
                0x000801e0                VECTOR30 = 0x801e0
                0x00080080                VECTOR8 = 0x80080
                0x00080190                VECTOR25 = 0x80190
                0x000808aa                OS_delay_ms = 0x808aa
                0x00080280                VECTOR40 = 0x80280
                0x00203000                CODEPATCH = 0x203000
                0x000800d0                VECTOR13 = 0x800d0
                0x00080070                VECTOR7 = 0x80070
                0x001000b4                SYS_CLOCK = 0x1000b4
                0x000800a0                VECTOR10 = 0x800a0
                0x000808b8                SYS_3WireRead = 0x808b8
                0x000809f6                SYS_3WireBitWrite = 0x809f6
                0x00080270                VECTOR39 = 0x80270
                0x00080140                VECTOR20 = 0x80140
                0x00080050                VECTOR5 = 0x80050
                0x00084000                __DFU_SECTOR_ADDR = 0x84000
                0x00080250                VECTOR37 = 0x80250
                0x000803fc                FlashSecretPattern = 0x803fc
                0x00205000                PMU = 0x205000
                0x00104000                _SDA_BASE_ = 0x104000
                0x00080aa2                OS_Timer32B1_Reset = 0x80aa2
                0x00080100                VECTOR16 = 0x80100
                0x00080b4e                OS_Timer32B1_Enable = 0x80b4e
                0x0008036a                SysIntrInitialise = 0x8036a
                0x00080384                SysIntrHandlerRegister = 0x80384
                0x00218000                SPI = 0x218000
                0x00107f00                __SYS_STACK_START = 0x107f00
                0x00219000                SPI2 = 0x219000
                0x00080a10                SYS_3WireBitErase = 0x80a10
                0x00220000                TMR32B0 = 0x220000
                0x00208000                SRP = 0x208000
                0x00080200                VECTOR32 = 0x80200
                0x0008055a                AB_Apply_CfgParameter = 0x8055a
                0x001000b8                gOSTimer32B1Prescale = 0x1000b8
                0x00080170                VECTOR23 = 0x80170
                0x00222000                TMR16B0 = 0x222000
                0x00080304                AB_SYS_SetWaitI = 0x80304
                0x00080130                VECTOR19 = 0x80130
                0x0008000c                VECTOR0_2 = 0x8000c
                0x00080afc                OS_Timer32B1_Disable = 0x80afc
                0x00080030                VECTOR3 = 0x80030
                0x00080090                VECTOR9 = 0x80090
                0x000801d0                VECTOR29 = 0x801d0
                0x000806ac                SysInit = 0x806ac
                0x00080230                VECTOR35 = 0x80230
                0x000801a0                VECTOR26 = 0x801a0
                0x001000bc                PSW_SAVE = 0x1000bc
                0x000800e0                VECTOR14 = 0x800e0
                0x00080008                VECTOR0_1 = 0x80008
                0x0008083a                DRV_MCU_ClearCache = 0x8083a
                0x00080440                AB_DFU_check_area_validity = 0x80440
                0x00225000                LED = 0x225000
                0x000800b0                VECTOR11 = 0x800b0
                0x0008053e                DefaultSystemHandler = 0x8053e
                0x001000c0                _memory_top_BOOT = 0x1000c0
                0x00080150                VECTOR21 = 0x80150
                0x00200000                MCU = 0x200000
                0x00080260                VECTOR38 = 0x80260
                0x00080000                VECTOR0 = 0x80000
                0x00080400                _start_up = 0x80400
                0x00080110                VECTOR17 = 0x80110
                0x00080a56                OS_Timer32B1_ReadTC = 0x80a56
                0x00080318                SysIntrHandler = 0x80318
                0x000803fc                _SECRET_PATTERN_ADDR = 0x803fc
                0x00080210                VECTOR33 = 0x80210
                0x00080180                VECTOR24 = 0x80180
                0x00224000                WDT = 0x224000
                0x00000000                __ROM_DATA_LMA = 0x0
                0x00000000                __ROM_DATA_VMA = 0x0
                0x00000000                __ROM_DATA_LEN = 0x0
                0x00000000                __ROM_BSS_START = 0x0
                0x00000000                __ROM_BSS_LEN = 0x0

.mp_sector      0x00081000     0x1000
 *(.mp_sector)
 .mp_sector     0x00081000     0x1000 /cygdrive/c/Airoha/AiroBlueSDK/AB1600_1_0_5_0/projects/TRSPX/output/pj/components/Device/AB1600/cfg_sector.o
                0x00081000                mp_sector

.cfg_sector     0x00082000     0x1000
 *(.cfg_sector)
 .cfg_sector    0x00082000     0x1000 /cygdrive/c/Airoha/AiroBlueSDK/AB1600_1_0_5_0/projects/TRSPX/output/pj/components/Device/AB1600/cfg_sector.o
                0x00082000                cfg_sector

.sm_sector      0x00083000     0x1000
 *(.sm_sector)
 .sm_sector     0x00083000     0x1000 components/BT/release/\libbtcore.a(sm_hal.o)
                0x00083000                sm_data

.dfu_sector     0x00084000     0x1000
 *(.dfu_sector)
 .dfu_sector    0x00084000     0x1000 components/Libraries/external/algo/\libalg.a(dfu.o)

.ap_sectors     0x00085000        0x0
 *(.ap_sector)
                0x00081000                __FLASH_DATA_START = ADDR (.mp_sector)
                0x00081000                __MP_SECTOR_ADDR = ADDR (.mp_sector)
                0x00001000                __MP_SECTOR_LEN = SIZEOF (.mp_sector)
                0x00082000                __DIS_SECTOR_ADDR = ADDR (.cfg_sector)
                0x00001000                __DIS_SECTOR_LEN = SIZEOF (.cfg_sector)
                0x00083000                __SM_SECTOR_ADDR = ADDR (.sm_sector)
                0x00001000                __SM_SECTOR_LEN = SIZEOF (.sm_sector)
                0x00084000                __DFU_SECTOR_ADDR = ADDR (.dfu_sector)
                0x00001000                __DFU_SECTOR_LEN = SIZEOF (.dfu_sector)
                0x00085000                __AP_SECTOR_ADDR = ADDR (.ap_sectors)
                0x00000000                __AP_SECTOR_LEN = SIZEOF (.ap_sectors)
                0x00085000                __FLASH_DATA_END = (ADDR (.ap_sectors) + SIZEOF (.ap_sectors))

.run_time       0x00090000       0x30
 *(.dfu_mark)
 .dfu_mark      0x00090000       0x20 /cygdrive/c/Airoha/AiroBlueSDK/AB1600_1_0_5_0/projects/TRSPX/output/pj/components/Device/AB1600/cfg_sector.o
                0x00090000                tag
 *(.module_start)
 .module_start  0x00090020        0x4 components/Libraries/external/algo/\libalg.a(ab_module.o)
                0x00090020                head
 *(.module)
 .module        0x00090024        0x4 /cygdrive/c/Airoha/AiroBlueSDK/AB1600_1_0_5_0/projects/TRSPX/output/pj/components/Libraries/hci_devices/hci_spi_1602.o
                0x00090024                phci_builtin_ab1602
 .module        0x00090028        0x4 components/BT/release/hci_protocol_1602.o
                0x00090028                phci_h4_ab1602
 *(.module_end)
 .module_end    0x0009002c        0x4 components/Libraries/external/algo/\libalg.a(ab_module.o)
                0x0009002c                end

.text           0x00090030     0xe7f4
 *(.text)
 .text          0x00090030       0x18 C:\Andestech\AndeSight211RDS\toolchains\nds32le-elf-mculib-v3m\nds32le-elf\libc\mculib\usr\lib\libc.a(lib_a-memcmp.o)
                0x00090030                memcmp
 .text          0x00090048       0x14 C:\Andestech\AndeSight211RDS\toolchains\nds32le-elf-mculib-v3m\nds32le-elf\libc\mculib\usr\lib\libc.a(lib_a-memcpy.o)
                0x00090048                memcpy
 .text          0x0009005c       0x2c C:\Andestech\AndeSight211RDS\toolchains\nds32le-elf-mculib-v3m\nds32le-elf\libc\mculib\usr\lib\libc.a(lib_a-memmove.o)
                0x0009005c                memmove
 .text          0x00090088       0x10 C:\Andestech\AndeSight211RDS\toolchains\nds32le-elf-mculib-v3m\nds32le-elf\libc\mculib\usr\lib\libc.a(lib_a-memset.o)
                0x00090088                memset
 .text          0x00090098       0x50 C:\Andestech\AndeSight211RDS\toolchains\nds32le-elf-mculib-v3m\nds32le-elf\libc\mculib\usr\lib\libc.a(lib_a-strcmp.o)
                0x00090098                strcmp
 .text          0x000900e8       0x10 C:\Andestech\AndeSight211RDS\toolchains\nds32le-elf-mculib-v3m\nds32le-elf\libc\mculib\usr\lib\libc.a(lib_a-strcpy.o)
                0x000900e8                strcpy
 .text          0x000900f8        0xc C:\Andestech\AndeSight211RDS\toolchains\nds32le-elf-mculib-v3m\nds32le-elf\libc\mculib\usr\lib\libc.a(lib_a-strlen.o)
                0x000900f8                strlen
 .text          0x00090104       0x18 C:\Andestech\AndeSight211RDS\toolchains\nds32le-elf-mculib-v3m\nds32le-elf\libc\mculib\usr\lib\libc.a(lib_a-strncmp.o)
                0x00090104                strncmp
 .text          0x0009011c       0x54 C:\Andestech\AndeSight211RDS\toolchains\nds32le-elf-mculib-v3m\lib\gcc\nds32le-elf\4.4.4\mculib\libgcc.a(_muldi3.o)
                0x0009011c                __muldi3
 .text          0x00090170       0x2c C:\Andestech\AndeSight211RDS\toolchains\nds32le-elf-mculib-v3m\lib\gcc\nds32le-elf\4.4.4\mculib\libgcc.a(_lshrdi3.o)
                0x00090170                __lshrdi3
 .text          0x0009019c       0x2c C:\Andestech\AndeSight211RDS\toolchains\nds32le-elf-mculib-v3m\lib\gcc\nds32le-elf\4.4.4\mculib\libgcc.a(_ashldi3.o)
                0x0009019c                __ashldi3
 .text          0x000901c8      0x158 C:\Andestech\AndeSight211RDS\toolchains\nds32le-elf-mculib-v3m\lib\gcc\nds32le-elf\4.4.4\mculib\libgcc.a(_mul_sf.o)
                0x000901c8                __gf_fpmul
                0x000901c8                __float32_mul
                0x000901c8                __mulsf3
 .text          0x00090320      0x178 C:\Andestech\AndeSight211RDS\toolchains\nds32le-elf-mculib-v3m\lib\gcc\nds32le-elf\4.4.4\mculib\libgcc.a(_div_sf.o)
                0x00090320                __divsf3
                0x00090320                __float32_div
                0x00090320                __gf_fpdiv
 *(.text.*)
 .text.AB_UART_RxRecidue
                0x00090498       0x22 /cygdrive/c/Airoha/AiroBlueSDK/AB1600_1_0_5_0/projects/TRSPX/output/pj/components/Libraries/uart/ab_uart.o
                0x00090498                AB_UART_RxRecidue
 .text.AB_UART_Read
                0x000904ba      0x14e /cygdrive/c/Airoha/AiroBlueSDK/AB1600_1_0_5_0/projects/TRSPX/output/pj/components/Libraries/uart/ab_uart.o
                0x000904ba                AB_UART_Read
 .text.driver_tx_complete
                0x00090608       0x30 /cygdrive/c/Airoha/AiroBlueSDK/AB1600_1_0_5_0/projects/TRSPX/output/pj/components/Libraries/uart/ab_uart.o
 .text.AB_UART_Write
                0x00090638       0xa8 /cygdrive/c/Airoha/AiroBlueSDK/AB1600_1_0_5_0/projects/TRSPX/output/pj/components/Libraries/uart/ab_uart.o
                0x00090638                AB_UART_Write
 .text.AB_UART_Flush
                0x000906e0        0xe /cygdrive/c/Airoha/AiroBlueSDK/AB1600_1_0_5_0/projects/TRSPX/output/pj/components/Libraries/uart/ab_uart.o
                0x000906e0                AB_UART_Flush
 .text.AB_UART_Open
                0x000906ee       0xe2 /cygdrive/c/Airoha/AiroBlueSDK/AB1600_1_0_5_0/projects/TRSPX/output/pj/components/Libraries/uart/ab_uart.o
                0x000906ee                AB_UART_Open
 .text.uart2_rx_data_fctl
                0x000907d0       0xbe /cygdrive/c/Airoha/AiroBlueSDK/AB1600_1_0_5_0/projects/TRSPX/output/pj/components/Libraries/uart/ab_uart.o
 .text.AB_BSP_initEx
                0x0009088e      0x24a /cygdrive/c/Airoha/AiroBlueSDK/AB1600_1_0_5_0/projects/TRSPX/output/pj/components/Libraries/sys/bsp_generic.o
                0x0009088e                AB_BSP_initEx
 .text.uart1_rx_ind
                0x00090ad8       0x50 /cygdrive/c/Airoha/AiroBlueSDK/AB1600_1_0_5_0/projects/TRSPX/output/pj/components/Libraries/sys/bsp_generic.o
 .text.uart2_rx_ind
                0x00090b28       0x58 /cygdrive/c/Airoha/AiroBlueSDK/AB1600_1_0_5_0/projects/TRSPX/output/pj/components/Libraries/sys/bsp_generic.o
 .text.bsp_mp_uart_tx
                0x00090b80       0x12 /cygdrive/c/Airoha/AiroBlueSDK/AB1600_1_0_5_0/projects/TRSPX/output/pj/components/Libraries/sys/bsp_generic.o
 .text.bsp_console_uart_tx
                0x00090b92       0x12 /cygdrive/c/Airoha/AiroBlueSDK/AB1600_1_0_5_0/projects/TRSPX/output/pj/components/Libraries/sys/bsp_generic.o
 .text.bsp_bt_event_hanlder
                0x00090ba4       0x3e /cygdrive/c/Airoha/AiroBlueSDK/AB1600_1_0_5_0/projects/TRSPX/output/pj/components/Libraries/sys/bsp_generic.o
 .text.hci_spi1602_check_data
                0x00090be2       0x2c /cygdrive/c/Airoha/AiroBlueSDK/AB1600_1_0_5_0/projects/TRSPX/output/pj/components/Libraries/hci_devices/hci_spi_1602.o
 .text.hci_spi1602_read_data
                0x00090c0e       0x46 /cygdrive/c/Airoha/AiroBlueSDK/AB1600_1_0_5_0/projects/TRSPX/output/pj/components/Libraries/hci_devices/hci_spi_1602.o
 .text.read_trxlen_compl_int
                0x00090c54       0xdc /cygdrive/c/Airoha/AiroBlueSDK/AB1600_1_0_5_0/projects/TRSPX/output/pj/components/Libraries/hci_devices/hci_spi_1602.o
 .text.send_tx_compl_int
                0x00090d30        0xe /cygdrive/c/Airoha/AiroBlueSDK/AB1600_1_0_5_0/projects/TRSPX/output/pj/components/Libraries/hci_devices/hci_spi_1602.o
 .text.read_rx_compl_int
                0x00090d3e       0x2a /cygdrive/c/Airoha/AiroBlueSDK/AB1600_1_0_5_0/projects/TRSPX/output/pj/components/Libraries/hci_devices/hci_spi_1602.o
 .text.data_ready_int
                0x00090d68        0xe /cygdrive/c/Airoha/AiroBlueSDK/AB1600_1_0_5_0/projects/TRSPX/output/pj/components/Libraries/hci_devices/hci_spi_1602.o
 .text.hci_spi1602_send_data
                0x00090d76       0x90 /cygdrive/c/Airoha/AiroBlueSDK/AB1600_1_0_5_0/projects/TRSPX/output/pj/components/Libraries/hci_devices/hci_spi_1602.o
 .text.hci_spi1602_deinit
                0x00090e06       0x20 /cygdrive/c/Airoha/AiroBlueSDK/AB1600_1_0_5_0/projects/TRSPX/output/pj/components/Libraries/hci_devices/hci_spi_1602.o
 .text.hci_spi1602_init
                0x00090e26       0x58 /cygdrive/c/Airoha/AiroBlueSDK/AB1600_1_0_5_0/projects/TRSPX/output/pj/components/Libraries/hci_devices/hci_spi_1602.o
 .text.uart_rx_data_ind
                0x00090e7e       0x5a /cygdrive/c/Airoha/AiroBlueSDK/AB1600_1_0_5_0/projects/TRSPX/output/main.o
 .text.uart_rx_timer
                0x00090ed8       0x54 /cygdrive/c/Airoha/AiroBlueSDK/AB1600_1_0_5_0/projects/TRSPX/output/main.o
                0x00090ed8                uart_rx_timer
 .text.main     0x00090f2c      0x252 /cygdrive/c/Airoha/AiroBlueSDK/AB1600_1_0_5_0/projects/TRSPX/output/main.o
                0x00090f2c                main
 .text.TRSPX_init
                0x0009117e        0xe /cygdrive/c/Airoha/AiroBlueSDK/AB1600_1_0_5_0/projects/TRSPX/output/trspx.o
                0x0009117e                TRSPX_init
 .text.TRSPX_ble_set_scan_data_cb
                0x0009118c       0x22 /cygdrive/c/Airoha/AiroBlueSDK/AB1600_1_0_5_0/projects/TRSPX/output/trspx.o
 .text.TRSPX_bt_evt_hdl
                0x000911ae       0x9e /cygdrive/c/Airoha/AiroBlueSDK/AB1600_1_0_5_0/projects/TRSPX/output/trspx.o
                0x000911ae                TRSPX_bt_evt_hdl
 .text.TRSPX_ble_set_adv_data_cb
                0x0009124c       0x36 /cygdrive/c/Airoha/AiroBlueSDK/AB1600_1_0_5_0/projects/TRSPX/output/trspx.o
                0x0009124c                TRSPX_ble_set_adv_data_cb
 .text.TRSPX_ble_set_adv_parameter_cb
                0x00091282       0x24 /cygdrive/c/Airoha/AiroBlueSDK/AB1600_1_0_5_0/projects/TRSPX/output/trspx.o
                0x00091282                TRSPX_ble_set_adv_parameter_cb
 .text.TRSPX_ble_set_adv_scan_data_cpl_cb
                0x000912a6       0x10 /cygdrive/c/Airoha/AiroBlueSDK/AB1600_1_0_5_0/projects/TRSPX/output/trspx.o
                0x000912a6                TRSPX_ble_set_adv_scan_data_cpl_cb
 .text._LeXport_TxCccdCB
                0x000912b6        0x4 /cygdrive/c/Airoha/AiroBlueSDK/AB1600_1_0_5_0/projects/TRSPX/output/trspx_gatt.o
                0x000912b6                _LeXport_TxCccdCB
 .text.TRSPX_service_init
                0x000912ba       0x24 /cygdrive/c/Airoha/AiroBlueSDK/AB1600_1_0_5_0/projects/TRSPX/output/trspx_gatt.o
                0x000912ba                TRSPX_service_init
 .text.TRSPX_send
                0x000912de       0x3e /cygdrive/c/Airoha/AiroBlueSDK/AB1600_1_0_5_0/projects/TRSPX/output/trspx_gatt.o
                0x000912de                TRSPX_send
 .text._LeXport_RxCB
                0x0009131c       0x18 /cygdrive/c/Airoha/AiroBlueSDK/AB1600_1_0_5_0/projects/TRSPX/output/trspx_gatt.o
                0x0009131c                _LeXport_RxCB
 .text.TRSPX_service_init_para
                0x00091334      0x14e /cygdrive/c/Airoha/AiroBlueSDK/AB1600_1_0_5_0/projects/TRSPX/output/service_trspx.o
                0x00091334                TRSPX_service_init_para
 .text.chip_1602_is_vcmd_complete_event
                0x00091482       0x50 components/BT/release/hci_protocol_1602.o
 .text.chip_1602_is_boot_complete_event
                0x000914d2       0x76 components/BT/release/hci_protocol_1602.o
 .text.chip_1602_init
                0x00091548       0x32 components/BT/release/hci_protocol_1602.o
 .text.hci_1602_lens_ind_cb
                0x0009157a       0x16 components/BT/release/hci_protocol_1602.o
 .text.chip_1602_send_acl_data
                0x00091590       0xbc components/BT/release/hci_protocol_1602.o
 .text.make_command_complete_ex
                0x0009164c       0x74 components/BT/release/hci_protocol_1602.o
 .text.make_command_complete
                0x000916c0       0x10 components/BT/release/hci_protocol_1602.o
 .text.chip_1602_check_chip_cmd_permission
                0x000916d0       0x36 components/BT/release/hci_protocol_1602.o
                0x000916d0                chip_1602_check_chip_cmd_permission
 .text.chip_1602_send_hci_command
                0x00091706      0x18e components/BT/release/hci_protocol_1602.o
 .text.chip_1602_init_adopt_mp
                0x00091894      0x150 components/BT/release/hci_protocol_1602.o
 .text.chip_1602_init_config
                0x000919e4      0x17e components/BT/release/hci_protocol_1602.o
 .text.chip_1602_init_sw_reset
                0x00091b62       0xca components/BT/release/hci_protocol_1602.o
 .text.chip_1602_init_patching
                0x00091c2c      0x216 components/BT/release/hci_protocol_1602.o
 .text.hci_rx_recv
                0x00091e42      0x1be components/BT/release/hci_protocol_1602.o
 .text.hci_1602_read_cfm_cb
                0x00092000       0x4e components/BT/release/hci_protocol_1602.o
 .text.hci_h4_decode
                0x0009204e      0x172 components/BT/release/\libbtcore.a(hci_h4_parser.o)
                0x0009204e                hci_h4_decode
 .text.hci_h4_encode_dat
                0x000921c0       0x42 components/BT/release/\libbtcore.a(hci_h4_parser.o)
                0x000921c0                hci_h4_encode_dat
 .text.hci_h4_encode_cmd
                0x00092202       0x3c components/BT/release/\libbtcore.a(hci_h4_parser.o)
                0x00092202                hci_h4_encode_cmd
 .text.bt_infom_ap
                0x0009223e        0xc components/BT/release/\libbtcore.a(bt.o)
                0x0009223e                bt_infom_ap
 .text.BT_Log_Enable
                0x0009224a        0xa components/BT/release/\libbtcore.a(bt.o)
                0x0009224a                BT_Log_Enable
 .text.BT_Pending_TxCnt
                0x00092254        0x8 components/BT/release/\libbtcore.a(bt.o)
                0x00092254                BT_Pending_TxCnt
 .text.BT_InitEx2
                0x0009225c      0x174 components/BT/release/\libbtcore.a(bt.o)
                0x0009225c                BT_InitEx2
 .text.hci_init_done
                0x000923d0       0x2e components/BT/release/\libbtcore.a(bt.o)
 .text.bt_init_read_buf_size
                0x000923fe       0x90 components/BT/release/\libbtcore.a(bt.o)
 .text.generic_status_complete_cb
                0x0009248e       0x24 components/BT/release/\libbtcore.a(ble_gap.o)
 .text.generic_encrypt_cb
                0x000924b2       0x16 components/BT/release/\libbtcore.a(ble_gap.o)
 .text.generic_conn_update_cb
                0x000924c8       0x16 components/BT/release/\libbtcore.a(ble_gap.o)
 .text.ble_gap_init
                0x000924de       0x3a components/BT/release/\libbtcore.a(ble_gap.o)
                0x000924de                ble_gap_init
 .text.ble_gap_tx_power_set
                0x00092518       0x20 components/BT/release/\libbtcore.a(ble_gap.o)
                0x00092518                ble_gap_tx_power_set
 .text.set_adv_parm_cb
                0x00092538       0x2c components/BT/release/\libbtcore.a(ble_gap.o)
 .text.gap_init_cb
                0x00092564       0x44 components/BT/release/\libbtcore.a(ble_gap.o)
 .text.generic_complete_cb
                0x000925a8       0xb8 components/BT/release/\libbtcore.a(ble_gap.o)
 .text.ble_gap_start_encrypt
                0x00092660       0x2c components/BT/release/\libbtcore.a(ble_gap.o)
                0x00092660                ble_gap_start_encrypt
 .text.ble_gap_address_set
                0x0009268c       0x92 components/BT/release/\libbtcore.a(ble_gap.o)
                0x0009268c                ble_gap_address_set
 .text.ble_gap_conn_param_update
                0x0009271e       0x8c components/BT/release/\libbtcore.a(ble_gap.o)
                0x0009271e                ble_gap_conn_param_update
 .text.ble_gap_adv_start
                0x000927aa       0xc8 components/BT/release/\libbtcore.a(ble_gap.o)
                0x000927aa                ble_gap_adv_start
 .text.ble_gap_scan_data_set
                0x00092872       0x40 components/BT/release/\libbtcore.a(ble_gap.o)
                0x00092872                ble_gap_scan_data_set
 .text.ble_gap_adv_data_set
                0x000928b2       0x40 components/BT/release/\libbtcore.a(ble_gap.o)
                0x000928b2                ble_gap_adv_data_set
 .text.ble_gap_event_handler
                0x000928f2      0x228 components/BT/release/\libbtcore.a(ble_gap.o)
                0x000928f2                ble_gap_event_handler
 .text.ble_gap_link_GetAttr_OwnerType
                0x00092b1a       0x16 components/BT/release/\libbtcore.a(ble_gap_links.o)
                0x00092b1a                ble_gap_link_GetAttr_OwnerType
 .text.ble_gap_link_GetAttr_OwnerAddr
                0x00092b30       0x1e components/BT/release/\libbtcore.a(ble_gap_links.o)
                0x00092b30                ble_gap_link_GetAttr_OwnerAddr
 .text.ble_gap_link_GetAttr_Handle
                0x00092b4e       0x26 components/BT/release/\libbtcore.a(ble_gap_links.o)
                0x00092b4e                ble_gap_link_GetAttr_Handle
 .text.ble_gap_link_GetIdx_ByHandle
                0x00092b74       0x30 components/BT/release/\libbtcore.a(ble_gap_links.o)
                0x00092b74                ble_gap_link_GetIdx_ByHandle
 .text.ble_gap_link_GetAttr_BdAddr
                0x00092ba4       0x14 components/BT/release/\libbtcore.a(ble_gap_links.o)
                0x00092ba4                ble_gap_link_GetAttr_BdAddr
 .text.ble_gap_link_GetAttr_BdAddrType
                0x00092bb8       0x14 components/BT/release/\libbtcore.a(ble_gap_links.o)
                0x00092bb8                ble_gap_link_GetAttr_BdAddrType
 .text.ble_gap_link_GetIdx_Empty
                0x00092bcc       0x1e components/BT/release/\libbtcore.a(ble_gap_links.o)
                0x00092bcc                ble_gap_link_GetIdx_Empty
 .text.ble_gap_link_SetAttr_Auth
                0x00092bea       0x16 components/BT/release/\libbtcore.a(ble_gap_links.o)
                0x00092bea                ble_gap_link_SetAttr_Auth
 .text.ble_gap_link_GetAttr_Auth
                0x00092c00       0x16 components/BT/release/\libbtcore.a(ble_gap_links.o)
                0x00092c00                ble_gap_link_GetAttr_Auth
 .text.ble_gap_link_SetAttr_Enc
                0x00092c16       0x16 components/BT/release/\libbtcore.a(ble_gap_links.o)
                0x00092c16                ble_gap_link_SetAttr_Enc
 .text.ble_gap_link_GetAttr_Enc
                0x00092c2c       0x16 components/BT/release/\libbtcore.a(ble_gap_links.o)
                0x00092c2c                ble_gap_link_GetAttr_Enc
 .text.ble_gap_link_SetAttr_State
                0x00092c42       0x16 components/BT/release/\libbtcore.a(ble_gap_links.o)
                0x00092c42                ble_gap_link_SetAttr_State
 .text.ble_gap_link_Del
                0x00092c58       0x1e components/BT/release/\libbtcore.a(ble_gap_links.o)
                0x00092c58                ble_gap_link_Del
 .text.ble_gap_link_Add
                0x00092c76       0x1c components/BT/release/\libbtcore.a(ble_gap_links.o)
                0x00092c76                ble_gap_link_Add
 .text.ble_gap_link_GetAttr_Role
                0x00092c92       0x14 components/BT/release/\libbtcore.a(ble_gap_links.o)
                0x00092c92                ble_gap_link_GetAttr_Role
 .text.ble_gap_link_SetAttr_Data
                0x00092ca6       0x28 components/BT/release/\libbtcore.a(ble_gap_links.o)
                0x00092ca6                ble_gap_link_SetAttr_Data
 .text.ble_gap_link_GetAttr_Data
                0x00092cce       0x30 components/BT/release/\libbtcore.a(ble_gap_links.o)
                0x00092cce                ble_gap_link_GetAttr_Data
 .text.ble_gap_link_GetIdx_ByBdAddr
                0x00092cfe       0x30 components/BT/release/\libbtcore.a(ble_gap_links.o)
                0x00092cfe                ble_gap_link_GetIdx_ByBdAddr
 .text.ble_gap_link_Add_Ex
                0x00092d2e       0x68 components/BT/release/\libbtcore.a(ble_gap_links.o)
                0x00092d2e                ble_gap_link_Add_Ex
 .text.ble_gap_link_Is_ValidAddr
                0x00092d96       0x12 components/BT/release/\libbtcore.a(ble_gap_links.o)
                0x00092d96                ble_gap_link_Is_ValidAddr
 .text.BLE_gap_sm_init
                0x00092da8        0x8 components/BT/release/\libbtcore.a(ble_gap_sm.o)
                0x00092da8                BLE_gap_sm_init
 .text.BLE_gap_sm_disconnected
                0x00092db0        0xe components/BT/release/\libbtcore.a(ble_gap_sm.o)
                0x00092db0                BLE_gap_sm_disconnected
 .text.BLE_gap_sm_set_link_auth
                0x00092dbe       0x3e components/BT/release/\libbtcore.a(ble_gap_sm.o)
                0x00092dbe                BLE_gap_sm_set_link_auth
 .text.BLE_gap_sm_encryption_change
                0x00092dfc       0x4e components/BT/release/\libbtcore.a(ble_gap_sm.o)
                0x00092dfc                BLE_gap_sm_encryption_change
 .text.BLE_gap_sm_ltk_request
                0x00092e4a       0x1c components/BT/release/\libbtcore.a(ble_gap_sm.o)
                0x00092e4a                BLE_gap_sm_ltk_request
 .text.BLE_gap_sm_gen_dhkey_complete
                0x00092e66        0x8 components/BT/release/\libbtcore.a(ble_gap_sm.o)
                0x00092e66                BLE_gap_sm_gen_dhkey_complete
 .text.BLE_gap_sm_read_public_key_complete
                0x00092e6e        0x8 components/BT/release/\libbtcore.a(ble_gap_sm.o)
                0x00092e6e                BLE_gap_sm_read_public_key_complete
 .text.l2cap_find_cidcb
                0x00092e76       0x28 components/BT/release/\libbtcore.a(ble_l2cap.o)
 .text.l2cap_notify
                0x00092e9e       0x30 components/BT/release/\libbtcore.a(ble_l2cap.o)
                0x00092e9e                l2cap_notify
 .text.l2cap_pdu_dispatch
                0x00092ece       0x24 components/BT/release/\libbtcore.a(ble_l2cap.o)
                0x00092ece                l2cap_pdu_dispatch
 .text.BLE_l2cap_cid_register
                0x00092ef2       0x16 components/BT/release/\libbtcore.a(ble_l2cap.o)
                0x00092ef2                BLE_l2cap_cid_register
 .text.l2cap_init
                0x00092f08       0x12 components/BT/release/\libbtcore.a(ble_l2cap.o)
                0x00092f08                l2cap_init
 .text.l2cap_hci_fragment
                0x00092f1a       0x4e components/BT/release/\libbtcore.a(ble_l2cap.o)
                0x00092f1a                l2cap_hci_fragment
 .text.l2cap_hci_recombine
                0x00092f68      0x1d4 components/BT/release/\libbtcore.a(ble_l2cap.o)
                0x00092f68                l2cap_hci_recombine
 .text.l2cap_lesig_error_rsp
                0x0009313c       0x32 components/BT/release/\libbtcore.a(l2cap_le_sig.o)
                0x0009313c                l2cap_lesig_error_rsp
 .text.l2cap_lesig_conn_param_update_req
                0x0009316e       0x2c components/BT/release/\libbtcore.a(l2cap_le_sig.o)
                0x0009316e                l2cap_lesig_conn_param_update_req
 .text.l2cap_lesig_init
                0x0009319a       0x12 components/BT/release/\libbtcore.a(l2cap_le_sig.o)
                0x0009319a                l2cap_lesig_init
 .text.le_sig_cid_evt_cb
                0x000931ac       0xa6 components/BT/release/\libbtcore.a(l2cap_le_sig.o)
                0x000931ac                le_sig_cid_evt_cb
 .text.ATT_UnknownPduHadler
                0x00093252        0x4 components/BT/release/\libbtcore.a(ble_att.o)
 .text.ATT_transaction_timeout_cb
                0x00093256       0x1a components/BT/release/\libbtcore.a(ble_att.o)
                0x00093256                ATT_transaction_timeout_cb
 .text.ATT_is_in_transaction
                0x00093270       0x10 components/BT/release/\libbtcore.a(ble_att.o)
                0x00093270                ATT_is_in_transaction
 .text.ATT_BinarySearchIndexByHandle
                0x00093280       0x5e components/BT/release/\libbtcore.a(ble_att.o)
 .text.ATT_CheckHandle
                0x000932de       0x18 components/BT/release/\libbtcore.a(ble_att.o)
 .text.ATT_CALLBACK
                0x000932f6       0x32 components/BT/release/\libbtcore.a(ble_att.o)
 .text.ATT_ReturnGroupEndIndex
                0x00093328       0x66 components/BT/release/\libbtcore.a(ble_att.o)
 .text.ATT_SetU16LE
                0x0009338e        0xc components/BT/release/\libbtcore.a(ble_att.o)
                0x0009338e                ATT_SetU16LE
 .text.ATT_GetU16LE
                0x0009339a       0x10 components/BT/release/\libbtcore.a(ble_att.o)
                0x0009339a                ATT_GetU16LE
 .text.BLE_att_get_attribute_length
                0x000933aa       0x2a components/BT/release/\libbtcore.a(ble_att.o)
                0x000933aa                BLE_att_get_attribute_length
 .text.BLE_att_set_default_mtu
                0x000933d4        0x8 components/BT/release/\libbtcore.a(ble_att.o)
                0x000933d4                BLE_att_set_default_mtu
 .text.ATT_ConvertToUUID128
                0x000933dc       0x36 components/BT/release/\libbtcore.a(ble_att.o)
 .text.ATT_ReleasePWQ
                0x00093412       0x2a components/BT/release/\libbtcore.a(ble_att.o)
 .text.ATT_AllocRspDataPdu
                0x0009343c       0x28 components/BT/release/\libbtcore.a(ble_att.o)
 .text.ATT_CheckAccessPermission
                0x00093464       0x70 components/BT/release/\libbtcore.a(ble_att.o)
 .text.ATT_CheckWritePermission
                0x000934d4       0x20 components/BT/release/\libbtcore.a(ble_att.o)
 .text.ATT_CheckReadPermission
                0x000934f4       0x1e components/BT/release/\libbtcore.a(ble_att.o)
 .text.ATT_IsSameValue
                0x00093512        0xe components/BT/release/\libbtcore.a(ble_att.o)
 .text.BLE_att_set_attribute_length
                0x00093520       0x7c components/BT/release/\libbtcore.a(ble_att.o)
                0x00093520                BLE_att_set_attribute_length
 .text.ATT_end_transaction
                0x0009359c       0x26 components/BT/release/\libbtcore.a(ble_att.o)
                0x0009359c                ATT_end_transaction
 .text.ATT_ServerGetConfirmation
                0x000935c2       0x26 components/BT/release/\libbtcore.a(ble_att.o)
 .text.ATT_start_transaction
                0x000935e8       0x34 components/BT/release/\libbtcore.a(ble_att.o)
                0x000935e8                ATT_start_transaction
 .text.ATT_SendPduToL2CAP
                0x0009361c       0x12 components/BT/release/\libbtcore.a(ble_att.o)
                0x0009361c                ATT_SendPduToL2CAP
 .text.ATT_SendErrorRsp
                0x0009362e       0x26 components/BT/release/\libbtcore.a(ble_att.o)
 .text.ATT_ServerGetExecuteWriteReq
                0x00093654       0xde components/BT/release/\libbtcore.a(ble_att.o)
 .text.ATT_ServerGetPrepareWriteReq
                0x00093732       0xb2 components/BT/release/\libbtcore.a(ble_att.o)
 .text.ATT_ServerGetWriteMux
                0x000937e4       0xf0 components/BT/release/\libbtcore.a(ble_att.o)
 .text.ATT_ServerGetReadByGroupTypeReq
                0x000938d4      0x18c components/BT/release/\libbtcore.a(ble_att.o)
 .text.ATT_ServerGetReadMultiReq
                0x00093a60       0xfa components/BT/release/\libbtcore.a(ble_att.o)
 .text.ATT_ServerGetReadBlobReq
                0x00093b5a       0xfa components/BT/release/\libbtcore.a(ble_att.o)
 .text.ATT_ServerGetReadValueReq
                0x00093c54       0xaa components/BT/release/\libbtcore.a(ble_att.o)
 .text.ATT_ServerGetReadByTypeReq
                0x00093cfe      0x222 components/BT/release/\libbtcore.a(ble_att.o)
 .text.ATT_ServerGetFindByTypeValueReq
                0x00093f20      0x160 components/BT/release/\libbtcore.a(ble_att.o)
 .text.ATT_ServerGetFindInfoReq
                0x00094080      0x1a0 components/BT/release/\libbtcore.a(ble_att.o)
 .text.ATT_ServerGetMtuExchangeReq
                0x00094220       0x76 components/BT/release/\libbtcore.a(ble_att.o)
 .text.ATT_HandleValueReportMux
                0x00094296       0xc2 components/BT/release/\libbtcore.a(ble_att.o)
                0x00094296                ATT_HandleValueReportMux
 .text.att_init
                0x00094358       0x3e components/BT/release/\libbtcore.a(ble_att.o)
                0x00094358                att_init
 .text.ATT_cid_evt_cb
                0x00094396       0xf4 components/BT/release/\libbtcore.a(ble_att.o)
                0x00094396                ATT_cid_evt_cb
 .text._ble_cccd_common_cb
                0x0009448a       0xe0 components/BT/release/\libbtcore.a(ble_gatt_server.o)
                0x0009448a                _ble_cccd_common_cb
 .text._ble_gatt_charact_notify_indicate
                0x0009456a       0x7c components/BT/release/\libbtcore.a(ble_gatt_server.o)
                0x0009456a                _ble_gatt_charact_notify_indicate
 .text.BLE_gatt_charact_notify
                0x000945e6       0x5c components/BT/release/\libbtcore.a(ble_gatt_server.o)
                0x000945e6                BLE_gatt_charact_notify
 .text._ble_gatt_set_uuid
                0x00094642       0x48 components/BT/release/\libbtcore.a(ble_gatt_server.o)
                0x00094642                _ble_gatt_set_uuid
 .text._ble_gatt_new_attribute
                0x0009468a       0xc8 components/BT/release/\libbtcore.a(ble_gatt_server.o)
                0x0009468a                _ble_gatt_new_attribute
 .text.BLE_gatt_add_charact
                0x00094752       0xfa components/BT/release/\libbtcore.a(ble_gatt_server.o)
                0x00094752                BLE_gatt_add_charact
 .text.BLE_gatt_add_service
                0x0009484c       0x5e components/BT/release/\libbtcore.a(ble_gatt_server.o)
                0x0009484c                BLE_gatt_add_service
 .text._ble_gatt_hook_cccd_and_char
                0x000948aa       0xb4 components/BT/release/\libbtcore.a(ble_gatt_server.o)
                0x000948aa                _ble_gatt_hook_cccd_and_char
 .text._ble_gatt_check_cccd
                0x0009495e       0x64 components/BT/release/\libbtcore.a(ble_gatt_server.o)
                0x0009495e                _ble_gatt_check_cccd
 .text.BLE_gatt_add_descrip
                0x000949c2       0x3c components/BT/release/\libbtcore.a(ble_gatt_server.o)
                0x000949c2                BLE_gatt_add_descrip
 .text.ATT_Client_GetHandleValueReport
                0x000949fe       0x8c components/BT/release/\libbtcore.a(ble_gatt_client.o)
                0x000949fe                ATT_Client_GetHandleValueReport
 .text.sm_init  0x00094a8a       0x1c components/BT/release/\libbtcore.a(sm.o)
                0x00094a8a                sm_init
 .text.SM_FinishPairing
                0x00094aa6       0x7c components/BT/release/\libbtcore.a(sm.o)
                0x00094aa6                SM_FinishPairing
 .text.SM_PairingFailed
                0x00094b22       0x1c components/BT/release/\libbtcore.a(sm.o)
                0x00094b22                SM_PairingFailed
 .text.SM_StartKeyDistribution
                0x00094b3e       0xfc components/BT/release/\libbtcore.a(sm.o)
                0x00094b3e                SM_StartKeyDistribution
 .text.SM_WaitKeyDistribution
                0x00094c3a       0x7a components/BT/release/\libbtcore.a(sm.o)
                0x00094c3a                SM_WaitKeyDistribution
 .text.SM_LinkDisconnected
                0x00094cb4       0x20 components/BT/release/\libbtcore.a(sm.o)
                0x00094cb4                SM_LinkDisconnected
 .text.SM_CryptoTool_16Byte_XOR
                0x00094cd4       0x1a components/BT/release/\libbtcore.a(sm_cryptotool.o)
 .text.SM_CryptoTool_LeftShiftOneBit
                0x00094cee       0x28 components/BT/release/\libbtcore.a(sm_cryptotool.o)
 .text.SM_CryptoTool_init
                0x00094d16       0x2a components/BT/release/\libbtcore.a(sm_cryptotool.o)
                0x00094d16                SM_CryptoTool_init
 .text.f5_finish
                0x00094d40       0x28 components/BT/release/\libbtcore.a(sm_cryptotool.o)
                0x00094d40                f5_finish
 .text.f5_generate_ltk_cb
                0x00094d68       0x14 components/BT/release/\libbtcore.a(sm_cryptotool.o)
 .text.cmac_finish
                0x00094d7c       0x54 components/BT/release/\libbtcore.a(sm_cryptotool.o)
                0x00094d7c                cmac_finish
 .text.g2_generate_cb
                0x00094dd0       0x3a components/BT/release/\libbtcore.a(sm_cryptotool.o)
                0x00094dd0                g2_generate_cb
 .text.ah_generate_cb
                0x00094e0a       0x34 components/BT/release/\libbtcore.a(sm_cryptotool.o)
                0x00094e0a                ah_generate_cb
 .text.SM_CryptoTool_ReadLocalP256PublicKeyComplete
                0x00094e3e       0x3c components/BT/release/\libbtcore.a(sm_cryptotool.o)
                0x00094e3e                SM_CryptoTool_ReadLocalP256PublicKeyComplete
 .text.SM_CryptoTool_AES_Cipher
                0x00094e7a       0x34 components/BT/release/\libbtcore.a(sm_cryptotool.o)
 .text.cmac_generate_SubKey
                0x00094eae       0x64 components/BT/release/\libbtcore.a(sm_cryptotool.o)
                0x00094eae                cmac_generate_SubKey
 .text.cmac_1   0x00094f12       0xb2 components/BT/release/\libbtcore.a(sm_cryptotool.o)
                0x00094f12                cmac_1
 .text.cmac_start
                0x00094fc4       0x3a components/BT/release/\libbtcore.a(sm_cryptotool.o)
                0x00094fc4                cmac_start
 .text.AES_CMAC
                0x00094ffe       0x5a components/BT/release/\libbtcore.a(sm_cryptotool.o)
 .text.g2       0x00095058       0x76 components/BT/release/\libbtcore.a(sm_cryptotool.o)
                0x00095058                g2
 .text.f6       0x000950ce       0x8e components/BT/release/\libbtcore.a(sm_cryptotool.o)
                0x000950ce                f6
 .text.f5       0x0009515c       0xb2 components/BT/release/\libbtcore.a(sm_cryptotool.o)
                0x0009515c                f5
 .text.f5_generate_t_cb
                0x0009520e       0x62 components/BT/release/\libbtcore.a(sm_cryptotool.o)
 .text.f5_generate_mac_key_cb
                0x00095270       0x52 components/BT/release/\libbtcore.a(sm_cryptotool.o)
 .text.f4       0x000952c2       0x66 components/BT/release/\libbtcore.a(sm_cryptotool.o)
                0x000952c2                f4
 .text.cmac_generate_SubKey_cb
                0x00095328       0x4e components/BT/release/\libbtcore.a(sm_cryptotool.o)
 .text.cmac_1_cb
                0x00095376       0x3c components/BT/release/\libbtcore.a(sm_cryptotool.o)
 .text.s1       0x000953b2       0x5a components/BT/release/\libbtcore.a(sm_cryptotool.o)
                0x000953b2                s1
 .text.c1_2     0x0009540c       0x56 components/BT/release/\libbtcore.a(sm_cryptotool.o)
                0x0009540c                c1_2
 .text.c1_1     0x00095462       0x56 components/BT/release/\libbtcore.a(sm_cryptotool.o)
                0x00095462                c1_1
 .text.ah       0x000954b8       0x60 components/BT/release/\libbtcore.a(sm_cryptotool.o)
                0x000954b8                ah
 .text.SM_CryptoTool_GenerateDHKey
                0x00095518       0x5a components/BT/release/\libbtcore.a(sm_cryptotool.o)
                0x00095518                SM_CryptoTool_GenerateDHKey
 .text.SM_CryptoTool_ReadLocalP256PublicKey
                0x00095572       0x66 components/BT/release/\libbtcore.a(sm_cryptotool.o)
                0x00095572                SM_CryptoTool_ReadLocalP256PublicKey
 .text.SM_CryptoTool_CommandStatus
                0x000955d8       0x48 components/BT/release/\libbtcore.a(sm_cryptotool.o)
 .text.SM_CryptoTool_GenerateDHKeyComplete
                0x00095620       0x22 components/BT/release/\libbtcore.a(sm_cryptotool.o)
                0x00095620                SM_CryptoTool_GenerateDHKeyComplete
 .text.SM_CryptoTool_SendLTKNegativeReply
                0x00095642       0x14 components/BT/release/\libbtcore.a(sm_cryptotool.o)
                0x00095642                SM_CryptoTool_SendLTKNegativeReply
 .text.SM_CryptoTool_SendLTKReply
                0x00095656       0x1e components/BT/release/\libbtcore.a(sm_cryptotool.o)
                0x00095656                SM_CryptoTool_SendLTKReply
 .text.sm_hal_flash_get_paired_device_count
                0x00095674       0x2c components/BT/release/\libbtcore.a(sm_hal.o)
                0x00095674                sm_hal_flash_get_paired_device_count
 .text.sm_hal_flash_isDevice_bonded
                0x000956a0       0x74 components/BT/release/\libbtcore.a(sm_hal.o)
                0x000956a0                sm_hal_flash_isDevice_bonded
 .text.sm_hal_flash_delete_paired_record
                0x00095714       0x9c components/BT/release/\libbtcore.a(sm_hal.o)
                0x00095714                sm_hal_flash_delete_paired_record
 .text.sm_hal_flash_load_data
                0x000957b0       0x56 components/BT/release/\libbtcore.a(sm_hal.o)
                0x000957b0                sm_hal_flash_load_data
 .text.sm_hal_protocol_cmd_factory
                0x00095806       0x10 components/BT/release/\libbtcore.a(sm_hal.o)
                0x00095806                sm_hal_protocol_cmd_factory
 .text.sm_hal_flash_check_master_info
                0x00095816      0x188 components/BT/release/\libbtcore.a(sm_hal.o)
 .text.sm_hal_flash_get_ltk
                0x0009599e       0x48 components/BT/release/\libbtcore.a(sm_hal.o)
                0x0009599e                sm_hal_flash_get_ltk
 .text.SM_hal_flash_ah_cb
                0x000959e6       0xba components/BT/release/\libbtcore.a(sm_hal.o)
                0x000959e6                SM_hal_flash_ah_cb
 .text.sm_hal_cryptoTool_hci_cmd_complete
                0x00095aa0       0x2c components/BT/release/\libbtcore.a(sm_hal.o)
 .text.sm_hal_flash_reset_data
                0x00095acc       0x44 components/BT/release/\libbtcore.a(sm_hal.o)
                0x00095acc                sm_hal_flash_reset_data
 .text.sm_hal_flash_init_data
                0x00095b10       0x18 components/BT/release/\libbtcore.a(sm_hal.o)
                0x00095b10                sm_hal_flash_init_data
 .text.sm_hal_flash_save_data
                0x00095b28      0x252 components/BT/release/\libbtcore.a(sm_hal.o)
                0x00095b28                sm_hal_flash_save_data
 .text.sm_hal_cryptoTool_hci_send_cmd_ex
                0x00095d7a       0x16 components/BT/release/\libbtcore.a(sm_hal.o)
                0x00095d7a                sm_hal_cryptoTool_hci_send_cmd_ex
 .text.sm_hal_cryptoTool_hci_send_cmd
                0x00095d90       0x14 components/BT/release/\libbtcore.a(sm_hal.o)
                0x00095d90                sm_hal_cryptoTool_hci_send_cmd
 .text.sm_hal_cryptoTool_init
                0x00095da4       0x20 components/BT/release/\libbtcore.a(sm_hal.o)
                0x00095da4                sm_hal_cryptoTool_init
 .text.sm_hal_protocol_init
                0x00095dc4       0x12 components/BT/release/\libbtcore.a(sm_hal.o)
                0x00095dc4                sm_hal_protocol_init
 .text.sm_hal_init
                0x00095dd6       0x18 components/BT/release/\libbtcore.a(sm_hal.o)
                0x00095dd6                sm_hal_init
 .text.sm_hal_protocol_cid_evt_cb
                0x00095dee       0x12 components/BT/release/\libbtcore.a(sm_hal.o)
 .text.sm_hal_protocol_send_l2cap_packet
                0x00095e00       0x18 components/BT/release/\libbtcore.a(sm_hal.o)
                0x00095e00                sm_hal_protocol_send_l2cap_packet
 .text.sm_hal_infom_auth_status
                0x00095e18       0x20 components/BT/release/\libbtcore.a(sm_hal.o)
                0x00095e18                sm_hal_infom_auth_status
 .text.sm_hal_infom_conn_sec_update
                0x00095e38       0x20 components/BT/release/\libbtcore.a(sm_hal.o)
                0x00095e38                sm_hal_infom_conn_sec_update
 .text.sm_hal_infom_recv_security_req
                0x00095e58       0x2e components/BT/release/\libbtcore.a(sm_hal.o)
                0x00095e58                sm_hal_infom_recv_security_req
 .text.sm_hal_infom_passkey_input_req
                0x00095e86       0x22 components/BT/release/\libbtcore.a(sm_hal.o)
                0x00095e86                sm_hal_infom_passkey_input_req
 .text.sm_hal_infom_passkey_display_req
                0x00095ea8       0x26 components/BT/release/\libbtcore.a(sm_hal.o)
                0x00095ea8                sm_hal_infom_passkey_display_req
 .text.sm_hal_infom_set_sec_param_req
                0x00095ece       0x1c components/BT/release/\libbtcore.a(sm_hal.o)
                0x00095ece                sm_hal_infom_set_sec_param_req
 .text.sm_hal_release_timer
                0x00095eea        0xa components/BT/release/\libbtcore.a(sm_hal.o)
                0x00095eea                sm_hal_release_timer
 .text.sm_hal_set_timer
                0x00095ef4       0x18 components/BT/release/\libbtcore.a(sm_hal.o)
                0x00095ef4                sm_hal_set_timer
 .text.sm_hal_timer_handler
                0x00095f0c       0x2c components/BT/release/\libbtcore.a(sm_hal.o)
                0x00095f0c                sm_hal_timer_handler
 .text.sm_hal_get_random_number
                0x00095f38        0xa components/BT/release/\libbtcore.a(sm_hal.o)
                0x00095f38                sm_hal_get_random_number
 .text.sm_hal_set_link_encrypted
                0x00095f42        0xc components/BT/release/\libbtcore.a(sm_hal.o)
                0x00095f42                sm_hal_set_link_encrypted
 .text.sm_hal_set_link_authenticated
                0x00095f4e        0xc components/BT/release/\libbtcore.a(sm_hal.o)
                0x00095f4e                sm_hal_set_link_authenticated
 .text.sm_hal_get_local_addr_Type
                0x00095f5a       0x10 components/BT/release/\libbtcore.a(sm_hal.o)
                0x00095f5a                sm_hal_get_local_addr_Type
 .text.sm_hal_get_local_addr
                0x00095f6a       0x12 components/BT/release/\libbtcore.a(sm_hal.o)
                0x00095f6a                sm_hal_get_local_addr
 .text.SM_Protocol_RegisterCallback
                0x00095f7c        0xe components/BT/release/\libbtcore.a(sm_protocol.o)
                0x00095f7c                SM_Protocol_RegisterCallback
 .text.SM_Protocol_L2capEventHandler
                0x00095f8a       0x24 components/BT/release/\libbtcore.a(sm_protocol.o)
                0x00095f8a                SM_Protocol_L2capEventHandler
 .text.SM_Protocol_PairingDHKeyCheck
                0x00095fae       0x28 components/BT/release/\libbtcore.a(sm_protocol.o)
                0x00095fae                SM_Protocol_PairingDHKeyCheck
 .text.SM_Protocol_PairingPublicKey
                0x00095fd6       0x2e components/BT/release/\libbtcore.a(sm_protocol.o)
                0x00095fd6                SM_Protocol_PairingPublicKey
 .text.SM_Protocol_SigningInfo
                0x00096004       0x34 components/BT/release/\libbtcore.a(sm_protocol.o)
                0x00096004                SM_Protocol_SigningInfo
 .text.SM_Protocol_IdentityInfo
                0x00096038       0x34 components/BT/release/\libbtcore.a(sm_protocol.o)
                0x00096038                SM_Protocol_IdentityInfo
 .text.SM_Protocol_MasterID
                0x0009606c       0x34 components/BT/release/\libbtcore.a(sm_protocol.o)
                0x0009606c                SM_Protocol_MasterID
 .text.SM_Protocol_EncryptionInfo
                0x000960a0       0x34 components/BT/release/\libbtcore.a(sm_protocol.o)
                0x000960a0                SM_Protocol_EncryptionInfo
 .text.SM_Protocol_PairingRandom
                0x000960d4       0x34 components/BT/release/\libbtcore.a(sm_protocol.o)
                0x000960d4                SM_Protocol_PairingRandom
 .text.SM_Protocol_PairingConfirm
                0x00096108       0x34 components/BT/release/\libbtcore.a(sm_protocol.o)
                0x00096108                SM_Protocol_PairingConfirm
 .text.SM_Protocol_IdentityAddressInfo
                0x0009613c       0x82 components/BT/release/\libbtcore.a(sm_protocol.o)
                0x0009613c                SM_Protocol_IdentityAddressInfo
 .text.SM_Protocol_PairingFailed
                0x000961be      0x130 components/BT/release/\libbtcore.a(sm_protocol.o)
                0x000961be                SM_Protocol_PairingFailed
 .text.SM_Slave_generate_DHKey_handler
                0x000962ee       0x34 components/BT/release/\libbtcore.a(sm_slave.o)
 .text.SM_Slave_f5_mac_handler
                0x00096322       0x1e components/BT/release/\libbtcore.a(sm_slave.o)
 .text.SM_Slave_IdentityInformationHandler
                0x00096340       0x14 components/BT/release/\libbtcore.a(sm_slave.o)
 .text.SM_Slave_EncryptionInformationHandler
                0x00096354       0x14 components/BT/release/\libbtcore.a(sm_slave.o)
 .text.SM_Slave_check_Ea
                0x00096368       0x90 components/BT/release/\libbtcore.a(sm_slave.o)
 .text.SM_Slave_PairingDHKeyCheckHandler
                0x000963f8       0x42 components/BT/release/\libbtcore.a(sm_slave.o)
 .text.SM_Slave_f6_Eb_handler
                0x0009643a       0x38 components/BT/release/\libbtcore.a(sm_slave.o)
 .text.SM_Slave_f5_ltk_handler
                0x00096472       0xb2 components/BT/release/\libbtcore.a(sm_slave.o)
 .text.SM_Slave_f6_Ea_handler
                0x00096524       0x40 components/BT/release/\libbtcore.a(sm_slave.o)
 .text.SM_Slave_PairingPublicKeyHandler
                0x00096564       0x3e components/BT/release/\libbtcore.a(sm_slave.o)
 .text.SM_Slave_read_local_public_key_handler
                0x000965a2       0x34 components/BT/release/\libbtcore.a(sm_slave.o)
 .text.SM_Slave_SC_Unsupported
                0x000965d6       0x10 components/BT/release/\libbtcore.a(sm_slave.o)
 .text.SM_Slave_UnsupportedHandler
                0x000965e6       0x10 components/BT/release/\libbtcore.a(sm_slave.o)
 .text.SM_Slave_g2_handler
                0x000965f6       0x2c components/BT/release/\libbtcore.a(sm_slave.o)
 .text.SM_Slave_SC_rbValuePasskeyDisplay
                0x00096622       0x82 components/BT/release/\libbtcore.a(sm_slave.o)
 .text.SM_Slave_SC_rbValueJustWork
                0x000966a4       0x28 components/BT/release/\libbtcore.a(sm_slave.o)
 .text.SM_Slave_f4_JW_handler
                0x000966cc       0x26 components/BT/release/\libbtcore.a(sm_slave.o)
 .text.SM_Slave_PairingConfirmHandler
                0x000966f2       0x3e components/BT/release/\libbtcore.a(sm_slave.o)
 .text.SM_Slave_f5
                0x00096730       0x72 components/BT/release/\libbtcore.a(sm_slave.o)
 .text.SM_Slave_f4_PKE_handler
                0x000967a2       0xd0 components/BT/release/\libbtcore.a(sm_slave.o)
 .text.SM_Slave_TKValueOOB
                0x00096872       0x22 components/BT/release/\libbtcore.a(sm_slave.o)
 .text.SM_Slave_TKValuePasskeyInput
                0x00096894       0x22 components/BT/release/\libbtcore.a(sm_slave.o)
 .text.SM_Slave_Legacy_GenConfirm
                0x000968b6       0x78 components/BT/release/\libbtcore.a(sm_slave.o)
 .text.SM_Slave_TKValuePasskeyDisplay
                0x0009692e       0x6c components/BT/release/\libbtcore.a(sm_slave.o)
 .text.SM_Slave_TKValueJustWork
                0x0009699a       0x16 components/BT/release/\libbtcore.a(sm_slave.o)
 .text.SM_Slave_c1_1_handler
                0x000969b0       0x6e components/BT/release/\libbtcore.a(sm_slave.o)
 .text.SM_Slave_c1_2_handler
                0x00096a1e       0x94 components/BT/release/\libbtcore.a(sm_slave.o)
 .text.SM_Slave_SigningInformationHandler
                0x00096ab2       0x26 components/BT/release/\libbtcore.a(sm_slave.o)
 .text.SM_Slave_PairingFailedHandler
                0x00096ad8       0x18 components/BT/release/\libbtcore.a(sm_slave.o)
 .text.SM_Slave_IdentityAddressInformationHandler
                0x00096af0       0x32 components/BT/release/\libbtcore.a(sm_slave.o)
 .text.SM_Slave_MasterIdentificationHandler
                0x00096b22       0x2a components/BT/release/\libbtcore.a(sm_slave.o)
 .text.SM_Slave_PairingRandomHandler
                0x00096b4c       0xca components/BT/release/\libbtcore.a(sm_slave.o)
 .text.SM_Slave_PairingRequestHandler
                0x00096c16       0x68 components/BT/release/\libbtcore.a(sm_slave.o)
 .text.SM_Slave_L2capEventHandler
                0x00096c7e       0x48 components/BT/release/\libbtcore.a(sm_slave.o)
 .text.SM_Slave_Init
                0x00096cc6       0x12 components/BT/release/\libbtcore.a(sm_slave.o)
                0x00096cc6                SM_Slave_Init
 .text.SM_Slave_EncryptionChange
                0x00096cd8       0xa0 components/BT/release/\libbtcore.a(sm_slave.o)
                0x00096cd8                SM_Slave_EncryptionChange
 .text.SM_Slave_get_ltk_handler
                0x00096d78       0x3c components/BT/release/\libbtcore.a(sm_slave.o)
                0x00096d78                SM_Slave_get_ltk_handler
 .text.SM_Slave_LTKRequestHandler
                0x00096db4       0x4a components/BT/release/\libbtcore.a(sm_slave.o)
                0x00096db4                SM_Slave_LTKRequestHandler
 .text.SM_Slave_s1_handler
                0x00096dfe       0x44 components/BT/release/\libbtcore.a(sm_slave.o)
 .text.SM_Slave_LTKRequest
                0x00096e42       0x34 components/BT/release/\libbtcore.a(sm_slave.o)
                0x00096e42                SM_Slave_LTKRequest
 .text.SM_Master_SC_rbValueJustWork
                0x00096e76        0x4 components/BT/release/\libbtcore.a(sm_master.o)
 .text.SM_Master_f5_mac_handler
                0x00096e7a       0x1e components/BT/release/\libbtcore.a(sm_master.o)
 .text.SM_Master_IdentityInformationHandler
                0x00096e98       0x14 components/BT/release/\libbtcore.a(sm_master.o)
 .text.SM_Master_EncryptionInformationHandler
                0x00096eac       0x14 components/BT/release/\libbtcore.a(sm_master.o)
 .text.SM_Master_PairingDHKeyCheckHandler
                0x00096ec0       0xa2 components/BT/release/\libbtcore.a(sm_master.o)
 .text.SM_Master_s1_handler
                0x00096f62       0x4e components/BT/release/\libbtcore.a(sm_master.o)
 .text.SM_Master_f6_Eb_handler
                0x00096fb0       0x50 components/BT/release/\libbtcore.a(sm_master.o)
 .text.SM_Master_PairingPublicKeyHandler
                0x00097000       0x3e components/BT/release/\libbtcore.a(sm_master.o)
 .text.SM_Master_generate_DHKey_handler
                0x0009703e       0x54 components/BT/release/\libbtcore.a(sm_master.o)
 .text.SM_Master_SC_Unsupported
                0x00097092       0x10 components/BT/release/\libbtcore.a(sm_master.o)
 .text.SM_Master_UnsupportedHandler
                0x000970a2       0x10 components/BT/release/\libbtcore.a(sm_master.o)
 .text.SM_Master_L2capEventHandler
                0x000970b2       0x32 components/BT/release/\libbtcore.a(sm_master.o)
 .text.SM_Master_g2_handler
                0x000970e4       0x2c components/BT/release/\libbtcore.a(sm_master.o)
 .text.SM_Master_SC_rbValuePasskeyDisplay
                0x00097110       0x82 components/BT/release/\libbtcore.a(sm_master.o)
 .text.SM_Master_f5
                0x00097192       0x74 components/BT/release/\libbtcore.a(sm_master.o)
 .text.SM_Master_f4_PKE_handler
                0x00097206       0x9c components/BT/release/\libbtcore.a(sm_master.o)
 .text.SM_Master_f5_ltk_handler
                0x000972a2      0x11a components/BT/release/\libbtcore.a(sm_master.o)
 .text.SM_Master_f6_Ea_handler
                0x000973bc       0x18 components/BT/release/\libbtcore.a(sm_master.o)
 .text.SM_Master_TKValueOOB
                0x000973d4       0x22 components/BT/release/\libbtcore.a(sm_master.o)
 .text.SM_Master_TKValuePasskeyInput
                0x000973f6       0x22 components/BT/release/\libbtcore.a(sm_master.o)
 .text.SM_Master_Legacy_GenConfirm
                0x00097418       0x78 components/BT/release/\libbtcore.a(sm_master.o)
 .text.SM_Master_TKValuePasskeyDisplay
                0x00097490       0x6c components/BT/release/\libbtcore.a(sm_master.o)
 .text.SM_Master_TKValueJustWork
                0x000974fc       0x16 components/BT/release/\libbtcore.a(sm_master.o)
 .text.SM_Master_c1_1_handler
                0x00097512       0x70 components/BT/release/\libbtcore.a(sm_master.o)
 .text.SM_Master_PairingConfirmHandler
                0x00097582       0x5e components/BT/release/\libbtcore.a(sm_master.o)
 .text.SM_Master_c1_2_handler
                0x000975e0       0x68 components/BT/release/\libbtcore.a(sm_master.o)
 .text.SM_Master_SecurityRequestHandler
                0x00097648       0x94 components/BT/release/\libbtcore.a(sm_master.o)
 .text.SM_Master_SigningInformationHandler
                0x000976dc       0x2e components/BT/release/\libbtcore.a(sm_master.o)
 .text.SM_Master_IdentityAddressInformationHandler
                0x0009770a       0x32 components/BT/release/\libbtcore.a(sm_master.o)
 .text.SM_Master_MasterIdentificationHandler
                0x0009773c       0x2a components/BT/release/\libbtcore.a(sm_master.o)
 .text.SM_Master_PairingFailedHandler
                0x00097766       0x18 components/BT/release/\libbtcore.a(sm_master.o)
 .text.SM_Master_PairingRandomHandler
                0x0009777e       0x92 components/BT/release/\libbtcore.a(sm_master.o)
 .text.SM_Master_f4_JW_handler
                0x00097810       0x58 components/BT/release/\libbtcore.a(sm_master.o)
 .text.SM_Master_PairingResponseHandler
                0x00097868       0x32 components/BT/release/\libbtcore.a(sm_master.o)
 .text.SM_Master_Init
                0x0009789a       0x12 components/BT/release/\libbtcore.a(sm_master.o)
                0x0009789a                SM_Master_Init
 .text.SM_Master_EncryptionChange
                0x000978ac       0xa6 components/BT/release/\libbtcore.a(sm_master.o)
                0x000978ac                SM_Master_EncryptionChange
 .text.DRV_TRNG_Get
                0x00097952       0x68 components/BT/release/\libbtcore.a(Drv_Trng.o)
                0x00097952                DRV_TRNG_Get
 .text.PMU_IntrHandler
                0x000979ba       0x20 components/BT/release/\libbtcore.a(Drv_MMITimer.o)
                0x000979ba                PMU_IntrHandler
 .text.Drv_MMITimerDisable
                0x000979da        0xe components/BT/release/\libbtcore.a(Drv_MMITimer.o)
                0x000979da                Drv_MMITimerDisable
 .text.Drv_MMITimerEnable
                0x000979e8       0x52 components/BT/release/\libbtcore.a(Drv_MMITimer.o)
                0x000979e8                Drv_MMITimerEnable
 .text.Ab_MMITimerUnset
                0x00097a3a       0x9a components/BT/release/\libbtcore.a(Ab_MMITimer.o)
                0x00097a3a                Ab_MMITimerUnset
 .text.Ab_MMITimerSet
                0x00097ad4       0xc0 components/BT/release/\libbtcore.a(Ab_MMITimer.o)
                0x00097ad4                Ab_MMITimerSet
 .text.mmi_timer_isr
                0x00097b94       0xd6 components/BT/release/\libbtcore.a(Ab_MMITimer.o)
 .text.BTDataRdyInterruptHandler
                0x00097c6a       0x42 components/BT/release/\libbtcore.a(Drv_1602.o)
 .text.Drv_1602DataReady
                0x00097cac        0xe components/BT/release/\libbtcore.a(Drv_1602.o)
                0x00097cac                Drv_1602DataReady
 .text.Drv_1602DataReadyIntEn
                0x00097cba       0x22 components/BT/release/\libbtcore.a(Drv_1602.o)
                0x00097cba                Drv_1602DataReadyIntEn
 .text.Drv_1602DataReadyIntReg
                0x00097cdc       0x64 components/BT/release/\libbtcore.a(Drv_1602.o)
                0x00097cdc                Drv_1602DataReadyIntReg
 .text.Drv_1602Reset
                0x00097d40       0x22 components/BT/release/\libbtcore.a(Drv_1602.o)
                0x00097d40                Drv_1602Reset
 .text.Encrypt  0x00097d62      0x474 components/BT/release/\libbtcore.a(encrypt.o)
                0x00097d62                Encrypt
 .text.hci_log_set
                0x000981d6        0x8 components/BT/release/\libbtcore.a(hci.o)
                0x000981d6                hci_log_set
 .text.hci_acl_send
                0x000981de       0x2e components/BT/release/\libbtcore.a(hci.o)
                0x000981de                hci_acl_send
 .text.hci_cmd_send
                0x0009820c       0x2e components/BT/release/\libbtcore.a(hci.o)
                0x0009820c                hci_cmd_send
 .text.hci_init
                0x0009823a       0x8e components/BT/release/\libbtcore.a(hci.o)
                0x0009823a                hci_init
 .text.hci_pkt_recv
                0x000982c8       0x60 components/BT/release/\libbtcore.a(hci.o)
 .text.hci_dat_info_update
                0x00098328        0xc components/BT/release/\libbtcore.a(hci_cmd_evt_dat.o)
                0x00098328                hci_dat_info_update
 .text.hci_pending_acl
                0x00098334        0x8 components/BT/release/\libbtcore.a(hci_cmd_evt_dat.o)
                0x00098334                hci_pending_acl
 .text.hci_command_event
                0x0009833c       0x82 components/BT/release/\libbtcore.a(hci_cmd_evt_dat.o)
 .text.hci_evt_handler
                0x000983be       0xc2 components/BT/release/\libbtcore.a(hci_cmd_evt_dat.o)
 .text._hci_send_acl
                0x00098480       0x66 components/BT/release/\libbtcore.a(hci_cmd_evt_dat.o)
 .text.hci_send_cmd_ex
                0x000984e6       0xd6 components/BT/release/\libbtcore.a(hci_cmd_evt_dat.o)
                0x000984e6                hci_send_cmd_ex
 .text.hci_send_cmd
                0x000985bc        0xe components/BT/release/\libbtcore.a(hci_cmd_evt_dat.o)
                0x000985bc                hci_send_cmd
 .text.hci_send_acl
                0x000985ca       0xaa components/BT/release/\libbtcore.a(hci_cmd_evt_dat.o)
                0x000985ca                hci_send_acl
 .text.hci_cmd_evt_dat_init
                0x00098674       0x3e components/BT/release/\libbtcore.a(hci_cmd_evt_dat.o)
                0x00098674                hci_cmd_evt_dat_init
 .text.SM_Common_ValueCompare
                0x000986b2       0x22 components/BT/release/\libbtcore.a(sm_common.o)
                0x000986b2                SM_Common_ValueCompare
 .text.SM_Common_GetRi
                0x000986d4       0x2c components/BT/release/\libbtcore.a(sm_common.o)
                0x000986d4                SM_Common_GetRi
 .text.SM_Common_AllocPairingData
                0x00098700       0x3a components/BT/release/\libbtcore.a(sm_common.o)
                0x00098700                SM_Common_AllocPairingData
 .text.AB_ADC_Init
                0x0009873a       0x6a components/Libraries/external/algo/\libalg.a(ab_adc.o)
                0x0009873a                AB_ADC_Init
 .text.AB_CLK_Switch
                0x000987a4       0xec components/Libraries/external/algo/\libalg.a(ab_clk.o)
                0x000987a4                AB_CLK_Switch
 .text.AB_console_handle
                0x00098890       0x24 components/Libraries/external/algo/\libalg.a(console.o)
                0x00098890                AB_console_handle
 .text.AB_console_init
                0x000988b4       0x70 components/Libraries/external/algo/\libalg.a(console.o)
                0x000988b4                AB_console_init
 .text.shell_parse_line
                0x00098924       0x8a components/Libraries/external/algo/\libalg.a(shell.o)
 .text.shell_history_save
                0x000989ae       0x42 components/Libraries/external/algo/\libalg.a(shell.o)
 .text.shell_find_cmd
                0x000989f0       0x4a components/Libraries/external/algo/\libalg.a(shell.o)
 .text.shell_printf
                0x00098a3a       0x2e components/Libraries/external/algo/\libalg.a(shell.o)
 .text.shell_history_search
                0x00098a68       0xe0 components/Libraries/external/algo/\libalg.a(shell.o)
 .text.shell_show_title
                0x00098b48      0x3a8 components/Libraries/external/algo/\libalg.a(shell.o)
 .text.AB_shell_main_loop
                0x00098ef0      0x692 components/Libraries/external/algo/\libalg.a(shell.o)
                0x00098ef0                AB_shell_main_loop
 .text.AB_shell_main_title
                0x00099582       0x38 components/Libraries/external/algo/\libalg.a(shell.o)
                0x00099582                AB_shell_main_title
 .text.assert_ab_callback_verbose
                0x000995ba       0x20 components/Libraries/external/algo/\libalg.a(ab_assert.o)
                0x000995ba                assert_ab_callback_verbose
 .text.assert_ab_callback
                0x000995da       0x1e components/Libraries/external/algo/\libalg.a(ab_assert.o)
                0x000995da                assert_ab_callback
 .text.exceptf  0x000995f8        0xe components/Libraries/external/algo/\libalg.a(ab_debug.o)
 .text.AB_Debug_CpuExceptionMonitor
                0x00099606       0x78 components/Libraries/external/algo/\libalg.a(ab_debug.o)
                0x00099606                AB_Debug_CpuExceptionMonitor
 .text.exception8
                0x0009967e       0x14 components/Libraries/external/algo/\libalg.a(ab_debug.o)
 .text.exception7
                0x00099692       0x14 components/Libraries/external/algo/\libalg.a(ab_debug.o)
 .text.exception6
                0x000996a6       0x14 components/Libraries/external/algo/\libalg.a(ab_debug.o)
 .text.exception5
                0x000996ba       0x14 components/Libraries/external/algo/\libalg.a(ab_debug.o)
 .text.exception4
                0x000996ce       0x14 components/Libraries/external/algo/\libalg.a(ab_debug.o)
 .text.exception3
                0x000996e2       0x14 components/Libraries/external/algo/\libalg.a(ab_debug.o)
 .text.exception2
                0x000996f6       0x14 components/Libraries/external/algo/\libalg.a(ab_debug.o)
 .text.exception1
                0x0009970a       0x14 components/Libraries/external/algo/\libalg.a(ab_debug.o)
 .text.AB_Log_HciEventStr
                0x0009971e       0x1e components/Libraries/external/algo/\libalg.a(ab_log.o)
                0x0009971e                AB_Log_HciEventStr
 .text.AB_Log_HciCommandStr
                0x0009973c      0xce6 components/Libraries/external/algo/\libalg.a(ab_log.o)
                0x0009973c                AB_Log_HciCommandStr
 .text.AB_Log_HciEventParseStr
                0x0009a422       0x70 components/Libraries/external/algo/\libalg.a(ab_log.o)
                0x0009a422                AB_Log_HciEventParseStr
 .text.HexDisplay_internal
                0x0009a492      0x104 components/Libraries/external/algo/\libalg.a(ab_log.o)
                0x0009a492                HexDisplay_internal
 .text.AB_Log_EvtShow
                0x0009a596       0x6a components/Libraries/external/algo/\libalg.a(ab_log.o)
                0x0009a596                AB_Log_EvtShow
 .text.AB_Log_CmdShow
                0x0009a600       0x56 components/Libraries/external/algo/\libalg.a(ab_log.o)
                0x0009a600                AB_Log_CmdShow
 .text.AB_Log_HexDisplay
                0x0009a656       0x18 components/Libraries/external/algo/\libalg.a(ab_log.o)
                0x0009a656                AB_Log_HexDisplay
 .text.AB_Flash_ByteProgram
                0x0009a66e       0x2c components/Libraries/external/algo/\libalg.a(ab_flash.o)
                0x0009a66e                AB_Flash_ByteProgram
 .text.AB_Flash_SectorErase
                0x0009a69a       0x26 components/Libraries/external/algo/\libalg.a(ab_flash.o)
                0x0009a69a                AB_Flash_SectorErase
 .text._sbrk    0x0009a6c0       0x22 components/Libraries/external/algo/\libalg.a(ab_malloc_hook.o)
                0x0009a6c0                _sbrk
 .text.free     0x0009a6e2       0x5a components/Libraries/external/algo/\libalg.a(ab_malloc_hook.o)
                0x0009a6e2                free
 .text.ab_malloc_info_printf
                0x0009a73c       0x98 components/Libraries/external/algo/\libalg.a(ab_malloc_hook.o)
                0x0009a73c                ab_malloc_info_printf
 .text.malloc   0x0009a7d4       0x78 components/Libraries/external/algo/\libalg.a(ab_malloc_hook.o)
                0x0009a7d4                malloc
 .text.ab_modue_enum
                0x0009a84c       0x1e components/Libraries/external/algo/\libalg.a(ab_module.o)
 .text.AB_module_count
                0x0009a86a       0x40 components/Libraries/external/algo/\libalg.a(ab_module.o)
                0x0009a86a                AB_module_count
 .text.AB_module_get
                0x0009a8aa       0x24 components/Libraries/external/algo/\libalg.a(ab_module.o)
                0x0009a8aa                AB_module_get
 .text.Ab_printf_init
                0x0009a8ce        0x8 components/Libraries/external/algo/\libalg.a(ab_printf_hook.o)
                0x0009a8ce                Ab_printf_init
 .text.printf   0x0009a8d6       0x68 components/Libraries/external/algo/\libalg.a(ab_printf_hook.o)
                0x0009a8d6                printf
 .text.nds_write
                0x0009a93e       0x18 components/Libraries/external/algo/\libalg.a(ab_printf_hook.o)
                0x0009a93e                nds_write
 .text.Ab_printf_blocking
                0x0009a956       0x92 components/Libraries/external/algo/\libalg.a(ab_printf_hook.o)
                0x0009a956                Ab_printf_blocking
 .text.AB_PWR_GetWakeLock
                0x0009a9e8       0x28 components/Libraries/external/algo/\libalg.a(ab_pwr.o)
                0x0009a9e8                AB_PWR_GetWakeLock
 .text.AB_PWR_WakeLocked
                0x0009aa10       0x12 components/Libraries/external/algo/\libalg.a(ab_pwr.o)
                0x0009aa10                AB_PWR_WakeLocked
 .text.AB_PWR_WakeUnlocked
                0x0009aa22       0x14 components/Libraries/external/algo/\libalg.a(ab_pwr.o)
                0x0009aa22                AB_PWR_WakeUnlocked
 .text.AB_PWR_ReturnWakeLock
                0x0009aa36       0x16 components/Libraries/external/algo/\libalg.a(ab_pwr.o)
                0x0009aa36                AB_PWR_ReturnWakeLock
 .text.AB_PWR_Rst
                0x0009aa4c        0xa components/Libraries/external/algo/\libalg.a(ab_pwr.o)
                0x0009aa4c                AB_PWR_Rst
 .text.AB_queue_push
                0x0009aa56       0x34 components/Libraries/external/algo/\libalg.a(ab_queue.o)
                0x0009aa56                AB_queue_push
 .text.AB_queue_push_front
                0x0009aa8a       0x34 components/Libraries/external/algo/\libalg.a(ab_queue.o)
                0x0009aa8a                AB_queue_push_front
 .text.AB_queue_pop
                0x0009aabe       0x1a components/Libraries/external/algo/\libalg.a(ab_queue.o)
                0x0009aabe                AB_queue_pop
 .text.AB_queue_count
                0x0009aad8       0x18 components/Libraries/external/algo/\libalg.a(ab_queue.o)
                0x0009aad8                AB_queue_count
 .text.AB_queue_entry_free
                0x0009aaf0       0x1a components/Libraries/external/algo/\libalg.a(ab_queue.o)
                0x0009aaf0                AB_queue_entry_free
 .text.AB_queue_free
                0x0009ab0a       0x1a components/Libraries/external/algo/\libalg.a(ab_queue.o)
                0x0009ab0a                AB_queue_free
 .text.AB_queue_entry_alloc
                0x0009ab24       0x18 components/Libraries/external/algo/\libalg.a(ab_queue.o)
                0x0009ab24                AB_queue_entry_alloc
 .text.AB_queue_alloc
                0x0009ab3c       0x1e components/Libraries/external/algo/\libalg.a(ab_queue.o)
                0x0009ab3c                AB_queue_alloc
 .text.AB_SECTOR_GetMpParameter
                0x0009ab5a      0x158 components/Libraries/external/algo/\libalg.a(ab_mp_sector.o)
                0x0009ab5a                AB_SECTOR_GetMpParameter
 .text.alloc_spi_tran_entry
                0x0009acb2       0x52 components/Libraries/external/algo/\libalg.a(ab_spi.o)
 .text.AB_SPI_WriteAndRead
                0x0009ad04       0x5e components/Libraries/external/algo/\libalg.a(ab_spi.o)
                0x0009ad04                AB_SPI_WriteAndRead
 .text.AB_SPI_WriteThenRead
                0x0009ad62       0x6a components/Libraries/external/algo/\libalg.a(ab_spi.o)
                0x0009ad62                AB_SPI_WriteThenRead
 .text.AB_SPI_Close
                0x0009adcc       0x2c components/Libraries/external/algo/\libalg.a(ab_spi.o)
                0x0009adcc                AB_SPI_Close
 .text.AB_SPI_Open
                0x0009adf8       0x5a components/Libraries/external/algo/\libalg.a(ab_spi.o)
                0x0009adf8                AB_SPI_Open
 .text.Spi_drv_complete_cb
                0x0009ae52       0x62 components/Libraries/external/algo/\libalg.a(ab_spi.o)
 .text.Send2MP  0x0009aeb4        0xe components/Libraries/external/algo/\libalg.a(ab_airoha_vcmd.o)
 .text.dev_1602_lens_ind_cb
                0x0009aec2       0x16 components/Libraries/external/algo/\libalg.a(ab_airoha_vcmd.o)
 .text.ab_airoha_vcmd_Bdie_reset_enable
                0x0009aed8        0xa components/Libraries/external/algo/\libalg.a(ab_airoha_vcmd.o)
                0x0009aed8                ab_airoha_vcmd_Bdie_reset_enable
 .text.ab_airoha_vcmd_extend_reg
                0x0009aee2        0x8 components/Libraries/external/algo/\libalg.a(ab_airoha_vcmd.o)
                0x0009aee2                ab_airoha_vcmd_extend_reg
 .text.ab_airoha_vcmd_mp_ongoing
                0x0009aeea       0x18 components/Libraries/external/algo/\libalg.a(ab_airoha_vcmd.o)
                0x0009aeea                ab_airoha_vcmd_mp_ongoing
 .text.ab_airoha_vcmd_compl_encode
                0x0009af02       0x2a components/Libraries/external/algo/\libalg.a(ab_airoha_vcmd.o)
 .text.ab_airoha_send_1byte_vcmd_compl
                0x0009af2c       0x22 components/Libraries/external/algo/\libalg.a(ab_airoha_vcmd.o)
 .text.ISPSwitchArea
                0x0009af4e       0x22 components/Libraries/external/algo/\libalg.a(ab_airoha_vcmd.o)
 .text._HC_HciRejectVCmdHdlr
                0x0009af70       0x10 components/Libraries/external/algo/\libalg.a(ab_airoha_vcmd.o)
 .text.ab_airoha_vcmd34_compl_encode
                0x0009af80       0x20 components/Libraries/external/algo/\libalg.a(ab_airoha_vcmd.o)
 .text.ISPWriteData
                0x0009afa0       0x7c components/Libraries/external/algo/\libalg.a(ab_airoha_vcmd.o)
 .text.ab_airoha_send_nbyte_vcmd_compl
                0x0009b01c       0x3a components/Libraries/external/algo/\libalg.a(ab_airoha_vcmd.o)
 .text.ISPGetDeviceStatusVCmdHdlr
                0x0009b056       0x98 components/Libraries/external/algo/\libalg.a(ab_airoha_vcmd.o)
 .text.ab_airoha_send_nbyte_vcmd34_compl
                0x0009b0ee       0x3a components/Libraries/external/algo/\libalg.a(ab_airoha_vcmd.o)
 .text.FlashReadCSRVCmdHdlr
                0x0009b128       0x58 components/Libraries/external/algo/\libalg.a(ab_airoha_vcmd.o)
 .text.ab_airoha_vcmd_dispatch
                0x0009b180      0x13c components/Libraries/external/algo/\libalg.a(ab_airoha_vcmd.o)
                0x0009b180                ab_airoha_vcmd_dispatch
 .text.HC_HciLabTestWrThreeWiredVCmdHdlr
                0x0009b2bc       0x20 components/Libraries/external/algo/\libalg.a(ab_airoha_vcmd.o)
 .text.FlashReadThreeWireVCmdHdlr
                0x0009b2dc       0x22 components/Libraries/external/algo/\libalg.a(ab_airoha_vcmd.o)
 .text.HC_HciLabTestRdThreeWiredVCmdHdlr
                0x0009b2fe       0x22 components/Libraries/external/algo/\libalg.a(ab_airoha_vcmd.o)
 .text.mount_1602
                0x0009b320       0x46 components/Libraries/external/algo/\libalg.a(ab_airoha_vcmd.o)
 .text.HC_HciLabTestBDieCommandModeVCmdHdlr
                0x0009b366       0x4c components/Libraries/external/algo/\libalg.a(ab_airoha_vcmd.o)
 .text.ab_airoha_vcmd_enable
                0x0009b3b2       0x38 components/Libraries/external/algo/\libalg.a(ab_airoha_vcmd.o)
                0x0009b3b2                ab_airoha_vcmd_enable
 .text.ab_airoha_vcmd_uart_hci_mode_enable
                0x0009b3ea       0x34 components/Libraries/external/algo/\libalg.a(ab_airoha_vcmd.o)
                0x0009b3ea                ab_airoha_vcmd_uart_hci_mode_enable
 .text.dev_1602_read_cfm_cb
                0x0009b41e       0x34 components/Libraries/external/algo/\libalg.a(ab_airoha_vcmd.o)
 .text.T.37     0x0009b452       0x24 components/Libraries/external/algo/\libalg.a(ab_airoha_vcmd.o)
 .text.FlashWriteThreeWireVCmdHdlr
                0x0009b476       0x22 components/Libraries/external/algo/\libalg.a(ab_airoha_vcmd.o)
 .text.FlashWriteCSRVCmdHdlr
                0x0009b498       0x58 components/Libraries/external/algo/\libalg.a(ab_airoha_vcmd.o)
 .text.DRV_CLK_SysSel
                0x0009b4f0       0x58 components/Libraries/external/algo/\libalg.a(drv_clk.o)
                0x0009b4f0                DRV_CLK_SysSel
 .text.DRV_CLK_16MSel
                0x0009b548       0x1c components/Libraries/external/algo/\libalg.a(drv_clk.o)
                0x0009b548                DRV_CLK_16MSel
 .text.DRV_CLK_32KSel
                0x0009b564       0x20 components/Libraries/external/algo/\libalg.a(drv_clk.o)
                0x0009b564                DRV_CLK_32KSel
 .text.DRV_CLK_PLLEn
                0x0009b584       0x34 components/Libraries/external/algo/\libalg.a(drv_clk.o)
                0x0009b584                DRV_CLK_PLLEn
 .text.DRV_CLK_En
                0x0009b5b8       0xa4 components/Libraries/external/algo/\libalg.a(drv_clk.o)
                0x0009b5b8                DRV_CLK_En
 .text.DRV_CLK_Calibration
                0x0009b65c       0xe2 components/Libraries/external/algo/\libalg.a(drv_clk.o)
                0x0009b65c                DRV_CLK_Calibration
 .text.DRV_CLK_TMR0Sel
                0x0009b73e       0x30 components/Libraries/external/algo/\libalg.a(drv_clk.o)
                0x0009b73e                DRV_CLK_TMR0Sel
 .text.SERIALFLASH_SetPatternAndStart
                0x0009b76e       0x1e components/Libraries/external/algo/\libalg.a(drv_flash.o)
 .text._MXIC_WB_Flash_WaitForReady
                0x0009b78c       0x50 components/Libraries/external/algo/\libalg.a(drv_flash.o)
 .text.DRV_Flash_ByteProgram
                0x0009b7dc      0x104 components/Libraries/external/algo/\libalg.a(drv_flash.o)
                0x0009b7dc                DRV_Flash_ByteProgram
 .text.DRV_Flash_PageProgram
                0x0009b8e0      0x1ac components/Libraries/external/algo/\libalg.a(drv_flash.o)
                0x0009b8e0                DRV_Flash_PageProgram
 .text.Drv_Flash_BlockSectorErase
                0x0009ba8c       0x72 components/Libraries/external/algo/\libalg.a(drv_flash.o)
 .text.DRV_Flash_Block_64KB_Erase
                0x0009bafe        0xa components/Libraries/external/algo/\libalg.a(drv_flash.o)
                0x0009bafe                DRV_Flash_Block_64KB_Erase
 .text.DRV_Flash_Block_32KB_Erase
                0x0009bb08        0xa components/Libraries/external/algo/\libalg.a(drv_flash.o)
                0x0009bb08                DRV_Flash_Block_32KB_Erase
 .text.DRV_Flash_SectorErase
                0x0009bb12        0xa components/Libraries/external/algo/\libalg.a(drv_flash.o)
                0x0009bb12                DRV_Flash_SectorErase
 .text.DRV_Gpio_IntrHandler
                0x0009bb1c       0x38 components/Libraries/external/algo/\libalg.a(drv_gpio.o)
 .text.DRV_Gpio_DirSet
                0x0009bb54       0x22 components/Libraries/external/algo/\libalg.a(drv_gpio.o)
                0x0009bb54                DRV_Gpio_DirSet
 .text.DRV_Gpio_ValSet
                0x0009bb76       0x22 components/Libraries/external/algo/\libalg.a(drv_gpio.o)
                0x0009bb76                DRV_Gpio_ValSet
 .text.DRV_Gpio_PinValGet
                0x0009bb98       0x1a components/Libraries/external/algo/\libalg.a(drv_gpio.o)
                0x0009bb98                DRV_Gpio_PinValGet
 .text.DRV_Gpio_PullSet
                0x0009bbb2       0x62 components/Libraries/external/algo/\libalg.a(drv_gpio.o)
                0x0009bbb2                DRV_Gpio_PullSet
 .text.DRV_Gpio_IntEn
                0x0009bc14       0x36 components/Libraries/external/algo/\libalg.a(drv_gpio.o)
                0x0009bc14                DRV_Gpio_IntEn
 .text.DRV_Gpio_IntReg
                0x0009bc4a       0x66 components/Libraries/external/algo/\libalg.a(drv_gpio.o)
                0x0009bc4a                DRV_Gpio_IntReg
 .text.DRV_OdGpio_OeSet
                0x0009bcb0       0x24 components/Libraries/external/algo/\libalg.a(drv_odgpio.o)
                0x0009bcb0                DRV_OdGpio_OeSet
 .text.DRV_OdGpio_ValSet
                0x0009bcd4       0x24 components/Libraries/external/algo/\libalg.a(drv_odgpio.o)
                0x0009bcd4                DRV_OdGpio_ValSet
 .text.DRV_OdGpio_IeSet
                0x0009bcf8       0x1e components/Libraries/external/algo/\libalg.a(drv_odgpio.o)
                0x0009bcf8                DRV_OdGpio_IeSet
 .text.set_aio  0x0009bd16       0x66 components/Libraries/external/algo/\libalg.a(drv_pinmux.o)
 .text.DRV_PinMux_GrpSet
                0x0009bd7c      0x134 components/Libraries/external/algo/\libalg.a(drv_pinmux.o)
                0x0009bd7c                DRV_PinMux_GrpSet
 .text.DRV_PinMux_SigSet
                0x0009beb0       0x8e components/Libraries/external/algo/\libalg.a(drv_pinmux.o)
                0x0009beb0                DRV_PinMux_SigSet
 .text.DRV_Pwr_EnterMode
                0x0009bf3e       0x7c components/Libraries/external/algo/\libalg.a(drv_pwr.o)
                0x0009bf3e                DRV_Pwr_EnterMode
 .text.DRV_Pwr_BootFrom
                0x0009bfba       0xce components/Libraries/external/algo/\libalg.a(drv_pwr.o)
                0x0009bfba                DRV_Pwr_BootFrom
 .text.SPI1_InterruptHandler
                0x0009c088       0x40 components/Libraries/external/algo/\libalg.a(drv_spi.o)
 .text.SPI2_InterruptHandler
                0x0009c0c8       0x40 components/Libraries/external/algo/\libalg.a(drv_spi.o)
 .text.DRV_SPI_Deinit
                0x0009c108       0x20 components/Libraries/external/algo/\libalg.a(drv_spi.o)
                0x0009c108                DRV_SPI_Deinit
 .text.DRV_SPI_WriteRead
                0x0009c128       0xa0 components/Libraries/external/algo/\libalg.a(drv_spi.o)
                0x0009c128                DRV_SPI_WriteRead
 .text.DRV_SPI_IsReady
                0x0009c1c8       0x10 components/Libraries/external/algo/\libalg.a(drv_spi.o)
                0x0009c1c8                DRV_SPI_IsReady
 .text.DRV_SPI_ChangeDuplex
                0x0009c1d8       0x28 components/Libraries/external/algo/\libalg.a(drv_spi.o)
                0x0009c1d8                DRV_SPI_ChangeDuplex
 .text.DRV_SPI_Int
                0x0009c200       0x60 components/Libraries/external/algo/\libalg.a(drv_spi.o)
                0x0009c200                DRV_SPI_Int
 .text.DRV_SPI_Init
                0x0009c260      0x184 components/Libraries/external/algo/\libalg.a(drv_spi.o)
                0x0009c260                DRV_SPI_Init
 .text.DRV_TMR16_PWM_Enable
                0x0009c3e4       0x18 components/Libraries/external/algo/\libalg.a(drv_timer16.o)
                0x0009c3e4                DRV_TMR16_PWM_Enable
 .text.DRV_TMR16_PWM
                0x0009c3fc       0xe0 components/Libraries/external/algo/\libalg.a(drv_timer16.o)
                0x0009c3fc                DRV_TMR16_PWM
 .text.Timer32B0InterruptHandler
                0x0009c4dc       0xde components/Libraries/external/algo/\libalg.a(drv_timer32b0.o)
 .text.DRV_TMR32B0_NotifyEnable
                0x0009c5ba       0xb0 components/Libraries/external/algo/\libalg.a(drv_timer32b0.o)
                0x0009c5ba                DRV_TMR32B0_NotifyEnable
 .text.DRV_TMR32B0_NotifyDisable
                0x0009c66a       0x86 components/Libraries/external/algo/\libalg.a(drv_timer32b0.o)
                0x0009c66a                DRV_TMR32B0_NotifyDisable
 .text.DRV_TMR32B0_Enable
                0x0009c6f0       0x2c components/Libraries/external/algo/\libalg.a(drv_timer32b0.o)
                0x0009c6f0                DRV_TMR32B0_Enable
 .text.DRV_Uart_SetBaud
                0x0009c71c       0xc6 components/Libraries/external/algo/\libalg.a(drv_uart.o)
                0x0009c71c                DRV_Uart_SetBaud
 .text.DRV_Uart_Recidue
                0x0009c7e2       0x1a components/Libraries/external/algo/\libalg.a(drv_uart.o)
                0x0009c7e2                DRV_Uart_Recidue
 .text.DRV_Uart_IntDis
                0x0009c7fc       0x34 components/Libraries/external/algo/\libalg.a(drv_uart.o)
                0x0009c7fc                DRV_Uart_IntDis
 .text.DRV_Uart_IntEn
                0x0009c830       0x30 components/Libraries/external/algo/\libalg.a(drv_uart.o)
                0x0009c830                DRV_Uart_IntEn
 .text.DRV_Uart_Flush
                0x0009c860      0x11a components/Libraries/external/algo/\libalg.a(drv_uart.o)
                0x0009c860                DRV_Uart_Flush
 .text.DRV_Uart_Write
                0x0009c97a       0xdc components/Libraries/external/algo/\libalg.a(drv_uart.o)
                0x0009c97a                DRV_Uart_Write
 .text.DRV_Uart_Read
                0x0009ca56      0x104 components/Libraries/external/algo/\libalg.a(drv_uart.o)
                0x0009ca56                DRV_Uart_Read
 .text.DRV_Uart_Drop
                0x0009cb5a      0x106 components/Libraries/external/algo/\libalg.a(drv_uart.o)
                0x0009cb5a                DRV_Uart_Drop
 .text.UART2_RxDmaHandler
                0x0009cc60       0x6e components/Libraries/external/algo/\libalg.a(drv_uart.o)
 .text.UART2InterruptHandler
                0x0009ccce       0x64 components/Libraries/external/algo/\libalg.a(drv_uart.o)
 .text.UART_RxDmaHandler
                0x0009cd32       0xc8 components/Libraries/external/algo/\libalg.a(drv_uart.o)
 .text.UARTInterruptHandler
                0x0009cdfa       0x62 components/Libraries/external/algo/\libalg.a(drv_uart.o)
 .text.DRV_Uart_Init
                0x0009ce5c      0x1d0 components/Libraries/external/algo/\libalg.a(drv_uart.o)
                0x0009ce5c                DRV_Uart_Init
 .text.DRV_WDT_Kick
                0x0009d02c       0x1c components/Libraries/external/algo/\libalg.a(drv_wdt.o)
                0x0009d02c                DRV_WDT_Kick
 .text.DRV_WDT_Enable
                0x0009d048       0x62 components/Libraries/external/algo/\libalg.a(drv_wdt.o)
                0x0009d048                DRV_WDT_Enable
 .text.wdt_int  0x0009d0aa        0xc components/Libraries/external/algo/\libalg.a(drv_wdt.o)
 .text.InitAlg  0x0009d0b6      0x118 components/Libraries/external/algo/\libalg.a(AHRS_alg.o)
                0x0009d0b6                InitAlg
 .text.AB_DFU_set_active_code_area
                0x0009d1ce       0xda components/Libraries/external/algo/\libalg.a(dfu.o)
                0x0009d1ce                AB_DFU_set_active_code_area
 .text.AB_DFU_write_flash
                0x0009d2a8       0x16 components/Libraries/external/algo/\libalg.a(dfu.o)
                0x0009d2a8                AB_DFU_write_flash
 .text.AB_DFU_erase_flash
                0x0009d2be       0x2c components/Libraries/external/algo/\libalg.a(dfu.o)
                0x0009d2be                AB_DFU_erase_flash
 .text._malloc_trim_r
                0x0009d2ea       0xa2 C:\Andestech\AndeSight211RDS\toolchains\nds32le-elf-mculib-v3m\nds32le-elf\libc\mculib\usr\lib\libc.a(lib_a-freer.o)
                0x0009d2ea                _malloc_trim_r
 .text._free_r  0x0009d38c      0x17a C:\Andestech\AndeSight211RDS\toolchains\nds32le-elf-mculib-v3m\nds32le-elf\libc\mculib\usr\lib\libc.a(lib_a-freer.o)
                0x0009d38c                _free_r
 .text._malloc_r
                0x0009d506      0x442 C:\Andestech\AndeSight211RDS\toolchains\nds32le-elf-mculib-v3m\nds32le-elf\libc\mculib\usr\lib\libc.a(lib_a-mallocr.o)
                0x0009d506                _malloc_r
 .text.__malloc_lock
                0x0009d948        0x4 C:\Andestech\AndeSight211RDS\toolchains\nds32le-elf-mculib-v3m\nds32le-elf\libc\mculib\usr\lib\libc.a(lib_a-mlock.o)
                0x0009d948                __malloc_lock
 .text.__malloc_unlock