Archive member included because of file (symbol)

output/\lib1600.a(ab_adc.o)   /cygdrive/c/Airoha/AiroBlueSDK/AB1600_1_0_5_0/projects/SmartRemote/output/smartRemote.o (AB_ADC_Get_Voltage)
output/\lib1600.a(ab_clk.o)   /cygdrive/c/Airoha/AiroBlueSDK/AB1600_1_0_5_0/projects/SmartRemote/output/service.o (AB_CLK_Switch)
output/\lib1600.a(ab_assert.o)
                              /cygdrive/c/Airoha/AiroBlueSDK/AB1600_1_0_5_0/projects/SmartRemote/output/pj/components/Libraries/hci_devices/hci_spi_1602.o (assert_ab_callback_verbose)
output/\lib1600.a(ab_led.o)   /cygdrive/c/Airoha/AiroBlueSDK/AB1600_1_0_5_0/projects/SmartRemote/output/smartRemote.o (AB_LED_stop)
output/\lib1600.a(ab_malloc_hook.o)
                              /cygdrive/c/Airoha/AiroBlueSDK/AB1600_1_0_5_0/projects/SmartRemote/output/pj/components/Libraries/hci_devices/hci_spi_1602.o (free)
output/\lib1600.a(ab_printf_hook.o)
                              /cygdrive/c/Airoha/AiroBlueSDK/AB1600_1_0_5_0/projects/SmartRemote/output/smartRemote.o (printf)
output/\lib1600.a(ab_pwr.o)   /cygdrive/c/Airoha/AiroBlueSDK/AB1600_1_0_5_0/projects/SmartRemote/output/microphone.o (AB_PWR_Stanby)
output/\lib1600.a(ab_queue.o)
                              /cygdrive/c/Airoha/AiroBlueSDK/AB1600_1_0_5_0/projects/SmartRemote/output/pj/components/Libraries/hci_devices/hci_spi_1602.o (AB_queue_push)
output/\lib1600.a(ab_mp_sector.o)
                              /cygdrive/c/Airoha/AiroBlueSDK/AB1600_1_0_5_0/projects/SmartRemote/output/peripheral.o (AB_SECTOR_GetMpParameter)
output/\lib1600.a(ab_spi.o)   /cygdrive/c/Airoha/AiroBlueSDK/AB1600_1_0_5_0/projects/SmartRemote/output/pj/components/Libraries/hci_devices/hci_spi_1602.o (AB_SPI_WriteAndRead)
output/\lib1600.a(bsp_generic.o)
                              /cygdrive/c/Airoha/AiroBlueSDK/AB1600_1_0_5_0/projects/SmartRemote/output/main.o (AB_BSP_initEx)
output/\lib1600.a(ab_timer.o)
                              /cygdrive/c/Airoha/AiroBlueSDK/AB1600_1_0_5_0/projects/SmartRemote/output/smartRemote.o (AB_Timer_AlertUnset)
output/\lib1600.a(ab_uart.o)  output/\lib1600.a(bsp_generic.o) (AB_UART_Read)
output/\lib1600.a(ab_airoha_vcmd.o)
                              output/\lib1600.a(bsp_generic.o) (ab_airoha_vcmd_Bdie_reset_enable)
output/\lib1600.a(drv_adc.o)  output/\lib1600.a(ab_adc.o) (DRV_ADC_Read)
output/\lib1600.a(drv_clk.o)  output/\lib1600.a(ab_clk.o) (DRV_CLK_SysSel)
output/\lib1600.a(drv_trnd.o)
                              /cygdrive/c/Airoha/AiroBlueSDK/AB1600_1_0_5_0/projects/SmartRemote/output/peripheral.o (DRV_TRND_Get)
output/\lib1600.a(drv_gpio.o)
                              /cygdrive/c/Airoha/AiroBlueSDK/AB1600_1_0_5_0/projects/SmartRemote/output/keyboard.o (DRV_Gpio_IntDis)
output/\lib1600.a(drv_odgpio.o)
                              /cygdrive/c/Airoha/AiroBlueSDK/AB1600_1_0_5_0/projects/SmartRemote/output/led.o (DRV_OdGpio_IeSet)
output/\lib1600.a(drv_keyscan.o)
                              /cygdrive/c/Airoha/AiroBlueSDK/AB1600_1_0_5_0/projects/SmartRemote/output/board.o (DRV_KeyScan_Dis)
output/\lib1600.a(drv_led.o)  output/\lib1600.a(ab_led.o) (DRV_Led_Set)
output/\lib1600.a(drv_mic.o)  /cygdrive/c/Airoha/AiroBlueSDK/AB1600_1_0_5_0/projects/SmartRemote/output/board.o (DRV_Mic_Disable)
output/\lib1600.a(drv_odpinmux.o)
                              output/\lib1600.a(ab_led.o) (DRV_OdPinMux_SigSet)
output/\lib1600.a(drv_pinmux.o)
                              output/\lib1600.a(bsp_generic.o) (DRV_PinMux_GrpSet)
output/\lib1600.a(drv_pwr.o)  /cygdrive/c/Airoha/AiroBlueSDK/AB1600_1_0_5_0/projects/SmartRemote/output/board.o (DRV_Pwr_EnterMode)
output/\lib1600.a(drv_spi.o)  output/\lib1600.a(ab_spi.o) (DRV_SPI_Deinit)
output/\lib1600.a(drv_timer32b0.o)
                              /cygdrive/c/Airoha/AiroBlueSDK/AB1600_1_0_5_0/projects/SmartRemote/output/board.o (DRV_TMR32B0_Disable)
output/\lib1600.a(drv_uart.o)
                              output/\lib1600.a(ab_uart.o) (DRV_Uart_SetBaud)
output/\lib1600.a(drv_wdt.o)  /cygdrive/c/Airoha/AiroBlueSDK/AB1600_1_0_5_0/projects/SmartRemote/output/smartRemote.o (DRV_WDT_Kick)
output/\lib1600.a(service_battery.o)
                              /cygdrive/c/Airoha/AiroBlueSDK/AB1600_1_0_5_0/projects/SmartRemote/output/smartRemote.o (BAS_update_battery_level)
output/\lib1600.a(service_device_firmware_update_OTA.o)
                              /cygdrive/c/Airoha/AiroBlueSDK/AB1600_1_0_5_0/projects/SmartRemote/output/service.o (OTA_change_permission)
output/\lib1600.a(service_device_information.o)
                              /cygdrive/c/Airoha/AiroBlueSDK/AB1600_1_0_5_0/projects/SmartRemote/output/service.o (DIS_init)
output/\lib1600.a(service_generic_access.o)
                              /cygdrive/c/Airoha/AiroBlueSDK/AB1600_1_0_5_0/projects/SmartRemote/output/service.o (GAS_init)
output/\lib1600.a(service_generic_attribute.o)
                              /cygdrive/c/Airoha/AiroBlueSDK/AB1600_1_0_5_0/projects/SmartRemote/output/service.o (GATT_init)
[...]
Memory Configuration

Name             Origin             Length             Attributes
FLASH_DATA       0x00081000         0x0000f000         xr
FLASH_TEXT       0x00090000         0x00038000         xr
DRAM             0x00100000         0x00008000         !xr
*default*        0x00000000         0xffffffff

Linker script and memory map

LOAD /cygdrive/c/Airoha/AiroBlueSDK/AB1600_1_0_5_0/projects/SmartRemote/output/pj/components/Device/AB1600/cfg_sector.o
LOAD /cygdrive/c/Airoha/AiroBlueSDK/AB1600_1_0_5_0/projects/SmartRemote/output/pj/components/Libraries/hci_devices/hci_spi_1602.o
LOAD /cygdrive/c/Airoha/AiroBlueSDK/AB1600_1_0_5_0/projects/SmartRemote/output/pj/components/BT/release/bt_patch/1602_patching.o
LOAD /cygdrive/c/Airoha/AiroBlueSDK/AB1600_1_0_5_0/projects/SmartRemote/output/main.o
LOAD /cygdrive/c/Airoha/AiroBlueSDK/AB1600_1_0_5_0/projects/SmartRemote/output/smartRemote.o
LOAD /cygdrive/c/Airoha/AiroBlueSDK/AB1600_1_0_5_0/projects/SmartRemote/output/peripheral.o
LOAD /cygdrive/c/Airoha/AiroBlueSDK/AB1600_1_0_5_0/projects/SmartRemote/output/service.o
LOAD /cygdrive/c/Airoha/AiroBlueSDK/AB1600_1_0_5_0/projects/SmartRemote/output/board.o
LOAD /cygdrive/c/Airoha/AiroBlueSDK/AB1600_1_0_5_0/projects/SmartRemote/output/keyboard.o
LOAD /cygdrive/c/Airoha/AiroBlueSDK/AB1600_1_0_5_0/projects/SmartRemote/output/microphone.o
LOAD /cygdrive/c/Airoha/AiroBlueSDK/AB1600_1_0_5_0/projects/SmartRemote/output/vcmd.o
LOAD /cygdrive/c/Airoha/AiroBlueSDK/AB1600_1_0_5_0/projects/SmartRemote/output/led.o
LOAD /cygdrive/c/Airoha/AiroBlueSDK/AB1600_1_0_5_0/projects/SmartRemote/output/irTx.o
LOAD /cygdrive/c/Airoha/AiroBlueSDK/AB1600_1_0_5_0/projects/SmartRemote/output/irRx.o
LOAD /cygdrive/c/Airoha/AiroBlueSDK/AB1600_1_0_5_0/projects/SmartRemote/output/spl/components/Libraries/external/ADPCM/g726_enc_32.o
LOAD /cygdrive/c/Airoha/AiroBlueSDK/AB1600_1_0_5_0/projects/SmartRemote/output/spl/components/Libraries/external/ADPCM/g72x.o
LOAD /cygdrive/c/Airoha/AiroBlueSDK/AB1600_1_0_5_0/projects/SmartRemote/output/spl/components/Libraries/external/ima_adpcm/ima_enc.o
LOAD components/BT/release/hci_protocol_1602.o
                0x000802a0                _ContextSwitch = 0x802a0
                0x00080060                VECTOR6 = 0x80060
                0x00210000                UART = 0x210000
                0x000807cc                CRC16_Generate = 0x807cc
                0x00201000                CMTFLASH = 0x201000
                0x00080476                AB_DFU_get_active_code_area = 0x80476
                0x00209000                FE25519 = 0x209000
                0x0021d000                ADC = 0x21d000
                0x00080800                CRC16_Generate_LongLenth = 0x80800
                0x00001000                __DFU_SECTOR_LEN = 0x1000
                0x00080240                VECTOR36 = 0x80240
                0x00080ba0                OS_Timer32B1_Init = 0x80ba0
                0x000801b0                VECTOR27 = 0x801b0
                0x00206000                WIRE3 = 0x206000
                0x000800f0                VECTOR15 = 0x800f0
                0x001000a8                AREA2_START = 0x1000a8
                0x00080888                OS_delay_us = 0x80888
                0x000800c0                VECTOR12 = 0x800c0
                0x00223000                TMR16B1 = 0x223000
                0x000801f0                VECTOR31 = 0x801f0
                0x00080160                VECTOR22 = 0x80160
                0x00211000                UART2 = 0x211000
                0x0020c000                SMARTCARD = 0x20c000
                0x00080040                VECTOR4 = 0x80040
                0x00226000                KEYSCAN = 0x226000
                0x0008032e                SysIntrHandlerCancel = 0x8032e
                0x00204000                IOMUX = 0x204000
                0x00080020                VECTOR2 = 0x80020
                0x00202000                SERIALFLASH = 0x202000
                0x000804bc                AB_DFU_check_status = 0x804bc
                0x00084000                DFU_active_area = 0x84000
                0x001000ac                AREA1_START = 0x1000ac
                0x001000b0                CRITICAL_DEPTH = 0x1000b0
                0x00080120                VECTOR18 = 0x80120
                0x0008030e                AB_SYS_WaitIClear = 0x8030e
                0x00221000                TMR32B1 = 0x221000
                0x0008095c                SYS_3WireWrite = 0x8095c
                0x0008052c                AB_SECTOR_GetCfgParameter = 0x8052c
                0x000801c0                VECTOR28 = 0x801c0
                0x00214000                I2C = 0x214000
                0x0021c000                AUDIO = 0x21c000
                0x00080220                VECTOR34 = 0x80220
                0x00080010                VECTOR1 = 0x80010
                0x000801e0                VECTOR30 = 0x801e0
                0x00080080                VECTOR8 = 0x80080
                0x00080190                VECTOR25 = 0x80190
                0x000808aa                OS_delay_ms = 0x808aa
                0x00080280                VECTOR40 = 0x80280
                0x00203000                CODEPATCH = 0x203000
                0x000800d0                VECTOR13 = 0x800d0
                0x00080070                VECTOR7 = 0x80070
                0x001000b4                SYS_CLOCK = 0x1000b4
                0x000800a0                VECTOR10 = 0x800a0
                0x000808b8                SYS_3WireRead = 0x808b8
                0x000809f6                SYS_3WireBitWrite = 0x809f6
                0x00080270                VECTOR39 = 0x80270
                0x00080140                VECTOR20 = 0x80140
                0x00080050                VECTOR5 = 0x80050
                0x00084000                __DFU_SECTOR_ADDR = 0x84000
                0x00080250                VECTOR37 = 0x80250
                0x000803fc                FlashSecretPattern = 0x803fc
                0x00205000                PMU = 0x205000
                0x00104000                _SDA_BASE_ = 0x104000
                0x00080aa2                OS_Timer32B1_Reset = 0x80aa2
                0x00080100                VECTOR16 = 0x80100
                0x00080b4e                OS_Timer32B1_Enable = 0x80b4e
                0x0008036a                SysIntrInitialise = 0x8036a
                0x00080384                SysIntrHandlerRegister = 0x80384
                0x00218000                SPI = 0x218000
                0x00107f00                __SYS_STACK_START = 0x107f00
                0x00219000                SPI2 = 0x219000
                0x00080a10                SYS_3WireBitErase = 0x80a10
                0x00220000                TMR32B0 = 0x220000
                0x00208000                SRP = 0x208000
                0x00080200                VECTOR32 = 0x80200
                0x0008055a                AB_Apply_CfgParameter = 0x8055a
                0x001000b8                gOSTimer32B1Prescale = 0x1000b8
                0x00080170                VECTOR23 = 0x80170
                0x00222000                TMR16B0 = 0x222000
                0x00080304                AB_SYS_SetWaitI = 0x80304
                0x00080130                VECTOR19 = 0x80130
                0x0008000c                VECTOR0_2 = 0x8000c
                0x00080afc                OS_Timer32B1_Disable = 0x80afc
                0x00080030                VECTOR3 = 0x80030
                0x00080090                VECTOR9 = 0x80090
                0x000801d0                VECTOR29 = 0x801d0
                0x000806ac                SysInit = 0x806ac
                0x00080230                VECTOR35 = 0x80230
                0x000801a0                VECTOR26 = 0x801a0
                0x001000bc                PSW_SAVE = 0x1000bc
                0x000800e0                VECTOR14 = 0x800e0
                0x00080008                VECTOR0_1 = 0x80008
                0x0008083a                DRV_MCU_ClearCache = 0x8083a
                0x00080440                AB_DFU_check_area_validity = 0x80440
                0x00225000                LED = 0x225000
                0x000800b0                VECTOR11 = 0x800b0
                0x0008053e                DefaultSystemHandler = 0x8053e
                0x001000c0                _memory_top_BOOT = 0x1000c0
                0x00080150                VECTOR21 = 0x80150
                0x00200000                MCU = 0x200000
                0x00080260                VECTOR38 = 0x80260
                0x00080000                VECTOR0 = 0x80000
                0x00080400                _start_up = 0x80400
                0x00080110                VECTOR17 = 0x80110
                0x00080a56                OS_Timer32B1_ReadTC = 0x80a56
                0x00080318                SysIntrHandler = 0x80318
                0x000803fc                _SECRET_PATTERN_ADDR = 0x803fc
                0x00080210                VECTOR33 = 0x80210
                0x00080180                VECTOR24 = 0x80180
                0x00224000                WDT = 0x224000
                0x00000000                __ROM_DATA_LMA = 0x0
                0x00000000                __ROM_DATA_VMA = 0x0
                0x00000000                __ROM_DATA_LEN = 0x0
                0x00000000                __ROM_BSS_START = 0x0
                0x00000000                __ROM_BSS_LEN = 0x0

.mp_sector      0x00081000     0x1000
 *(.mp_sector)
 .mp_sector     0x00081000     0x1000 /cygdrive/c/Airoha/AiroBlueSDK/AB1600_1_0_5_0/projects/SmartRemote/output/pj/components/Device/AB1600/cfg_sector.o
                0x00081000                mp_sector

.cfg_sector     0x00082000     0x1000
 *(.cfg_sector)
 .cfg_sector    0x00082000     0x1000 /cygdrive/c/Airoha/AiroBlueSDK/AB1600_1_0_5_0/projects/SmartRemote/output/pj/components/Device/AB1600/cfg_sector.o
                0x00082000                cfg_sector

.sm_sector      0x00083000     0x1000
 *(.sm_sector)
 .sm_sector     0x00083000     0x1000 components/BT/release/\libbtcore.a(sm_hal.o)
                0x00083000                sm_data

.dfu_sector     0x00084000     0x1000
 *(.dfu_sector)
 .dfu_sector    0x00084000     0x1000 output/\lib1600.a(dfu.o)

.ap_sectors     0x00085000        0x0
 *(.ap_sector)
                0x00081000                __FLASH_DATA_START = ADDR (.mp_sector)
                0x00081000                __MP_SECTOR_ADDR = ADDR (.mp_sector)
                0x00001000                __MP_SECTOR_LEN = SIZEOF (.mp_sector)
                0x00082000                __DIS_SECTOR_ADDR = ADDR (.cfg_sector)
                0x00001000                __DIS_SECTOR_LEN = SIZEOF (.cfg_sector)
                0x00083000                __SM_SECTOR_ADDR = ADDR (.sm_sector)
                0x00001000                __SM_SECTOR_LEN = SIZEOF (.sm_sector)
                0x00084000                __DFU_SECTOR_ADDR = ADDR (.dfu_sector)
                0x00001000                __DFU_SECTOR_LEN = SIZEOF (.dfu_sector)
                0x00085000                __AP_SECTOR_ADDR = ADDR (.ap_sectors)
                0x00000000                __AP_SECTOR_LEN = SIZEOF (.ap_sectors)
                0x00085000                __FLASH_DATA_END = (ADDR (.ap_sectors) + SIZEOF (.ap_sectors))

.run_time       0x00090000       0x30
 *(.dfu_mark)
 .dfu_mark      0x00090000       0x20 /cygdrive/c/Airoha/AiroBlueSDK/AB1600_1_0_5_0/projects/SmartRemote/output/pj/components/Device/AB1600/cfg_sector.o
                0x00090000                tag
 *(.module_start)
 .module_start  0x00090020        0x4 output/\lib1600.a(ab_module.o)
                0x00090020                head
 *(.module)
 .module        0x00090024        0x4 /cygdrive/c/Airoha/AiroBlueSDK/AB1600_1_0_5_0/projects/SmartRemote/output/pj/components/Libraries/hci_devices/hci_spi_1602.o
                0x00090024                phci_builtin_ab1602
 .module        0x00090028        0x4 components/BT/release/hci_protocol_1602.o
                0x00090028                phci_h4_ab1602
 *(.module_end)
 .module_end    0x0009002c        0x4 output/\lib1600.a(ab_module.o)
                0x0009002c                end

.text           0x00090030    0x12dd8
 *(.text)
 .text          0x00090030      0x320 /cygdrive/c/Airoha/AiroBlueSDK/AB1600_1_0_5_0/projects/SmartRemote/output/spl/components/Libraries/external/ADPCM/g726_enc_32.o
                0x000901b4                adpcm_encode_proc
                0x0009020c                adpcm_encode_proc_halfrate
                0x00090060                g726_32_encoder
                0x00090030                adpcm_encode_init
 .text          0x00090350     0x14c0 /cygdrive/c/Airoha/AiroBlueSDK/AB1600_1_0_5_0/projects/SmartRemote/output/spl/components/Libraries/external/ADPCM/g72x.o
                0x0009050c                reconstruct
                0x000903b0                step_size
                0x00090350                g726_init_state
                0x00090e4c                predictor_zero
                0x000915a4                predictor_pole
                0x000903e4                quantize
                0x00090548                update
 .text          0x00091810      0x678 /cygdrive/c/Airoha/AiroBlueSDK/AB1600_1_0_5_0/projects/SmartRemote/output/spl/components/Libraries/external/ima_adpcm/ima_enc.o
                0x00091b50                ima_adpcm_encode_proc_halfrate
                0x00091810                ima_adpcm_encode_init
                0x00091834                ima_32_encoder
                0x00091928                ima_adpcm_encode_proc
 .text          0x00091e88       0x18 C:\Andestech\AndeSight211RDS\toolchains\nds32le-elf-mculib-v3m\nds32le-elf\libc\mculib\usr\lib\libc.a(lib_a-memcmp.o)
                0x00091e88                memcmp
 .text          0x00091ea0       0x14 C:\Andestech\AndeSight211RDS\toolchains\nds32le-elf-mculib-v3m\nds32le-elf\libc\mculib\usr\lib\libc.a(lib_a-memcpy.o)
                0x00091ea0                memcpy
 .text          0x00091eb4       0x2c C:\Andestech\AndeSight211RDS\toolchains\nds32le-elf-mculib-v3m\nds32le-elf\libc\mculib\usr\lib\libc.a(lib_a-memmove.o)
                0x00091eb4                memmove
 .text          0x00091ee0       0x10 C:\Andestech\AndeSight211RDS\toolchains\nds32le-elf-mculib-v3m\nds32le-elf\libc\mculib\usr\lib\libc.a(lib_a-memset.o)
                0x00091ee0                memset
 .text          0x00091ef0       0x50 C:\Andestech\AndeSight211RDS\toolchains\nds32le-elf-mculib-v3m\nds32le-elf\libc\mculib\usr\lib\libc.a(lib_a-strcmp.o)
                0x00091ef0                strcmp
 .text          0x00091f40       0x10 C:\Andestech\AndeSight211RDS\toolchains\nds32le-elf-mculib-v3m\nds32le-elf\libc\mculib\usr\lib\libc.a(lib_a-strcpy.o)
                0x00091f40                strcpy
 .text          0x00091f50        0xc C:\Andestech\AndeSight211RDS\toolchains\nds32le-elf-mculib-v3m\nds32le-elf\libc\mculib\usr\lib\libc.a(lib_a-strlen.o)
                0x00091f50                strlen
 .text          0x00091f5c       0x18 C:\Andestech\AndeSight211RDS\toolchains\nds32le-elf-mculib-v3m\nds32le-elf\libc\mculib\usr\lib\libc.a(lib_a-strncmp.o)
                0x00091f5c                strncmp
 .text          0x00091f74       0x2c C:\Andestech\AndeSight211RDS\toolchains\nds32le-elf-mculib-v3m\lib\gcc\nds32le-elf\4.4.4\mculib\libgcc.a(_lshrdi3.o)
                0x00091f74                __lshrdi3
 .text          0x00091fa0       0x2c C:\Andestech\AndeSight211RDS\toolchains\nds32le-elf-mculib-v3m\lib\gcc\nds32le-elf\4.4.4\mculib\libgcc.a(_ashldi3.o)
                0x00091fa0                __ashldi3
 *(.text.*)
 .text.hci_spi1602_check_data
                0x00091fcc       0x2c /cygdrive/c/Airoha/AiroBlueSDK/AB1600_1_0_5_0/projects/SmartRemote/output/pj/components/Libraries/hci_devices/hci_spi_1602.o
 .text.hci_spi1602_read_data
                0x00091ff8       0x46 /cygdrive/c/Airoha/AiroBlueSDK/AB1600_1_0_5_0/projects/SmartRemote/output/pj/components/Libraries/hci_devices/hci_spi_1602.o
 .text.read_trxlen_compl_int
                0x0009203e       0xdc /cygdrive/c/Airoha/AiroBlueSDK/AB1600_1_0_5_0/projects/SmartRemote/output/pj/components/Libraries/hci_devices/hci_spi_1602.o
 .text.send_tx_compl_int
                0x0009211a        0xe /cygdrive/c/Airoha/AiroBlueSDK/AB1600_1_0_5_0/projects/SmartRemote/output/pj/components/Libraries/hci_devices/hci_spi_1602.o
 .text.read_rx_compl_int
                0x00092128       0x2a /cygdrive/c/Airoha/AiroBlueSDK/AB1600_1_0_5_0/projects/SmartRemote/output/pj/components/Libraries/hci_devices/hci_spi_1602.o
 .text.data_ready_int
                0x00092152        0xe /cygdrive/c/Airoha/AiroBlueSDK/AB1600_1_0_5_0/projects/SmartRemote/output/pj/components/Libraries/hci_devices/hci_spi_1602.o
 .text.hci_spi1602_send_data
                0x00092160       0x90 /cygdrive/c/Airoha/AiroBlueSDK/AB1600_1_0_5_0/projects/SmartRemote/output/pj/components/Libraries/hci_devices/hci_spi_1602.o
 .text.hci_spi1602_deinit
                0x000921f0       0x20 /cygdrive/c/Airoha/AiroBlueSDK/AB1600_1_0_5_0/projects/SmartRemote/output/pj/components/Libraries/hci_devices/hci_spi_1602.o
 .text.hci_spi1602_init
                0x00092210       0x58 /cygdrive/c/Airoha/AiroBlueSDK/AB1600_1_0_5_0/projects/SmartRemote/output/pj/components/Libraries/hci_devices/hci_spi_1602.o
 .text.CPU_Exception
                0x00092268       0x14 /cygdrive/c/Airoha/AiroBlueSDK/AB1600_1_0_5_0/projects/SmartRemote/output/main.o
 .text.main     0x0009227c       0x86 /cygdrive/c/Airoha/AiroBlueSDK/AB1600_1_0_5_0/projects/SmartRemote/output/main.o
                0x0009227c                main
 .text.Timer_ReleaseIdleConnTimeout
                0x00092302        0xa /cygdrive/c/Airoha/AiroBlueSDK/AB1600_1_0_5_0/projects/SmartRemote/output/smartRemote.o
                0x00092302                Timer_ReleaseIdleConnTimeout
 .text.Timer_SetIdleConnTimeout
                0x0009230c       0x24 /cygdrive/c/Airoha/AiroBlueSDK/AB1600_1_0_5_0/projects/SmartRemote/output/smartRemote.o
                0x0009230c                Timer_SetIdleConnTimeout
 .text.Remote_IdleConnTimeoutCB
                0x00092330       0x14 /cygdrive/c/Airoha/AiroBlueSDK/AB1600_1_0_5_0/projects/SmartRemote/output/smartRemote.o
 .text.Remote_MainLoop
                0x00092344       0x84 /cygdrive/c/Airoha/AiroBlueSDK/AB1600_1_0_5_0/projects/SmartRemote/output/smartRemote.o
                0x00092344                Remote_MainLoop
 .text.Battery_CheckLevel
                0x000923c8       0xcc /cygdrive/c/Airoha/AiroBlueSDK/AB1600_1_0_5_0/projects/SmartRemote/output/smartRemote.o
 .text.Remote_Init
                0x00092494       0x2a /cygdrive/c/Airoha/AiroBlueSDK/AB1600_1_0_5_0/projects/SmartRemote/output/smartRemote.o
                0x00092494                Remote_Init
 .text.APP_InitBeforeBt
                0x000924be       0x16 /cygdrive/c/Airoha/AiroBlueSDK/AB1600_1_0_5_0/projects/SmartRemote/output/smartRemote.o
                0x000924be                APP_InitBeforeBt
 .text.GAP_GetGapStatus
                0x000924d4        0x8 /cygdrive/c/Airoha/AiroBlueSDK/AB1600_1_0_5_0/projects/SmartRemote/output/peripheral.o
                0x000924d4                GAP_GetGapStatus
 .text.GAP_IsLinkEncrypted
                0x000924dc        0x8 /cygdrive/c/Airoha/AiroBlueSDK/AB1600_1_0_5_0/projects/SmartRemote/output/peripheral.o
                0x000924dc                GAP_IsLinkEncrypted
 .text.GAP_IsBonded
                0x000924e4        0x8 /cygdrive/c/Airoha/AiroBlueSDK/AB1600_1_0_5_0/projects/SmartRemote/output/peripheral.o
                0x000924e4                GAP_IsBonded
 .text.GapTimer_Release
                0x000924ec        0xa /cygdrive/c/Airoha/AiroBlueSDK/AB1600_1_0_5_0/projects/SmartRemote/output/peripheral.o
                0x000924ec                GapTimer_Release
 .text.GapTimer_Set
                0x000924f6       0x14 /cygdrive/c/Airoha/AiroBlueSDK/AB1600_1_0_5_0/projects/SmartRemote/output/peripheral.o
                0x000924f6                GapTimer_Set
 .text.GAP_TerminateConnection
                0x0009250a       0x2a /cygdrive/c/Airoha/AiroBlueSDK/AB1600_1_0_5_0/projects/SmartRemote/output/peripheral.o
                0x0009250a                GAP_TerminateConnection
 .text.GAP_UpdateConnParam4OTA
                0x00092534       0x30 /cygdrive/c/Airoha/AiroBlueSDK/AB1600_1_0_5_0/projects/SmartRemote/output/peripheral.o
                0x00092534                GAP_UpdateConnParam4OTA
 .text.GAP_ConnParaUpdate_TimerHandler
                0x00092564       0x2c /cygdrive/c/Airoha/AiroBlueSDK/AB1600_1_0_5_0/projects/SmartRemote/output/peripheral.o
 .text.GAP_CheckBondingState
                0x00092590       0x34 /cygdrive/c/Airoha/AiroBlueSDK/AB1600_1_0_5_0/projects/SmartRemote/output/peripheral.o
 .text.GAP_StartAdvertising_CB
                0x000925c4       0x42 /cygdrive/c/Airoha/AiroBlueSDK/AB1600_1_0_5_0/projects/SmartRemote/output/peripheral.o
 .text.GAP_BDAddressSet_CB
                0x00092606       0x38 /cygdrive/c/Airoha/AiroBlueSDK/AB1600_1_0_5_0/projects/SmartRemote/output/peripheral.o
 .text.GAP_AdvDataSet_CB
                0x0009263e       0x38 /cygdrive/c/Airoha/AiroBlueSDK/AB1600_1_0_5_0/projects/SmartRemote/output/peripheral.o
 .text.GAP_ScanResDataSet_CB
                0x00092676       0x70 /cygdrive/c/Airoha/AiroBlueSDK/AB1600_1_0_5_0/projects/SmartRemote/output/peripheral.o
 .text.GAP_StopAdvertising_CB
                0x000926e6       0x6c /cygdrive/c/Airoha/AiroBlueSDK/AB1600_1_0_5_0/projects/SmartRemote/output/peripheral.o
 .text.GAP_AdvOvertime_TimerHandler
                0x00092752       0x24 /cygdrive/c/Airoha/AiroBlueSDK/AB1600_1_0_5_0/projects/SmartRemote/output/peripheral.o
 .text.gapRole_GapEventHandle
                0x00092776      0x2fc /cygdrive/c/Airoha/AiroBlueSDK/AB1600_1_0_5_0/projects/SmartRemote/output/peripheral.o
                0x00092776                gapRole_GapEventHandle
 .text.MP_DataInit
                0x00092a72       0x14 /cygdrive/c/Airoha/AiroBlueSDK/AB1600_1_0_5_0/projects/SmartRemote/output/peripheral.o
                0x00092a72                MP_DataInit
 .text.HOGP_SetMouseButton
                0x00092a86        0x8 /cygdrive/c/Airoha/AiroBlueSDK/AB1600_1_0_5_0/projects/SmartRemote/output/service.o
                0x00092a86                HOGP_SetMouseButton
 .text.Gas_DeviceName_Written_CB
                0x00092a8e        0x4 /cygdrive/c/Airoha/AiroBlueSDK/AB1600_1_0_5_0/projects/SmartRemote/output/service.o
 .text.HOGP_SendKeyboard
                0x00092a92       0x1a /cygdrive/c/Airoha/AiroBlueSDK/AB1600_1_0_5_0/projects/SmartRemote/output/service.o
                0x00092a92                HOGP_SendKeyboard
 .text.HOGP_SendConsumerKey
                0x00092aac       0x1a /cygdrive/c/Airoha/AiroBlueSDK/AB1600_1_0_5_0/projects/SmartRemote/output/service.o
                0x00092aac                HOGP_SendConsumerKey
 .text.HOGP_SendReport
                0x00092ac6       0x22 /cygdrive/c/Airoha/AiroBlueSDK/AB1600_1_0_5_0/projects/SmartRemote/output/service.o
                0x00092ac6                HOGP_SendReport
 .text.Voice_CodecSel_CB
                0x00092ae8       0x3c /cygdrive/c/Airoha/AiroBlueSDK/AB1600_1_0_5_0/projects/SmartRemote/output/service.o
 .text.OTA_Status_CB
                0x00092b24       0x66 /cygdrive/c/Airoha/AiroBlueSDK/AB1600_1_0_5_0/projects/SmartRemote/output/service.o
 .text.GATT_ServiceInit
                0x00092b8a      0x234 /cygdrive/c/Airoha/AiroBlueSDK/AB1600_1_0_5_0/projects/SmartRemote/output/service.o
                0x00092b8a                GATT_ServiceInit
 .text.Board_SoftResetEnable
                0x00092dbe       0x14 /cygdrive/c/Airoha/AiroBlueSDK/AB1600_1_0_5_0/projects/SmartRemote/output/board.o
                0x00092dbe                Board_SoftResetEnable
 .text.Board_DeepSleepEnable
                0x00092dd2       0x14 /cygdrive/c/Airoha/AiroBlueSDK/AB1600_1_0_5_0/projects/SmartRemote/output/board.o
                0x00092dd2                Board_DeepSleepEnable
 .text.Board_SetModuleWorkState
                0x00092de6       0x36 /cygdrive/c/Airoha/AiroBlueSDK/AB1600_1_0_5_0/projects/SmartRemote/output/board.o
                0x00092de6                Board_SetModuleWorkState
 .text.Board_GetModuelWorkState
                0x00092e1c        0x8 /cygdrive/c/Airoha/AiroBlueSDK/AB1600_1_0_5_0/projects/SmartRemote/output/board.o
                0x00092e1c                Board_GetModuelWorkState
 .text.Board_PowerManagement
                0x00092e24      0x130 /cygdrive/c/Airoha/AiroBlueSDK/AB1600_1_0_5_0/projects/SmartRemote/output/board.o
                0x00092e24                Board_PowerManagement
 .text.Board_Init
                0x00092f54       0x82 /cygdrive/c/Airoha/AiroBlueSDK/AB1600_1_0_5_0/projects/SmartRemote/output/board.o
                0x00092f54                Board_Init
 .text.Keyboard_ColumnInterruptEnable
                0x00092fd6       0x28 /cygdrive/c/Airoha/AiroBlueSDK/AB1600_1_0_5_0/projects/SmartRemote/output/keyboard.o
                0x00092fd6                Keyboard_ColumnInterruptEnable
 .text.Keyboard_Polling
                0x00092ffe      0x188 /cygdrive/c/Airoha/AiroBlueSDK/AB1600_1_0_5_0/projects/SmartRemote/output/keyboard.o
                0x00092ffe                Keyboard_Polling
 .text.Keyboard_Init
                0x00093186       0x46 /cygdrive/c/Airoha/AiroBlueSDK/AB1600_1_0_5_0/projects/SmartRemote/output/keyboard.o
                0x00093186                Keyboard_Init
 .text.Keyboard_KeyScanIntHandler
                0x000931cc      0x142 /cygdrive/c/Airoha/AiroBlueSDK/AB1600_1_0_5_0/projects/SmartRemote/output/keyboard.o
 .text.Keyboard_ComboKeyProcess
                0x0009330e       0x1c /cygdrive/c/Airoha/AiroBlueSDK/AB1600_1_0_5_0/projects/SmartRemote/output/keyboard.o
 .text.MIC_CodecSel_IMA
                0x0009332a       0x1c /cygdrive/c/Airoha/AiroBlueSDK/AB1600_1_0_5_0/projects/SmartRemote/output/microphone.o
                0x0009332a                MIC_CodecSel_IMA
 .text.MIC_CodecSel_G726
                0x00093346       0x1c /cygdrive/c/Airoha/AiroBlueSDK/AB1600_1_0_5_0/projects/SmartRemote/output/microphone.o
                0x00093346                MIC_CodecSel_G726
 .text.MIC_Polling
                0x00093362       0x18 /cygdrive/c/Airoha/AiroBlueSDK/AB1600_1_0_5_0/projects/SmartRemote/output/microphone.o
                0x00093362                MIC_Polling
 .text.MIC_Enable
                0x0009337a       0x14 /cygdrive/c/Airoha/AiroBlueSDK/AB1600_1_0_5_0/projects/SmartRemote/output/microphone.o
                0x0009337a                MIC_Enable
 .text.MIC_Disable
                0x0009338e       0x16 /cygdrive/c/Airoha/AiroBlueSDK/AB1600_1_0_5_0/projects/SmartRemote/output/microphone.o
                0x0009338e                MIC_Disable
 .text.MIC_StandbyProcess
                0x000933a4        0x4 /cygdrive/c/Airoha/AiroBlueSDK/AB1600_1_0_5_0/projects/SmartRemote/output/microphone.o
 .text.MIC_InterruptHandle
                0x000933a8       0x2c /cygdrive/c/Airoha/AiroBlueSDK/AB1600_1_0_5_0/projects/SmartRemote/output/microphone.o
 .text.MIC_WorkOvertimeCB
                0x000933d4       0x16 /cygdrive/c/Airoha/AiroBlueSDK/AB1600_1_0_5_0/projects/SmartRemote/output/microphone.o
 .text.MIC_WorkingProcess
                0x000933ea      0x112 /cygdrive/c/Airoha/AiroBlueSDK/AB1600_1_0_5_0/projects/SmartRemote/output/microphone.o
 .text.MIC_DisableProcess
                0x000934fc       0x8a /cygdrive/c/Airoha/AiroBlueSDK/AB1600_1_0_5_0/projects/SmartRemote/output/microphone.o
 .text.MIC_Init
                0x00093586       0x58 /cygdrive/c/Airoha/AiroBlueSDK/AB1600_1_0_5_0/projects/SmartRemote/output/microphone.o
                0x00093586                MIC_Init
 .text.MIC_EnableProcess
                0x000935de       0x98 /cygdrive/c/Airoha/AiroBlueSDK/AB1600_1_0_5_0/projects/SmartRemote/output/microphone.o
 .text.VCMD_MouseCalibrate_ISR
                0x00093676        0xe /cygdrive/c/Airoha/AiroBlueSDK/AB1600_1_0_5_0/projects/SmartRemote/output/vcmd.o
 .text.VCMD_Response
                0x00093684       0x50 /cygdrive/c/Airoha/AiroBlueSDK/AB1600_1_0_5_0/projects/SmartRemote/output/vcmd.o
 .text.VCMD_MouseCalibrateInLoop
                0x000936d4       0x22 /cygdrive/c/Airoha/AiroBlueSDK/AB1600_1_0_5_0/projects/SmartRemote/output/vcmd.o
                0x000936d4                VCMD_MouseCalibrateInLoop
 .text.VCMD_Handler
                0x000936f6       0x66 /cygdrive/c/Airoha/AiroBlueSDK/AB1600_1_0_5_0/projects/SmartRemote/output/vcmd.o
                0x000936f6                VCMD_Handler
 .text.LED_SetEvent
                0x0009375c       0x12 /cygdrive/c/Airoha/AiroBlueSDK/AB1600_1_0_5_0/projects/SmartRemote/output/led.o
                0x0009375c                LED_SetEvent
 .text.LED_Init
                0x0009376e       0x1a /cygdrive/c/Airoha/AiroBlueSDK/AB1600_1_0_5_0/projects/SmartRemote/output/led.o
                0x0009376e                LED_Init
 .text.IR_KeyReleased
                0x00093788       0x68 /cygdrive/c/Airoha/AiroBlueSDK/AB1600_1_0_5_0/projects/SmartRemote/output/irTx.o
                0x00093788                IR_KeyReleased
 .text.IR_Send  0x000937f0       0xec /cygdrive/c/Airoha/AiroBlueSDK/AB1600_1_0_5_0/projects/SmartRemote/output/irTx.o
                0x000937f0                IR_Send
 .text.IR_TimerHandle
                0x000938dc      0x164 /cygdrive/c/Airoha/AiroBlueSDK/AB1600_1_0_5_0/projects/SmartRemote/output/irTx.o
 .text.IRTX_Init
                0x00093a40       0x68 /cygdrive/c/Airoha/AiroBlueSDK/AB1600_1_0_5_0/projects/SmartRemote/output/irTx.o
                0x00093a40                IRTX_Init
 .text.chip_1602_is_vcmd_complete_event
                0x00093aa8       0x50 components/BT/release/hci_protocol_1602.o
 .text.chip_1602_is_boot_complete_event
                0x00093af8       0x76 components/BT/release/hci_protocol_1602.o
 .text.chip_1602_init
                0x00093b6e       0x32 components/BT/release/hci_protocol_1602.o
 .text.hci_1602_lens_ind_cb
                0x00093ba0       0x16 components/BT/release/hci_protocol_1602.o
 .text.chip_1602_send_acl_data
                0x00093bb6       0xbc components/BT/release/hci_protocol_1602.o
 .text.make_command_complete_ex
                0x00093c72       0x74 components/BT/release/hci_protocol_1602.o
 .text.make_command_complete
                0x00093ce6       0x10 components/BT/release/hci_protocol_1602.o
 .text.chip_1602_check_chip_cmd_permission
                0x00093cf6       0x36 components/BT/release/hci_protocol_1602.o
                0x00093cf6                chip_1602_check_chip_cmd_permission
 .text.chip_1602_send_hci_command
                0x00093d2c      0x18e components/BT/release/hci_protocol_1602.o
 .text.chip_1602_init_adopt_mp
                0x00093eba      0x150 components/BT/release/hci_protocol_1602.o
 .text.chip_1602_init_config
                0x0009400a      0x17e components/BT/release/hci_protocol_1602.o
 .text.chip_1602_init_sw_reset
                0x00094188       0xca components/BT/release/hci_protocol_1602.o
 .text.chip_1602_init_patching
                0x00094252      0x216 components/BT/release/hci_protocol_1602.o
 .text.hci_rx_recv
                0x00094468      0x1be components/BT/release/hci_protocol_1602.o
 .text.hci_1602_read_cfm_cb
                0x00094626       0x4e components/BT/release/hci_protocol_1602.o
 .text.AB_ADC_Init
                0x00094674       0x6a output/\lib1600.a(ab_adc.o)
                0x00094674                AB_ADC_Init
 .text.AB_ADC_Get_Voltage
                0x000946de       0x2a output/\lib1600.a(ab_adc.o)
                0x000946de                AB_ADC_Get_Voltage
 .text.AB_CLK_Switch
                0x00094708       0xec output/\lib1600.a(ab_clk.o)
                0x00094708                AB_CLK_Switch
 .text.assert_ab_callback_verbose
                0x000947f4       0x20 output/\lib1600.a(ab_assert.o)
                0x000947f4                assert_ab_callback_verbose
 .text.assert_ab_callback
                0x00094814       0x1e output/\lib1600.a(ab_assert.o)
                0x00094814                assert_ab_callback
 .text.AB_LED_stop
                0x00094832        0x8 output/\lib1600.a(ab_led.o)
                0x00094832                AB_LED_stop
 .text.AB_LED_set_rawdata
                0x0009483a       0xb0 output/\lib1600.a(ab_led.o)
                0x0009483a                AB_LED_set_rawdata
 .text.AB_LED_set_breath
                0x000948ea       0x2a output/\lib1600.a(ab_led.o)
                0x000948ea                AB_LED_set_breath
 .text.AB_LED_set_blink
                0x00094914       0x30 output/\lib1600.a(ab_led.o)
                0x00094914                AB_LED_set_blink
 .text.AB_LED_start
                0x00094944       0x12 output/\lib1600.a(ab_led.o)
                0x00094944                AB_LED_start
 .text.AB_LED_init
                0x00094956       0x38 output/\lib1600.a(ab_led.o)
                0x00094956                AB_LED_init
 .text._sbrk    0x0009498e       0x22 output/\lib1600.a(ab_malloc_hook.o)
                0x0009498e                _sbrk
 .text.free     0x000949b0       0x5a output/\lib1600.a(ab_malloc_hook.o)
                0x000949b0                free
 .text.ab_malloc_info_printf
                0x00094a0a       0x98 output/\lib1600.a(ab_malloc_hook.o)
                0x00094a0a                ab_malloc_info_printf
 .text.malloc   0x00094aa2       0x78 output/\lib1600.a(ab_malloc_hook.o)
                0x00094aa2                malloc
 .text.Ab_printf_init
                0x00094b1a        0x8 output/\lib1600.a(ab_printf_hook.o)
                0x00094b1a                Ab_printf_init
 .text.printf   0x00094b22       0x68 output/\lib1600.a(ab_printf_hook.o)
                0x00094b22                printf
 .text.nds_write
                0x00094b8a       0x18 output/\lib1600.a(ab_printf_hook.o)
                0x00094b8a                nds_write
 .text.Ab_printf_blocking
                0x00094ba2       0x92 output/\lib1600.a(ab_printf_hook.o)
                0x00094ba2                Ab_printf_blocking
 .text.putchar  0x00094c34       0x1e output/\lib1600.a(ab_printf_hook.o)
                0x00094c34                putchar
 .text.AB_PWR_GetWakeLock
                0x00094c52       0x28 output/\lib1600.a(ab_pwr.o)
                0x00094c52                AB_PWR_GetWakeLock
 .text.AB_PWR_WakeLocked
                0x00094c7a       0x12 output/\lib1600.a(ab_pwr.o)
                0x00094c7a                AB_PWR_WakeLocked
 .text.AB_PWR_WakeUnlocked
                0x00094c8c       0x14 output/\lib1600.a(ab_pwr.o)
                0x00094c8c                AB_PWR_WakeUnlocked
 .text.AB_PWR_ReturnWakeLock
                0x00094ca0       0x16 output/\lib1600.a(ab_pwr.o)
                0x00094ca0                AB_PWR_ReturnWakeLock
 .text.AB_PWR_Stanby
                0x00094cb6        0x8 output/\lib1600.a(ab_pwr.o)
                0x00094cb6                AB_PWR_Stanby
 .text.AB_PWR_Rst
                0x00094cbe        0xa output/\lib1600.a(ab_pwr.o)
                0x00094cbe                AB_PWR_Rst
 .text.AB_PWR_Sleep
                0x00094cc8       0x78 output/\lib1600.a(ab_pwr.o)
                0x00094cc8                AB_PWR_Sleep
 .text.AB_queue_push
                0x00094d40       0x34 output/\lib1600.a(ab_queue.o)
                0x00094d40                AB_queue_push
 .text.AB_queue_push_front
                0x00094d74       0x34 output/\lib1600.a(ab_queue.o)
                0x00094d74                AB_queue_push_front
 .text.AB_queue_pop
                0x00094da8       0x1a output/\lib1600.a(ab_queue.o)
                0x00094da8                AB_queue_pop
 .text.AB_queue_count
                0x00094dc2       0x18 output/\lib1600.a(ab_queue.o)
                0x00094dc2                AB_queue_count
 .text.AB_queue_entry_free
                0x00094dda       0x1a output/\lib1600.a(ab_queue.o)
                0x00094dda                AB_queue_entry_free
 .text.AB_queue_free
                0x00094df4       0x1a output/\lib1600.a(ab_queue.o)
                0x00094df4                AB_queue_free
 .text.AB_queue_entry_alloc
                0x00094e0e       0x18 output/\lib1600.a(ab_queue.o)
                0x00094e0e                AB_queue_entry_alloc
 .text.AB_queue_alloc
                0x00094e26       0x1e output/\lib1600.a(ab_queue.o)
                0x00094e26                AB_queue_alloc
 .text.AB_SECTOR_GetMpParameter
                0x00094e44      0x158 output/\lib1600.a(ab_mp_sector.o)
                0x00094e44                AB_SECTOR_GetMpParameter
 .text.alloc_spi_tran_entry
                0x00094f9c       0x52 output/\lib1600.a(ab_spi.o)
 .text.AB_SPI_WriteAndRead
                0x00094fee       0x5e output/\lib1600.a(ab_spi.o)
                0x00094fee                AB_SPI_WriteAndRead
 .text.AB_SPI_WriteThenRead
                0x0009504c       0x6a output/\lib1600.a(ab_spi.o)
                0x0009504c                AB_SPI_WriteThenRead
 .text.AB_SPI_Close
                0x000950b6       0x2c output/\lib1600.a(ab_spi.o)
                0x000950b6                AB_SPI_Close
 .text.AB_SPI_Open
                0x000950e2       0x5a output/\lib1600.a(ab_spi.o)
                0x000950e2                AB_SPI_Open
 .text.Spi_drv_complete_cb
                0x0009513c       0x62 output/\lib1600.a(ab_spi.o)
 .text.AB_BSP_initEx
                0x0009519e      0x1e0 output/\lib1600.a(bsp_generic.o)
                0x0009519e                AB_BSP_initEx
 .text.uart1_rx_ind
                0x0009537e       0x50 output/\lib1600.a(bsp_generic.o)
 .text.uart2_rx_ind
                0x000953ce       0x58 output/\lib1600.a(bsp_generic.o)
 .text.bsp_mp_uart_tx
                0x00095426       0x12 output/\lib1600.a(bsp_generic.o)
 .text.bsp_console_uart_tx
                0x00095438       0x12 output/\lib1600.a(bsp_generic.o)
 .text.bsp_bt_event_hanlder
                0x0009544a       0x3e output/\lib1600.a(bsp_generic.o)
 .text.timer32_cb
                0x00095488       0xf6 output/\lib1600.a(ab_timer.o)
 .text.AB_Timer_AlertUnset
                0x0009557e       0xb2 output/\lib1600.a(ab_timer.o)
                0x0009557e                AB_Timer_AlertUnset
 .text.AB_Timer_AlertSet
                0x00095630      0x106 output/\lib1600.a(ab_timer.o)
                0x00095630                AB_Timer_AlertSet
 .text.AB_Timer_Disable
                0x00095736       0x58 output/\lib1600.a(ab_timer.o)
                0x00095736                AB_Timer_Disable
 .text.AB_Timer_Enable_Ext
                0x0009578e       0x1e output/\lib1600.a(ab_timer.o)
                0x0009578e                AB_Timer_Enable_Ext
 .text.AB_UART_Read
                0x000957ac       0x38 output/\lib1600.a(ab_uart.o)
                0x000957ac                AB_UART_Read
 .text.AB_UART_Write
                0x000957e4       0x62 output/\lib1600.a(ab_uart.o)
                0x000957e4                AB_UART_Write
 .text.AB_UART_Close
                0x00095846       0x1c output/\lib1600.a(ab_uart.o)
                0x00095846                AB_UART_Close
 .text.AB_UART_Flush
                0x00095862        0xe output/\lib1600.a(ab_uart.o)
                0x00095862                AB_UART_Flush
 .text.AB_UART_Open
                0x00095870       0x86 output/\lib1600.a(ab_uart.o)
                0x00095870                AB_UART_Open
 .text.driver_tx_complete
                0x000958f6       0x30 output/\lib1600.a(ab_uart.o)
 .text.Send2MP  0x00095926        0xe output/\lib1600.a(ab_airoha_vcmd.o)
 .text.dev_1602_lens_ind_cb
                0x00095934       0x16 output/\lib1600.a(ab_airoha_vcmd.o)
 .text.ab_airoha_vcmd_Bdie_reset_enable
                0x0009594a        0xa output/\lib1600.a(ab_airoha_vcmd.o)
                0x0009594a                ab_airoha_vcmd_Bdie_reset_enable
 .text.ab_airoha_vcmd_extend_reg
                0x00095954        0x8 output/\lib1600.a(ab_airoha_vcmd.o)
                0x00095954                ab_airoha_vcmd_extend_reg
 .text.ab_airoha_vcmd_mp_ongoing
                0x0009595c       0x18 output/\lib1600.a(ab_airoha_vcmd.o)
                0x0009595c                ab_airoha_vcmd_mp_ongoing
 .text.ab_airoha_vcmd_compl_encode
                0x00095974       0x2a output/\lib1600.a(ab_airoha_vcmd.o)
 .text.ab_airoha_send_1byte_vcmd_compl
                0x0009599e       0x22 output/\lib1600.a(ab_airoha_vcmd.o)
 .text.ISPSwitchArea
                0x000959c0       0x22 output/\lib1600.a(ab_airoha_vcmd.o)
 .text._HC_HciRejectVCmdHdlr
                0x000959e2       0x10 output/\lib1600.a(ab_airoha_vcmd.o)
 .text.ab_airoha_vcmd34_compl_encode
                0x000959f2       0x20 output/\lib1600.a(ab_airoha_vcmd.o)
 .text.ISPWriteData
                0x00095a12       0x7c output/\lib1600.a(ab_airoha_vcmd.o)
 .text.ab_airoha_send_nbyte_vcmd_compl
                0x00095a8e       0x3a output/\lib1600.a(ab_airoha_vcmd.o)
 .text.ISPGetDeviceStatusVCmdHdlr
                0x00095ac8       0x98 output/\lib1600.a(ab_airoha_vcmd.o)
 .text.ab_airoha_send_nbyte_vcmd34_compl
                0x00095b60       0x3a output/\lib1600.a(ab_airoha_vcmd.o)
 .text.FlashReadCSRVCmdHdlr
                0x00095b9a       0x58 output/\lib1600.a(ab_airoha_vcmd.o)
 .text.ab_airoha_vcmd_dispatch
                0x00095bf2      0x13c output/\lib1600.a(ab_airoha_vcmd.o)
                0x00095bf2                ab_airoha_vcmd_dispatch
 .text.HC_HciLabTestWrThreeWiredVCmdHdlr
                0x00095d2e       0x20 output/\lib1600.a(ab_airoha_vcmd.o)
 .text.FlashReadThreeWireVCmdHdlr
                0x00095d4e       0x22 output/\lib1600.a(ab_airoha_vcmd.o)
 .text.HC_HciLabTestRdThreeWiredVCmdHdlr
                0x00095d70       0x22 output/\lib1600.a(ab_airoha_vcmd.o)
 .text.mount_1602
                0x00095d92       0x46 output/\lib1600.a(ab_airoha_vcmd.o)
 .text.HC_HciLabTestBDieCommandModeVCmdHdlr
                0x00095dd8       0x4c output/\lib1600.a(ab_airoha_vcmd.o)
 .text.ab_airoha_vcmd_enable
                0x00095e24       0x38 output/\lib1600.a(ab_airoha_vcmd.o)
                0x00095e24                ab_airoha_vcmd_enable
 .text.ab_airoha_vcmd_uart_hci_mode_enable
                0x00095e5c       0x34 output/\lib1600.a(ab_airoha_vcmd.o)
                0x00095e5c                ab_airoha_vcmd_uart_hci_mode_enable
 .text.dev_1602_read_cfm_cb
                0x00095e90       0x34 output/\lib1600.a(ab_airoha_vcmd.o)
 .text.T.37     0x00095ec4       0x24 output/\lib1600.a(ab_airoha_vcmd.o)
 .text.FlashWriteThreeWireVCmdHdlr
                0x00095ee8       0x22 output/\lib1600.a(ab_airoha_vcmd.o)
 .text.FlashWriteCSRVCmdHdlr
                0x00095f0a       0x58 output/\lib1600.a(ab_airoha_vcmd.o)
 .text.DRV_ADC_Calibration
                0x00095f62       0x5e output/\lib1600.a(drv_adc.o)
                0x00095f62                DRV_ADC_Calibration
 .text.DRV_ADC_Read
                0x00095fc0       0xa8 output/\lib1600.a(drv_adc.o)
                0x00095fc0                DRV_ADC_Read
 .text.DRV_CLK_SysSel
                0x00096068       0x58 output/\lib1600.a(drv_clk.o)
                0x00096068                DRV_CLK_SysSel
 .text.DRV_CLK_16MSel
                0x000960c0       0x1c output/\lib1600.a(drv_clk.o)
                0x000960c0                DRV_CLK_16MSel
 .text.DRV_CLK_32KSel
                0x000960dc       0x20 output/\lib1600.a(drv_clk.o)
                0x000960dc                DRV_CLK_32KSel
 .text.DRV_CLK_PLLEn
                0x000960fc       0x34 output/\lib1600.a(drv_clk.o)
                0x000960fc                DRV_CLK_PLLEn
 .text.DRV_CLK_En
                0x00096130       0xa4 output/\lib1600.a(drv_clk.o)
                0x00096130                DRV_CLK_En
 .text.DRV_CLK_Calibration
                0x000961d4       0xe2 output/\lib1600.a(drv_clk.o)
                0x000961d4                DRV_CLK_Calibration
 .text.DRV_CLK_TMR0Sel
                0x000962b6       0x30 output/\lib1600.a(drv_clk.o)
                0x000962b6                DRV_CLK_TMR0Sel
 .text.DRV_Gpio_IntrHandler
                0x000962e6       0x38 output/\lib1600.a(drv_gpio.o)
 .text.DRV_Gpio_IntDis
                0x0009631e       0x24 output/\lib1600.a(drv_gpio.o)
                0x0009631e                DRV_Gpio_IntDis
 .text.DRV_Gpio_DirSet
                0x00096342       0x22 output/\lib1600.a(drv_gpio.o)
                0x00096342                DRV_Gpio_DirSet
 .text.DRV_Gpio_ValSet
                0x00096364       0x22 output/\lib1600.a(drv_gpio.o)
                0x00096364                DRV_Gpio_ValSet
 .text.DRV_Gpio_PinValGet
                0x00096386       0x1a output/\lib1600.a(drv_gpio.o)
                0x00096386                DRV_Gpio_PinValGet
 .text.DRV_Gpio_PullSet
                0x000963a0       0x62 output/\lib1600.a(drv_gpio.o)
                0x000963a0                DRV_Gpio_PullSet
 .text.DRV_Gpio_IntEn
                0x00096402       0x36 output/\lib1600.a(drv_gpio.o)
                0x00096402                DRV_Gpio_IntEn
 .text.DRV_Gpio_IntReg
                0x00096438       0x66 output/\lib1600.a(drv_gpio.o)
                0x00096438                DRV_Gpio_IntReg
 .text.DRV_OdGpio_IeSet
                0x0009649e       0x1e output/\lib1600.a(drv_odgpio.o)
                0x0009649e                DRV_OdGpio_IeSet
 .text.DRV_KeyScan_Dis
                0x000964bc       0x20 output/\lib1600.a(drv_keyscan.o)
                0x000964bc                DRV_KeyScan_Dis
 .text.DRV_KeyScan_En
                0x000964dc       0x2e output/\lib1600.a(drv_keyscan.o)
                0x000964dc                DRV_KeyScan_En
 .text.KeyScanIsr
                0x0009650a       0x74 output/\lib1600.a(drv_keyscan.o)
 .text.DRV_KeyScan_Init
                0x0009657e       0xee output/\lib1600.a(drv_keyscan.o)
                0x0009657e                DRV_KeyScan_Init
 .text.DRV_Led_Set
                0x0009666c      0x174 output/\lib1600.a(drv_led.o)
                0x0009666c                DRV_Led_Set
 .text.DRV_Led_Start
                0x000967e0       0x18 output/\lib1600.a(drv_led.o)
                0x000967e0                DRV_Led_Start
 .text.DRV_Led_StartFollow
                0x000967f8       0x42 output/\lib1600.a(drv_led.o)
                0x000967f8                DRV_Led_StartFollow
 .text.DRV_Led_Stop
                0x0009683a       0x22 output/\lib1600.a(drv_led.o)
                0x0009683a                DRV_Led_Stop
 .text.MIC_IntHandler
                0x0009685c       0x40 output/\lib1600.a(drv_mic.o)
                0x0009685c                MIC_IntHandler
 .text.DRV_Mic_Disable
                0x0009689c       0x42 output/\lib1600.a(drv_mic.o)
                0x0009689c                DRV_Mic_Disable
 .text.DRV_Mic_Enable
                0x000968de       0x36 output/\lib1600.a(drv_mic.o)
                0x000968de                DRV_Mic_Enable
 .text.DRV_Mic_Init
                0x00096914       0xb2 output/\lib1600.a(drv_mic.o)
                0x00096914                DRV_Mic_Init
 .text.DRV_OdPinMux_GrpSet
                0x000969c6       0x50 output/\lib1600.a(drv_odpinmux.o)
                0x000969c6                DRV_OdPinMux_GrpSet
 .text.DRV_OdPinMux_SigSet
                0x00096a16       0x3a output/\lib1600.a(drv_odpinmux.o)
                0x00096a16                DRV_OdPinMux_SigSet
 .text.set_aio  0x00096a50       0x66 output/\lib1600.a(drv_pinmux.o)
 .text.DRV_PinMux_GrpSet
                0x00096ab6      0x134 output/\lib1600.a(drv_pinmux.o)
                0x00096ab6                DRV_PinMux_GrpSet
 .text.DRV_PinMux_SigSet
                0x00096bea       0x8e output/\lib1600.a(drv_pinmux.o)
                0x00096bea                DRV_PinMux_SigSet
 .text.DRV_Pwr_EnterMode
                0x00096c78       0x7c output/\lib1600.a(drv_pwr.o)
                0x00096c78                DRV_Pwr_EnterMode
 .text.DRV_Pwr_BootFrom
                0x00096cf4       0xce output/\lib1600.a(drv_pwr.o)
                0x00096cf4                DRV_Pwr_BootFrom
 .text.SPI1_InterruptHandler
                0x00096dc2       0x40 output/\lib1600.a(drv_spi.o)
 .text.SPI2_InterruptHandler
                0x00096e02       0x40 output/\lib1600.a(drv_spi.o)
 .text.DRV_SPI_Deinit
                0x00096e42       0x20 output/\lib1600.a(drv_spi.o)
                0x00096e42                DRV_SPI_Deinit
 .text.DRV_SPI_WriteRead
                0x00096e62       0xa0 output/\lib1600.a(drv_spi.o)
                0x00096e62                DRV_SPI_WriteRead
 .text.DRV_SPI_IsReady
                0x00096f02       0x10 output/\lib1600.a(drv_spi.o)
                0x00096f02                DRV_SPI_IsReady
 .text.DRV_SPI_ChangeDuplex
                0x00096f12       0x28 output/\lib1600.a(drv_spi.o)
                0x00096f12                DRV_SPI_ChangeDuplex
 .text.DRV_SPI_Int
                0x00096f3a       0x60 output/\lib1600.a(drv_spi.o)
                0x00096f3a                DRV_SPI_Int
 .text.DRV_SPI_Init
                0x00096f9a      0x184 output/\lib1600.a(drv_spi.o)
                0x00096f9a                DRV_SPI_Init
 .text.Timer32B0InterruptHandler
                0x0009711e       0xde output/\lib1600.a(drv_timer32b0.o)
 .text.DRV_TMR32B0_Disable
                0x000971fc       0x18 output/\lib1600.a(drv_timer32b0.o)
                0x000971fc                DRV_TMR32B0_Disable
 .text.DRV_TMR32B0_TickGet
                0x00097214        0xc output/\lib1600.a(drv_timer32b0.o)
                0x00097214                DRV_TMR32B0_TickGet
 .text.DRV_TMR32B0_NotifyEnable
                0x00097220       0xb0 output/\lib1600.a(drv_timer32b0.o)
                0x00097220                DRV_TMR32B0_NotifyEnable
 .text.DRV_TMR32B0_NotifyDisable
                0x000972d0       0x86 output/\lib1600.a(drv_timer32b0.o)
                0x000972d0                DRV_TMR32B0_NotifyDisable
 .text.DRV_TMR32B0_Enable
                0x00097356       0x2c output/\lib1600.a(drv_timer32b0.o)
                0x00097356                DRV_TMR32B0_Enable
 .text.DRV_Uart_SetBaud
                0x00097382       0xc6 output/\lib1600.a(drv_uart.o)
                0x00097382                DRV_Uart_SetBaud
 .text.DRV_Uart_Recidue
                0x00097448       0x1a output/\lib1600.a(drv_uart.o)
                0x00097448                DRV_Uart_Recidue
 .text.DRV_Uart_IsIdle
                0x00097462       0x2e output/\lib1600.a(drv_uart.o)
                0x00097462                DRV_Uart_IsIdle
 .text.DRV_Uart_IntDis
                0x00097490       0x34 output/\lib1600.a(drv_uart.o)
                0x00097490                DRV_Uart_IntDis
 .text.DRV_Uart_IntEn
                0x000974c4       0x30 output/\lib1600.a(drv_uart.o)
                0x000974c4                DRV_Uart_IntEn
 .text.DRV_Uart_Flush
                0x000974f4      0x11a output/\lib1600.a(drv_uart.o)
                0x000974f4                DRV_Uart_Flush
 .text.DRV_Uart_Write
                0x0009760e       0xdc output/\lib1600.a(drv_uart.o)
                0x0009760e                DRV_Uart_Write
 .text.DRV_Uart_Read
                0x000976ea      0x104 output/\lib1600.a(drv_uart.o)
                0x000976ea                DRV_Uart_Read
 .text.DRV_Uart_Drop
                0x000977ee      0x106 output/\lib1600.a(drv_uart.o)
                0x000977ee                DRV_Uart_Drop
 .text.UART2_RxDmaHandler
                0x000978f4       0x6e output/\lib1600.a(drv_uart.o)
 .text.UART2InterruptHandler
                0x00097962       0x64 output/\lib1600.a(drv_uart.o)
 .text.UART_RxDmaHandler
                0x000979c6       0xc8 output/\lib1600.a(drv_uart.o)
 .text.UARTInterruptHandler
                0x00097a8e       0x62 output/\lib1600.a(drv_uart.o)
 .text.DRV_Uart_Deinit
                0x00097af0       0x70 output/\lib1600.a(drv_uart.o)
                0x00097af0                DRV_Uart_Deinit
 .text.DRV_Uart_Init
                0x00097b60      0x1d0 output/\lib1600.a(drv_uart.o)
                0x00097b60                DRV_Uart_Init
 .text.DRV_WDT_Kick
                0x00097d30       0x1c output/\lib1600.a(drv_wdt.o)
                0x00097d30                DRV_WDT_Kick
 .text.DRV_WDT_Enable
                0x00097d4c       0x62 output/\lib1600.a(drv_wdt.o)
                0x00097d4c                DRV_WDT_Enable
 .text.wdt_int  0x00097dae        0xc output/\lib1600.a(drv_wdt.o)
 .text.BAS_update_battery_level
                0x00097dba       0x1e output/\lib1600.a(service_battery.o)
                0x00097dba                BAS_update_battery_level
 .text.BAS_init
                0x00097dd8       0xb0 output/\lib1600.a(service_battery.o)
                0x00097dd8                BAS_init
 .text.OTA_change_permission
                0x00097e88       0x16 output/\lib1600.a(service_device_firmware_update_OTA.o)
                0x00097e88                OTA_change_permission
 .text.OTA_init
                0x00097e9e       0xaa output/\lib1600.a(service_device_firmware_update_OTA.o)
                0x00097e9e                OTA_init
 .text._OTA_read_bootcode_ver
                0x00097f48       0x48 output/\lib1600.a(service_device_firmware_update_OTA.o)
                0x00097f48                _OTA_read_bootcode_ver
 .text._OTA_change_area
                0x00097f90       0x42 output/\lib1600.a(service_device_firmware_update_OTA.o)
                0x00097f90                _OTA_change_area
 .text._OTA_write_flash
                0x00097fd2      0x110 output/\lib1600.a(service_device_firmware_update_OTA.o)
                0x00097fd2                _OTA_write_flash
 .text._OTA_erase_flash
                0x000980e2       0xb0 output/\lib1600.a(service_device_firmware_update_OTA.o)
                0x000980e2                _OTA_erase_flash
 .text._OTA_read_status_ex
                0x00098192       0xc0 output/\lib1600.a(service_device_firmware_update_OTA.o)
                0x00098192                _OTA_read_status_ex
 .text._OTA_read_status
                0x00098252       0xbc output/\lib1600.a(service_device_firmware_update_OTA.o)
                0x00098252                _OTA_read_status
 .text._OTA_command_CB
                0x0009830e       0x7a output/\lib1600.a(service_device_firmware_update_OTA.o)
                0x0009830e                _OTA_command_CB
 .text._dis_add_char
                0x00098388       0x4e output/\lib1600.a(service_device_information.o)
 .text.DIS_init
                0x000983d6       0x9e output/\lib1600.a(service_device_information.o)
                0x000983d6                DIS_init
 .text.GAS_init
                0x00098474      0x128 output/\lib1600.a(service_generic_access.o)
                0x00098474                GAS_init
 .text.GATT_init
                0x0009859c       0x9a output/\lib1600.a(service_generic_attribute.o)
                0x0009859c                GATT_init
 .text.HIDS_add_report
                0x00098636       0xd8 output/\lib1600.a(service_human_interface_device.o)
                0x00098636                HIDS_add_report
 .text.HIDS_init
                0x0009870e      0x146 output/\lib1600.a(service_human_interface_device.o)
                0x0009870e                HIDS_init
 .text.AB_console_handle
                0x00098854       0x24 output/\lib1600.a(console.o)
                0x00098854                AB_console_handle
 .text.AB_console_init
                0x00098878       0x70 output/\lib1600.a(console.o)
                0x00098878                AB_console_init
 .text.shell_parse_line
                0x000988e8       0x8a output/\lib1600.a(shell.o)
 .text.shell_history_save
                0x00098972       0x42 output/\lib1600.a(shell.o)
 .text.shell_find_cmd
                0x000989b4       0x4a output/\lib1600.a(shell.o)
 .text.shell_printf
                0x000989fe       0x2e output/\lib1600.a(shell.o)
 .text.shell_history_search
                0x00098a2c       0xe0 output/\lib1600.a(shell.o)
 .text.shell_show_title
                0x00098b0c      0x3a8 output/\lib1600.a(shell.o)
 .text.AB_shell_main_loop
                0x00098eb4      0x692 output/\lib1600.a(shell.o)
                0x00098eb4                AB_shell_main_loop
 .text.AB_shell_main_title
                0x00099546       0x38 output/\lib1600.a(shell.o)
                0x00099546                AB_shell_main_title
 .text.exceptf  0x0009957e        0xe output/\lib1600.a(ab_debug.o)
 .text.AB_Debug_CpuExceptionMonitor
                0x0009958c       0x78 output/\lib1600.a(ab_debug.o)
                0x0009958c                AB_Debug_CpuExceptionMonitor
 .text.exception8
                0x00099604       0x14 output/\lib1600.a(ab_debug.o)
 .text.exception7
                0x00099618       0x14 output/\lib1600.a(ab_debug.o)
 .text.exception6
                0x0009962c       0x14 output/\lib1600.a(ab_debug.o)
 .text.exception5
                0x00099640       0x14 output/\lib1600.a(ab_debug.o)
 .text.exception4
                0x00099654       0x14 output/\lib1600.a(ab_debug.o)
 .text.exception3
                0x00099668       0x14 output/\lib1600.a(ab_debug.o)
 .text.exception2
                0x0009967c       0x14 output/\lib1600.a(ab_debug.o)
 .text.exception1
                0x00099690       0x14 output/\lib1600.a(ab_debug.o)
 .text.AB_DFU_set_active_code_area
                0x000996a4       0xda output/\lib1600.a(dfu.o)
                0x000996a4                AB_DFU_set_active_code_area
 .text.AB_DFU_write_flash
                0x0009977e       0x16 output/\lib1600.a(dfu.o)
                0x0009977e                AB_DFU_write_flash
 .text.AB_DFU_erase_flash
                0x00099794       0x2c output/\lib1600.a(dfu.o)
                0x00099794                AB_DFU_erase_flash
 .text.ab_modue_enum
                0x000997c0       0x1e output/\lib1600.a(ab_module.o)
 .text.AB_module_count
                0x000997de       0x40 output/\lib1600.a(ab_module.o)
                0x000997de                AB_module_count
 .text.AB_module_get
                0x0009981e       0x24 output/\lib1600.a(ab_module.o)
                0x0009981e                AB_module_get
 .text.SERIALFLASH_SetPatternAndStart
                0x00099842       0x1e output/\lib1600.a(drv_flash.o)
 .text._MXIC_WB_Flash_WaitForReady
                0x00099860       0x50 output/\lib1600.a(drv_flash.o)
 .text.DRV_Flash_ByteProgram
                0x000998b0      0x104 output/\lib1600.a(drv_flash.o)
                0x000998b0                DRV_Flash_ByteProgram
 .text.DRV_Flash_PageProgram
                0x000999b4      0x1ac output/\lib1600.a(drv_flash.o)
                0x000999b4                DRV_Flash_PageProgram
 .text.Drv_Flash_BlockSectorErase
                0x00099b60       0x72 output/\lib1600.a(drv_flash.o)
 .text.DRV_Flash_Block_64KB_Erase
                0x00099bd2        0xa output/\lib1600.a(drv_flash.o)
                0x00099bd2                DRV_Flash_Block_64KB_Erase
 .text.DRV_Flash_Block_32KB_Erase
                0x00099bdc        0xa output/\lib1600.a(drv_flash.o)
                0x00099bdc                DRV_Flash_Block_32KB_Erase
 .text.DRV_Flash_SectorErase
                0x00099be6        0xa output/\lib1600.a(drv_flash.o)
                0x00099be6                DRV_Flash_SectorErase
 .text.hci_h4_decode
                0x00099bf0      0x172 components/BT/release/\libbtcore.a(hci_h4_parser.o)
                0x00099bf0                hci_h4_decode
 .text.hci_h4_encode_dat
                0x00099d62       0x42 components/BT/release/\libbtcore.a(hci_h4_parser.o)
                0x00099d62                hci_h4_encode_dat
 .text.hci_h4_encode_cmd
                0x00099da4       0x3c components/BT/release/\libbtcore.a(hci_h4_parser.o)
                0x00099da4                hci_h4_encode_cmd
 .text.bt_infom_ap
                0x00099de0        0xc components/BT/release/\libbtcore.a(bt.o)
                0x00099de0                bt_infom_ap
 .text.BT_Log_Enable
                0x00099dec        0xa components/BT/release/\libbtcore.a(bt.o)
                0x00099dec                BT_Log_Enable
 .text.BT_Pause_Tx
                0x00099df6        0xa components/BT/release/\libbtcore.a(bt.o)
                0x00099df6                BT_Pause_Tx
 .text.BT_Pending_TxCnt
                0x00099e00        0x8 components/BT/release/\libbtcore.a(bt.o)
                0x00099e00                BT_Pending_TxCnt
 .text.BT_InitEx2
                0x00099e08      0x174 components/BT/release/\libbtcore.a(bt.o)
                0x00099e08                BT_InitEx2
 .text.hci_init_done
                0x00099f7c       0x2e components/BT/release/\libbtcore.a(bt.o)
 .text.bt_init_read_buf_size
                0x00099faa       0x90 components/BT/release/\libbtcore.a(bt.o)
 .text.ble_gap_disconnect
                0x0009a03a       0x28 components/BT/release/\libbtcore.a(ble_gap.o)
                0x0009a03a                ble_gap_disconnect
 .text.generic_status_complete_cb
                0x0009a062       0x24 components/BT/release/\libbtcore.a(ble_gap.o)
 .text.generic_encrypt_cb
                0x0009a086       0x16 components/BT/release/\libbtcore.a(ble_gap.o)
 .text.generic_conn_update_cb
                0x0009a09c       0x16 components/BT/release/\libbtcore.a(ble_gap.o)
 .text.generic_disconnect_cb
                0x0009a0b2       0x16 components/BT/release/\libbtcore.a(ble_gap.o)
 .text.ble_gap_init
                0x0009a0c8       0x3a components/BT/release/\libbtcore.a(ble_gap.o)
                0x0009a0c8                ble_gap_init
 .text.ble_gap_adv_stop
                0x0009a102       0x24 components/BT/release/\libbtcore.a(ble_gap.o)
                0x0009a102                ble_gap_adv_stop
 .text.set_adv_parm_cb
                0x0009a126       0x2c components/BT/release/\libbtcore.a(ble_gap.o)
 .text.gap_init_cb
                0x0009a152       0x44 components/BT/release/\libbtcore.a(ble_gap.o)
 .text.generic_complete_cb
                0x0009a196       0xb8 components/BT/release/\libbtcore.a(ble_gap.o)
 .text.ble_gap_start_encrypt
                0x0009a24e       0x2c components/BT/release/\libbtcore.a(ble_gap.o)
                0x0009a24e                ble_gap_start_encrypt
 .text.ble_gap_address_set
                0x0009a27a       0x92 components/BT/release/\libbtcore.a(ble_gap.o)
                0x0009a27a                ble_gap_address_set
 .text.ble_gap_conn_param_update
                0x0009a30c       0x8c components/BT/release/\libbtcore.a(ble_gap.o)
                0x0009a30c                ble_gap_conn_param_update
 .text.ble_gap_adv_start
                0x0009a398       0xc8 components/BT/release/\libbtcore.a(ble_gap.o)
                0x0009a398                ble_gap_adv_start
 .text.ble_gap_scan_data_set
                0x0009a460       0x40 components/BT/release/\libbtcore.a(ble_gap.o)
                0x0009a460                ble_gap_scan_data_set
 .text.ble_gap_adv_data_set
                0x0009a4a0       0x40 components/BT/release/\libbtcore.a(ble_gap.o)
                0x0009a4a0                ble_gap_adv_data_set
 .text.ble_gap_event_handler
                0x0009a4e0      0x228 components/BT/release/\libbtcore.a(ble_gap.o)
                0x0009a4e0                ble_gap_event_handler
 .text.ble_gap_link_GetAttr_OwnerType
                0x0009a708       0x16 components/BT/release/\libbtcore.a(ble_gap_links.o)
                0x0009a708                ble_gap_link_GetAttr_OwnerType
 .text.ble_gap_link_GetAttr_OwnerAddr
                0x0009a71e       0x1e components/BT/release/\libbtcore.a(ble_gap_links.o)
                0x0009a71e                ble_gap_link_GetAttr_OwnerAddr
 .text.ble_gap_link_GetAttr_Handle
                0x0009a73c       0x26 components/BT/release/\libbtcore.a(ble_gap_links.o)
                0x0009a73c                ble_gap_link_GetAttr_Handle
 .text.ble_gap_link_GetIdx_ByHandle
                0x0009a762       0x30 components/BT/release/\libbtcore.a(ble_gap_links.o)
                0x0009a762                ble_gap_link_GetIdx_ByHandle
 .text.ble_gap_link_GetAttr_BdAddr
                0x0009a792       0x14 components/BT/release/\libbtcore.a(ble_gap_links.o)
                0x0009a792                ble_gap_link_GetAttr_BdAddr
 .text.ble_gap_link_GetAttr_BdAddrType
                0x0009a7a6       0x14 components/BT/release/\libbtcore.a(ble_gap_links.o)
                0x0009a7a6                ble_gap_link_GetAttr_BdAddrType
 .text.ble_gap_link_GetIdx_Empty
                0x0009a7ba       0x1e components/BT/release/\libbtcore.a(ble_gap_links.o)
                0x0009a7ba                ble_gap_link_GetIdx_Empty
 .text.ble_gap_link_SetAttr_Auth
                0x0009a7d8       0x16 components/BT/release/\libbtcore.a(ble_gap_links.o)
                0x0009a7d8                ble_gap_link_SetAttr_Auth
 .text.ble_gap_link_GetAttr_Auth
                0x0009a7ee       0x16 components/BT/release/\libbtcore.a(ble_gap_links.o)
                0x0009a7ee                ble_gap_link_GetAttr_Auth
 .text.ble_gap_link_SetAttr_Enc
                0x0009a804       0x16 components/BT/release/\libbtcore.a(ble_gap_links.o)
                0x0009a804                ble_gap_link_SetAttr_Enc
 .text.ble_gap_link_GetAttr_Enc
                0x0009a81a       0x16 components/BT/release/\libbtcore.a(ble_gap_links.o)
                0x0009a81a                ble_gap_link_GetAttr_Enc
 .text.ble_gap_link_SetAttr_State
                0x0009a830       0x16 components/BT/release/\libbtcore.a(ble_gap_links.o)
                0x0009a830                ble_gap_link_SetAttr_State
 .text.ble_gap_link_Del
                0x0009a846       0x1e components/BT/release/\libbtcore.a(ble_gap_links.o)
                0x0009a846                ble_gap_link_Del
 .text.ble_gap_link_Add
                0x0009a864       0x1c components/BT/release/\libbtcore.a(ble_gap_links.o)
                0x0009a864                ble_gap_link_Add
 .text.ble_gap_link_GetAttr_Role
                0x0009a880       0x14 components/BT/release/\libbtcore.a(ble_gap_links.o)
                0x0009a880                ble_gap_link_GetAttr_Role
 .text.ble_gap_link_SetAttr_Data
                0x0009a894       0x28 components/BT/release/\libbtcore.a(ble_gap_links.o)
                0x0009a894                ble_gap_link_SetAttr_Data
 .text.ble_gap_link_GetAttr_Data
                0x0009a8bc       0x30 components/BT/release/\libbtcore.a(ble_gap_links.o)
                0x0009a8bc                ble_gap_link_GetAttr_Data
 .text.ble_gap_link_GetIdx_ByBdAddr
                0x0009a8ec       0x30 components/BT/release/\libbtcore.a(ble_gap_links.o)
                0x0009a8ec                ble_gap_link_GetIdx_ByBdAddr
 .text.ble_gap_link_Add_Ex
                0x0009a91c       0x68 components/BT/release/\libbtcore.a(ble_gap_links.o)
                0x0009a91c                ble_gap_link_Add_Ex
 .text.ble_gap_link_Is_ValidAddr
                0x0009a984       0x12 components/BT/release/\libbtcore.a(ble_gap_links.o)
                0x0009a984                ble_gap_link_Is_ValidAddr
 .text.BLE_gap_sm_init
                0x0009a996        0x8 components/BT/release/\libbtcore.a(ble_gap_sm.o)
                0x0009a996                BLE_gap_sm_init
 .text.BLE_gap_sm_get_last_paired_device
                0x0009a99e        0x8 components/BT/release/\libbtcore.a(ble_gap_sm.o)
                0x0009a99e                BLE_gap_sm_get_last_paired_device
 .text.BLE_gap_sm_delete_paired_record
                0x0009a9a6        0xa components/BT/release/\libbtcore.a(ble_gap_sm.o)
                0x0009a9a6                BLE_gap_sm_delete_paired_record
 .text.BLE_gap_sm_set_security_param
                0x0009a9b0       0x38 components/BT/release/\libbtcore.a(ble_gap_sm.o)
                0x0009a9b0                BLE_gap_sm_set_security_param
 .text.BLE_gap_sm_disconnected
                0x0009a9e8        0xe components/BT/release/\libbtcore.a(ble_gap_sm.o)
                0x0009a9e8                BLE_gap_sm_disconnected
 .text.BLE_gap_sm_set_link_auth
                0x0009a9f6       0x3e components/BT/release/\libbtcore.a(ble_gap_sm.o)
                0x0009a9f6                BLE_gap_sm_set_link_auth
 .text.BLE_gap_sm_authenticate
                0x0009aa34       0x2e components/BT/release/\libbtcore.a(ble_gap_sm.o)
                0x0009aa34                BLE_gap_sm_authenticate
 .text.BLE_gap_sm_encryption_change
                0x0009aa62       0x4e components/BT/release/\libbtcore.a(ble_gap_sm.o)
                0x0009aa62                BLE_gap_sm_encryption_change
 .text.BLE_gap_sm_ltk_request
                0x0009aab0       0x1c components/BT/release/\libbtcore.a(ble_gap_sm.o)
                0x0009aab0                BLE_gap_sm_ltk_request
 .text.BLE_gap_sm_gen_dhkey_complete
                0x0009aacc        0x8 components/BT/release/\libbtcore.a(ble_gap_sm.o)
                0x0009aacc                BLE_gap_sm_gen_dhkey_complete
 .text.BLE_gap_sm_read_public_key_complete
                0x0009aad4        0x8 components/BT/release/\libbtcore.a(ble_gap_sm.o)
                0x0009aad4                BLE_gap_sm_read_public_key_complete
 .text.l2cap_find_cidcb
                0x0009aadc       0x28 components/BT/release/\libbtcore.a(ble_l2cap.o)
 .text.l2cap_notify
                0x0009ab04       0x30 components/BT/release/\libbtcore.a(ble_l2cap.o)
                0x0009ab04                l2cap_notify
 .text.l2cap_pdu_dispatch
                0x0009ab34       0x24 components/BT/release/\libbtcore.a(ble_l2cap.o)
                0x0009ab34                l2cap_pdu_dispatch
 .text.BLE_l2cap_cid_register
                0x0009ab58       0x16 components/BT/release/\libbtcore.a(ble_l2cap.o)
                0x0009ab58                BLE_l2cap_cid_register
 .text.l2cap_init
                0x0009ab6e       0x12 components/BT/release/\libbtcore.a(ble_l2cap.o)
                0x0009ab6e                l2cap_init
 .text.l2cap_hci_fragment
                0x0009ab80       0x4e components/BT/release/\libbtcore.a(ble_l2cap.o)
                0x0009ab80                l2cap_hci_fragment
 .text.l2cap_hci_recombine
                0x0009abce      0x1d4 components/BT/release/\libbtcore.a(ble_l2cap.o)
                0x0009abce                l2cap_hci_recombine
 .text.l2cap_lesig_error_rsp
                0x0009ada2       0x32 components/BT/release/\libbtcore.a(l2cap_le_sig.o)
                0x0009ada2                l2cap_lesig_error_rsp
 .text.l2cap_lesig_conn_param_update_req
                0x0009add4       0x2c components/BT/release/\libbtcore.a(l2cap_le_sig.o)
                0x0009add4                l2cap_lesig_conn_param_update_req
 .text.l2cap_lesig_init
                0x0009ae00       0x12 components/BT/release/\libbtcore.a(l2cap_le_sig.o)
                0x0009ae00                l2cap_lesig_init
 .text.le_sig_cid_evt_cb
                0x0009ae12       0xa6 components/BT/release/\libbtcore.a(l2cap_le_sig.o)
                0x0009ae12                le_sig_cid_evt_cb
 .text.ATT_UnknownPduHadler
                0x0009aeb8        0x4 components/BT/release/\libbtcore.a(ble_att.o)
 .text.ATT_transaction_timeout_cb
                0x0009aebc       0x1a components/BT/release/\libbtcore.a(ble_att.o)
                0x0009aebc                ATT_transaction_timeout_cb
 .text.ATT_is_in_transaction
                0x0009aed6       0x10 components/BT/release/\libbtcore.a(ble_att.o)
                0x0009aed6                ATT_is_in_transaction
 .text.ATT_BinarySearchIndexByHandle
                0x0009aee6       0x5e components/BT/release/\libbtcore.a(ble_att.o)
 .text.ATT_CheckHandle
                0x0009af44       0x18 components/BT/release/\libbtcore.a(ble_att.o)
 .text.ATT_CALLBACK
                0x0009af5c       0x32 components/BT/release/\libbtcore.a(ble_att.o)
 .text.ATT_ReturnGroupEndIndex
                0x0009af8e       0x66 components/BT/release/\libbtcore.a(ble_att.o)
 .text.ATT_SetU16LE
                0x0009aff4        0xc components/BT/release/\libbtcore.a(ble_att.o)
                0x0009aff4                ATT_SetU16LE
 .text.ATT_GetU16LE
                0x0009b000       0x10 components/BT/release/\libbtcore.a(ble_att.o)
                0x0009b000                ATT_GetU16LE
 .text.BLE_att_get_attribute_length
                0x0009b010       0x2a components/BT/release/\libbtcore.a(ble_att.o)
                0x0009b010                BLE_att_get_attribute_length
 .text.ATT_ConvertToUUID128
                0x0009b03a       0x36 components/BT/release/\libbtcore.a(ble_att.o)
 .text.ATT_ReleasePWQ
                0x0009b070       0x2a components/BT/release/\libbtcore.a(ble_att.o)
 .text.ATT_AllocRspDataPdu
                0x0009b09a       0x28 components/BT/release/\libbtcore.a(ble_att.o)
 .text.ATT_CheckAccessPermission
                0x0009b0c2       0x70 components/BT/release/\libbtcore.a(ble_att.o)
 .text.ATT_CheckWritePermission
                0x0009b132       0x20 components/BT/release/\libbtcore.a(ble_att.o)
 .text.ATT_CheckReadPermission
                0x0009b152       0x1e components/BT/release/\libbtcore.a(ble_att.o)
 .text.ATT_IsSameValue
                0x0009b170        0xe components/BT/release/\libbtcore.a(ble_att.o)
 .text.BLE_att_set_attribute_length
                0x0009b17e       0x7c components/BT/release/\libbtcore.a(ble_att.o)
                0x0009b17e                BLE_att_set_attribute_length
 .text.ATT_end_transaction
                0x0009b1fa       0x26 components/BT/release/\libbtcore.a(ble_att.o)
                0x0009b1fa                ATT_end_transaction
 .text.ATT_ServerGetConfirmation
                0x0009b220       0x26 components/BT/release/\libbtcore.a(ble_att.o)
 .text.ATT_start_transaction
                0x0009b246       0x34 components/BT/release/\libbtcore.a(ble_att.o)
                0x0009b246                ATT_start_transaction
 .text.ATT_SendPduToL2CAP
                0x0009b27a       0x12 components/BT/release/\libbtcore.a(ble_att.o)
                0x0009b27a                ATT_SendPduToL2CAP
 .text.ATT_SendErrorRsp
                0x0009b28c       0x26 components/BT/release/\libbtcore.a(ble_att.o)
 .text.ATT_ServerGetExecuteWriteReq
                0x0009b2b2       0xde components/BT/release/\libbtcore.a(ble_att.o)
 .text.ATT_ServerGetPrepareWriteReq
                0x0009b390       0xb2 components/BT/release/\libbtcore.a(ble_att.o)
 .text.ATT_ServerGetWriteMux
                0x0009b442       0xf0 components/BT/release/\libbtcore.a(ble_att.o)
 .text.ATT_ServerGetReadByGroupTypeReq
                0x0009b532      0x18c components/BT/release/\libbtcore.a(ble_att.o)
 .text.ATT_ServerGetReadMultiReq
                0x0009b6be       0xfa components/BT/release/\libbtcore.a(ble_att.o)
 .text.ATT_ServerGetReadBlobReq
                0x0009b7b8       0xfa components/BT/release/\libbtcore.a(ble_att.o)
 .text.ATT_ServerGetReadValueReq
                0x0009b8b2       0xaa components/BT/release/\libbtcore.a(ble_att.o)
 .text.ATT_ServerGetReadByTypeReq
                0x0009b95c      0x222 components/BT/release/\libbtcore.a(ble_att.o)
 .text.ATT_ServerGetFindByTypeValueReq
                0x0009bb7e      0x160 components/BT/release/\libbtcore.a(ble_att.o)
 .text.ATT_ServerGetFindInfoReq
                0x0009bcde      0x1a0 components/BT/release/\libbtcore.a(ble_att.o)
 .text.ATT_ServerGetMtuExchangeReq
                0x0009be7e       0x76 components/BT/release/\libbtcore.a(ble_att.o)
 .text.ATT_HandleValueReportMux
                0x0009bef4       0xc2 components/BT/release/\libbtcore.a(ble_att.o)
                0x0009bef4                ATT_HandleValueReportMux
 .text.att_init
                0x0009bfb6       0x3e components/BT/release/\libbtcore.a(ble_att.o)
                0x0009bfb6                att_init
 .text.ATT_cid_evt_cb
                0x0009bff4       0xf4 components/BT/release/\libbtcore.a(ble_att.o)
                0x0009bff4                ATT_cid_evt_cb
 .text._ble_cccd_common_cb
                0x0009c0e8       0xe0 components/BT/release/\libbtcore.a(ble_gatt_server.o)
                0x0009c0e8                _ble_cccd_common_cb
 .text._ble_gatt_charact_notify_indicate
                0x0009c1c8       0x7c components/BT/release/\libbtcore.a(ble_gatt_server.o)
                0x0009c1c8                _ble_gatt_charact_notify_indicate
 .text.BLE_gatt_charact_notify
                0x0009c244       0x5c components/BT/release/\libbtcore.a(ble_gatt_server.o)
                0x0009c244                BLE_gatt_charact_notify
 .text._ble_gatt_set_uuid
                0x0009c2a0       0x48 components/BT/release/\libbtcore.a(ble_gatt_server.o)
                0x0009c2a0                _ble_gatt_set_uuid
 .text._ble_gatt_new_attribute
                0x0009c2e8       0xc8 components/BT/release/\libbtcore.a(ble_gatt_server.o)
                0x0009c2e8                _ble_gatt_new_attribute
 .text.BLE_gatt_add_charact
                0x0009c3b0       0xfa components/BT/release/\libbtcore.a(ble_gatt_server.o)
                0x0009c3b0                BLE_gatt_add_charact
 .text.BLE_gatt_add_include
                0x0009c4aa      0x102 components/BT/release/\libbtcore.a(ble_gatt_server.o)
                0x0009c4aa                BLE_gatt_add_include
 .text.BLE_gatt_add_service
                0x0009c5ac       0x5e components/BT/release/\libbtcore.a(ble_gatt_server.o)
                0x0009c5ac                BLE_gatt_add_service
 .text._ble_gatt_hook_cccd_and_char
                0x0009c60a       0xb4 components/BT/release/\libbtcore.a(ble_gatt_server.o)
                0x0009c60a                _ble_gatt_hook_cccd_and_char
 .text._ble_gatt_check_cccd
                0x0009c6be       0x64 components/BT/release/\libbtcore.a(ble_gatt_server.o)
                0x0009c6be                _ble_gatt_check_cccd
 .text.BLE_gatt_add_descrip
                0x0009c722       0x3c components/BT/release/\libbtcore.a(ble_gatt_server.o)
                0x0009c722                BLE_gatt_add_descrip
 .text.ATT_Client_GetHandleValueReport
                0x0009c75e       0x8c components/BT/release/\libbtcore.a(ble_gatt_client.o)
                0x0009c75e                ATT_Client_GetHandleValueReport
 .text.SM_GetPairingMethodByRole
                0x0009c7ea       0x22 components/BT/release/\libbtcore.a(sm.o)
                0x0009c7ea                SM_GetPairingMethodByRole
 .text.SM_GetPairingMethod
                0x0009c80c       0x56 components/BT/release/\libbtcore.a(sm.o)
                0x0009c80c                SM_GetPairingMethod
 .text.sm_init  0x0009c862       0x1c components/BT/release/\libbtcore.a(sm.o)
                0x0009c862                sm_init
 .text.SM_FinishPairing
                0x0009c87e       0x7c components/BT/release/\libbtcore.a(sm.o)
                0x0009c87e                SM_FinishPairing
 .text.SM_PairingFailed
                0x0009c8fa       0x1c components/BT/release/\libbtcore.a(sm.o)
                0x0009c8fa                SM_PairingFailed
 .text.SM_SetKeySize
                0x0009c916       0x3c components/BT/release/\libbtcore.a(sm.o)
                0x0009c916                SM_SetKeySize
 .text.SM_StartKeyDistribution
                0x0009c952       0xfc components/BT/release/\libbtcore.a(sm.o)
                0x0009c952                SM_StartKeyDistribution
 .text.SM_WaitKeyDistribution
                0x0009ca4e       0x7a components/BT/release/\libbtcore.a(sm.o)
                0x0009ca4e                SM_WaitKeyDistribution
 .text.SM_LinkDisconnected
                0x0009cac8       0x20 components/BT/release/\libbtcore.a(sm.o)
                0x0009cac8                SM_LinkDisconnected
 .text.SM_CryptoTool_16Byte_XOR
                0x0009cae8       0x1a components/BT/release/\libbtcore.a(sm_cryptotool.o)
 .text.SM_CryptoTool_LeftShiftOneBit
                0x0009cb02       0x28 components/BT/release/\libbtcore.a(sm_cryptotool.o)
 .text.SM_CryptoTool_init
                0x0009cb2a       0x2a components/BT/release/\libbtcore.a(sm_cryptotool.o)
                0x0009cb2a                SM_CryptoTool_init
 .text.f5_finish
                0x0009cb54       0x28 components/BT/release/\libbtcore.a(sm_cryptotool.o)
                0x0009cb54                f5_finish
 .text.f5_generate_ltk_cb
                0x0009cb7c       0x14 components/BT/release/\libbtcore.a(sm_cryptotool.o)
 .text.cmac_finish
                0x0009cb90       0x54 components/BT/release/\libbtcore.a(sm_cryptotool.o)
                0x0009cb90                cmac_finish
 .text.g2_generate_cb
                0x0009cbe4       0x3a components/BT/release/\libbtcore.a(sm_cryptotool.o)
                0x0009cbe4                g2_generate_cb
 .text.ah_generate_cb
                0x0009cc1e       0x34 components/BT/release/\libbtcore.a(sm_cryptotool.o)
                0x0009cc1e                ah_generate_cb
 .text.SM_CryptoTool_ReadLocalP256PublicKeyComplete
                0x0009cc52       0x3c components/BT/release/\libbtcore.a(sm_cryptotool.o)
                0x0009cc52                SM_CryptoTool_ReadLocalP256PublicKeyComplete
 .text.SM_CryptoTool_AES_Cipher
                0x0009cc8e       0x34 components/BT/release/\libbtcore.a(sm_cryptotool.o)
 .text.cmac_generate_SubKey
                0x0009ccc2       0x64 components/BT/release/\libbtcore.a(sm_cryptotool.o)
                0x0009ccc2                cmac_generate_SubKey
 .text.cmac_1   0x0009cd26       0xb2 components/BT/release/\libbtcore.a(sm_cryptotool.o)
                0x0009cd26                cmac_1
 .text.cmac_start
                0x0009cdd8       0x3a components/BT/release/\libbtcore.a(sm_cryptotool.o)
                0x0009cdd8                cmac_start
 .text.AES_CMAC
                0x0009ce12       0x5a components/BT/release/\libbtcore.a(sm_cryptotool.o)
 .text.g2       0x0009ce6c       0x76 components/BT/release/\libbtcore.a(sm_cryptotool.o)
                0x0009ce6c                g2
 .text.f6       0x0009cee2       0x8e components/BT/release/\libbtcore.a(sm_cryptotool.o)
                0x0009cee2                f6
 .text.f5       0x0009cf70       0xb2 components/BT/release/\libbtcore.a(sm_cryptotool.o)
                0x0009cf70                f5
 .text.f5_generate_t_cb
                0x0009d022       0x62 components/BT/release/\libbtcore.a(sm_cryptotool.o)
 .text.f5_generate_mac_key_cb
                0x0009d084       0x52 components/BT/release/\libbtcore.a(sm_cryptotool.o)
 .text.f4       0x0009d0d6       0x66 components/BT/release/\libbtcore.a(sm_cryptotool.o)
                0x0009d0d6                f4
 .text.cmac_generate_SubKey_cb
                0x0009d13c       0x4e components/BT/release/\libbtcore.a(sm_cryptotool.o)
 .text.cmac_1_cb
                0x0009d18a       0x3c components/BT/release/\libbtcore.a(sm_cryptotool.o)
 .text.s1       0x0009d1c6       0x5a components/BT/release/\libbtcore.a(sm_cryptotool.o)
                0x0009d1c6                s1
 .text.c1_2     0x0009d220       0x56 components/BT/release/\libbtcore.a(sm_cryptotool.o)
                0x0009d220                c1_2
 .text.c1_1     0x0009d276       0x56 components/BT/release/\libbtcore.a(sm_cryptotool.o)
                0x0009d276                c1_1
 .text.ah       0x0009d2cc       0x60 components/BT/release/\libbtcore.a(sm_cryptotool.o)
                0x0009d2cc                ah
 .text.SM_CryptoTool_GenerateDHKey
                0x0009d32c       0x5a components/BT/release/\libbtcore.a(sm_cryptotool.o)
                0x0009d32c                SM_CryptoTool_GenerateDHKey
 .text.SM_CryptoTool_ReadLocalP256PublicKey
                0x0009d386       0x66 components/BT/release/\libbtcore.a(sm_cryptotool.o)
                0x0009d386                SM_CryptoTool_ReadLocalP256PublicKey
 .text.SM_CryptoTool_CommandStatus
                0x0009d3ec       0x48 components/BT/release/\libbtcore.a(sm_cryptotool.o)
 .text.SM_CryptoTool_GenerateDHKeyComplete
                0x0009d434       0x22 components/BT/release/\libbtcore.a(sm_cryptotool.o)
                0x0009d434                SM_CryptoTool_GenerateDHKeyComplete
 .text.SM_CryptoTool_SendLTKNegativeReply
                0x0009d456       0x14 components/BT/release/\libbtcore.a(sm_cryptotool.o)
                0x0009d456                SM_CryptoTool_SendLTKNegativeReply
 .text.SM_CryptoTool_SendLTKReply
                0x0009d46a       0x1e components/BT/release/\libbtcore.a(sm_cryptotool.o)
                0x0009d46a                SM_CryptoTool_SendLTKReply
 .text.sm_hal_flash_get_paired_device_count
                0x0009d488       0x2c components/BT/release/\libbtcore.a(sm_hal.o)
                0x0009d488                sm_hal_flash_get_paired_device_count
 .text.sm_hal_flash_get_last_paired_device
                0x0009d4b4       0x4c components/BT/release/\libbtcore.a(sm_hal.o)
                0x0009d4b4                sm_hal_flash_get_last_paired_device
 .text.sm_hal_flash_isDevice_bonded
                0x0009d500       0x74 components/BT/release/\libbtcore.a(sm_hal.o)
                0x0009d500                sm_hal_flash_isDevice_bonded
 .text.sm_hal_flash_delete_paired_record
                0x0009d574       0x9c components/BT/release/\libbtcore.a(sm_hal.o)
                0x0009d574                sm_hal_flash_delete_paired_record
 .text.sm_hal_flash_load_data
                0x0009d610       0x56 components/BT/release/\libbtcore.a(sm_hal.o)
                0x0009d610                sm_hal_flash_load_data
 .text.sm_hal_protocol_cmd_factory
                0x0009d666       0x10 components/BT/release/\libbtcore.a(sm_hal.o)
                0x0009d666                sm_hal_protocol_cmd_factory
 .text.sm_hal_flash_check_master_info
                0x0009d676      0x188 components/BT/release/\libbtcore.a(sm_hal.o)
 .text.sm_hal_flash_get_ltk
                0x0009d7fe       0x48 components/BT/release/\libbtcore.a(sm_hal.o)
                0x0009d7fe                sm_hal_flash_get_ltk
 .text.SM_hal_flash_ah_cb
                0x0009d846       0xba components/BT/release/\libbtcore.a(sm_hal.o)
                0x0009d846                SM_hal_flash_ah_cb
 .text.sm_hal_cryptoTool_hci_cmd_complete
                0x0009d900       0x2c components/BT/release/\libbtcore.a(sm_hal.o)
 .text.sm_hal_flash_reset_data
                0x0009d92c       0x44 components/BT/release/\libbtcore.a(sm_hal.o)
                0x0009d92c                sm_hal_flash_reset_data
 .text.sm_hal_flash_init_data
                0x0009d970       0x18 components/BT/release/\libbtcore.a(sm_hal.o)
                0x0009d970                sm_hal_flash_init_data
 .text.sm_hal_flash_save_data
                0x0009d988      0x252 components/BT/release/\libbtcore.a(sm_hal.o)
                0x0009d988                sm_hal_flash_save_data
 .text.sm_hal_cryptoTool_hci_send_cmd_ex
                0x0009dbda       0x16 components/BT/release/\libbtcore.a(sm_hal.o)
                0x0009dbda                sm_hal_cryptoTool_hci_send_cmd_ex
 .text.sm_hal_cryptoTool_hci_send_cmd
                0x0009dbf0       0x14 components/BT/release/\libbtcore.a(sm_hal.o)
                0x0009dbf0                sm_hal_cryptoTool_hci_send_cmd
 .text.sm_hal_cryptoTool_init
                0x0009dc04       0x20 components/BT/release/\libbtcore.a(sm_hal.o)
                0x0009dc04                sm_hal_cryptoTool_init
 .text.sm_hal_protocol_init
                0x0009dc24       0x12 components/BT/release/\libbtcore.a(sm_hal.o)
                0x0009dc24                sm_hal_protocol_init
 .text.sm_hal_init
                0x0009dc36       0x18 components/BT/release/\libbtcore.a(sm_hal.o)
                0x0009dc36                sm_hal_init
 .text.sm_hal_protocol_cid_evt_cb
                0x0009dc4e       0x12 components/BT/release/\libbtcore.a(sm_hal.o)
 .text.sm_hal_protocol_send_l2cap_packet
                0x0009dc60       0x18 components/BT/release/\libbtcore.a(sm_hal.o)
                0x0009dc60                sm_hal_protocol_send_l2cap_packet
 .text.sm_hal_infom_auth_status
                0x0009dc78       0x20 components/BT/release/\libbtcore.a(sm_hal.o)
                0x0009dc78                sm_hal_infom_auth_status
 .text.sm_hal_infom_conn_sec_update
                0x0009dc98       0x20 components/BT/release/\libbtcore.a(sm_hal.o)
                0x0009dc98                sm_hal_infom_conn_sec_update
 .text.sm_hal_infom_recv_security_req
                0x0009dcb8       0x2e components/BT/release/\libbtcore.a(sm_hal.o)
                0x0009dcb8                sm_hal_infom_recv_security_req
 .text.sm_hal_infom_passkey_input_req
                0x0009dce6       0x22 components/BT/release/\libbtcore.a(sm_hal.o)
                0x0009dce6                sm_hal_infom_passkey_input_req
 .text.sm_hal_infom_passkey_display_req
                0x0009dd08       0x26 components/BT/release/\libbtcore.a(sm_hal.o)
                0x0009dd08                sm_hal_infom_passkey_display_req
 .text.sm_hal_infom_set_sec_param_req
                0x0009dd2e       0x1c components/BT/release/\libbtcore.a(sm_hal.o)
                0x0009dd2e                sm_hal_infom_set_sec_param_req
 .text.sm_hal_release_timer
                0x0009dd4a        0xa components/BT/release/\libbtcore.a(sm_hal.o)
                0x0009dd4a                sm_hal_release_timer
 .text.sm_hal_set_timer
                0x0009dd54       0x18 components/BT/release/\libbtcore.a(sm_hal.o)
                0x0009dd54                sm_hal_set_timer
 .text.sm_hal_timer_handler
                0x0009dd6c       0x2c components/BT/release/\libbtcore.a(sm_hal.o)
                0x0009dd6c                sm_hal_timer_handler
 .text.sm_hal_get_random_number
                0x0009dd98        0xa components/BT/release/\libbtcore.a(sm_hal.o)
                0x0009dd98                sm_hal_get_random_number
 .text.sm_hal_set_link_encrypted
                0x0009dda2        0xc components/BT/release/\libbtcore.a(sm_hal.o)
                0x0009dda2                sm_hal_set_link_encrypted
 .text.sm_hal_set_link_authenticated
                0x0009ddae        0xc components/BT/release/\libbtcore.a(sm_hal.o)
                0x0009ddae                sm_hal_set_link_authenticated
 .text.sm_hal_get_local_addr_Type
                0x0009ddba       0x10 components/BT/release/\libbtcore.a(sm_hal.o)
                0x0009ddba                sm_hal_get_local_addr_Type
 .text.sm_hal_get_local_addr
                0x0009ddca       0x12 components/BT/release/\libbtcore.a(sm_hal.o)
                0x0009ddca                sm_hal_get_local_addr
 .text.SM_Protocol_RegisterCallback
                0x0009dddc        0xe components/BT/release/\libbtcore.a(sm_protocol.o)
                0x0009dddc                SM_Protocol_RegisterCallback
 .text.SM_Protocol_L2capEventHandler
                0x0009ddea       0x24 components/BT/release/\libbtcore.a(sm_protocol.o)
                0x0009ddea                SM_Protocol_L2capEventHandler
 .text.SM_Protocol_PairingDHKeyCheck
                0x0009de0e       0x28 components/BT/release/\libbtcore.a(sm_protocol.o)
                0x0009de0e                SM_Protocol_PairingDHKeyCheck
 .text.SM_Protocol_PairingPublicKey
                0x0009de36       0x2e components/BT/release/\libbtcore.a(sm_protocol.o)
                0x0009de36                SM_Protocol_PairingPublicKey
 .text.SM_Protocol_PairingRequest
                0x0009de64       0x28 components/BT/release/\libbtcore.a(sm_protocol.o)
                0x0009de64                SM_Protocol_PairingRequest
 .text.SM_Protocol_SecurityRequest
                0x0009de8c       0x36 components/BT/release/\libbtcore.a(sm_protocol.o)
                0x0009de8c                SM_Protocol_SecurityRequest
 .text.SM_Protocol_SigningInfo
                0x0009dec2       0x34 components/BT/release/\libbtcore.a(sm_protocol.o)
                0x0009dec2                SM_Protocol_SigningInfo
 .text.SM_Protocol_IdentityInfo
                0x0009def6       0x34 components/BT/release/\libbtcore.a(sm_protocol.o)
                0x0009def6                SM_Protocol_IdentityInfo
 .text.SM_Protocol_MasterID
                0x0009df2a       0x34 components/BT/release/\libbtcore.a(sm_protocol.o)
                0x0009df2a                SM_Protocol_MasterID
 .text.SM_Protocol_EncryptionInfo
                0x0009df5e       0x34 components/BT/release/\libbtcore.a(sm_protocol.o)
                0x0009df5e                SM_Protocol_EncryptionInfo
 .text.SM_Protocol_PairingRandom
                0x0009df92       0x34 components/BT/release/\libbtcore.a(sm_protocol.o)
                0x0009df92                SM_Protocol_PairingRandom
 .text.SM_Protocol_PairingConfirm
                0x0009dfc6       0x34 components/BT/release/\libbtcore.a(sm_protocol.o)
                0x0009dfc6                SM_Protocol_PairingConfirm
 .text.SM_Protocol_PairingResponse
                0x0009dffa       0x34 components/BT/release/\libbtcore.a(sm_protocol.o)
                0x0009dffa                SM_Protocol_PairingResponse
 .text.SM_Protocol_IdentityAddressInfo
                0x0009e02e       0x82 components/BT/release/\libbtcore.a(sm_protocol.o)
                0x0009e02e                SM_Protocol_IdentityAddressInfo
 .text.SM_Protocol_PairingFailed
                0x0009e0b0      0x130 components/BT/release/\libbtcore.a(sm_protocol.o)
                0x0009e0b0                SM_Protocol_PairingFailed
 .text.SM_Slave_generate_DHKey_handler
                0x0009e1e0       0x34 components/BT/release/\libbtcore.a(sm_slave.o)
 .text.SM_Slave_f5_mac_handler
                0x0009e214       0x1e components/BT/release/\libbtcore.a(sm_slave.o)
 .text.SM_Slave_IdentityInformationHandler
                0x0009e232       0x14 components/BT/release/\libbtcore.a(sm_slave.o)
 .text.SM_Slave_EncryptionInformationHandler
                0x0009e246       0x14 components/BT/release/\libbtcore.a(sm_slave.o)
 .text.SM_Slave_check_Ea
                0x0009e25a       0x90 components/BT/release/\libbtcore.a(sm_slave.o)
 .text.SM_Slave_PairingDHKeyCheckHandler
                0x0009e2ea       0x42 components/BT/release/\libbtcore.a(sm_slave.o)
 .text.SM_Slave_f6_Eb_handler
                0x0009e32c       0x38 components/BT/release/\libbtcore.a(sm_slave.o)
 .text.SM_Slave_f5_ltk_handler
                0x0009e364       0xb2 components/BT/release/\libbtcore.a(sm_slave.o)
 .text.SM_Slave_f6_Ea_handler
                0x0009e416       0x40 components/BT/release/\libbtcore.a(sm_slave.o)